Component: ARM Compiler 5.06 update 7 (build 960) Tool: armlink [4d3601]

==============================================================================

Section Cross References

    startup_stm32h743xx.o(STACK) refers (Special) to heapauxi.o(.text) for __use_two_region_memory
    startup_stm32h743xx.o(HEAP) refers (Special) to heapauxi.o(.text) for __use_two_region_memory
    startup_stm32h743xx.o(RESET) refers (Special) to heapauxi.o(.text) for __use_two_region_memory
    startup_stm32h743xx.o(RESET) refers to startup_stm32h743xx.o(STACK) for __initial_sp
    startup_stm32h743xx.o(RESET) refers to startup_stm32h743xx.o(.text) for Reset_Handler
    startup_stm32h743xx.o(RESET) refers to stm32h7xx_it.o(i.NMI_Handler) for NMI_Handler
    startup_stm32h743xx.o(RESET) refers to stm32h7xx_it.o(i.HardFault_Handler) for HardFault_Handler
    startup_stm32h743xx.o(RESET) refers to stm32h7xx_it.o(i.MemManage_Handler) for MemManage_Handler
    startup_stm32h743xx.o(RESET) refers to stm32h7xx_it.o(i.BusFault_Handler) for BusFault_Handler
    startup_stm32h743xx.o(RESET) refers to stm32h7xx_it.o(i.UsageFault_Handler) for UsageFault_Handler
    startup_stm32h743xx.o(RESET) refers to stm32h7xx_it.o(i.SVC_Handler) for SVC_Handler
    startup_stm32h743xx.o(RESET) refers to stm32h7xx_it.o(i.DebugMon_Handler) for DebugMon_Handler
    startup_stm32h743xx.o(RESET) refers to stm32h7xx_it.o(i.PendSV_Handler) for PendSV_Handler
    startup_stm32h743xx.o(RESET) refers to stm32h7xx_it.o(i.SysTick_Handler) for SysTick_Handler
    startup_stm32h743xx.o(RESET) refers to stm32h7xx_it.o(i.DMA1_Stream0_IRQHandler) for DMA1_Stream0_IRQHandler
    startup_stm32h743xx.o(RESET) refers to stm32h7xx_it.o(i.DMA1_Stream1_IRQHandler) for DMA1_Stream1_IRQHandler
    startup_stm32h743xx.o(RESET) refers to stm32h7xx_it.o(i.DMA1_Stream2_IRQHandler) for DMA1_Stream2_IRQHandler
    startup_stm32h743xx.o(RESET) refers to stm32h7xx_it.o(i.FDCAN1_IT0_IRQHandler) for FDCAN1_IT0_IRQHandler
    startup_stm32h743xx.o(RESET) refers to stm32h7xx_it.o(i.FDCAN2_IT0_IRQHandler) for FDCAN2_IT0_IRQHandler
    startup_stm32h743xx.o(RESET) refers to stm32h7xx_it.o(i.USART3_IRQHandler) for USART3_IRQHandler
    startup_stm32h743xx.o(RESET) refers to stm32h7xx_it.o(i.TIM8_BRK_TIM12_IRQHandler) for TIM8_BRK_TIM12_IRQHandler
    startup_stm32h743xx.o(RESET) refers to stm32h7xx_it.o(i.TIM8_UP_TIM13_IRQHandler) for TIM8_UP_TIM13_IRQHandler
    startup_stm32h743xx.o(RESET) refers to stm32h7xx_it.o(i.TIM8_TRG_COM_TIM14_IRQHandler) for TIM8_TRG_COM_TIM14_IRQHandler
    startup_stm32h743xx.o(RESET) refers to stm32h7xx_it.o(i.TIM6_DAC_IRQHandler) for TIM6_DAC_IRQHandler
    startup_stm32h743xx.o(RESET) refers to stm32h7xx_it.o(i.TIM7_IRQHandler) for TIM7_IRQHandler
    startup_stm32h743xx.o(RESET) refers to stm32h7xx_it.o(i.UART8_IRQHandler) for UART8_IRQHandler
    startup_stm32h743xx.o(.text) refers (Special) to heapauxi.o(.text) for __use_two_region_memory
    startup_stm32h743xx.o(.text) refers to system_stm32h7xx.o(i.SystemInit) for SystemInit
    startup_stm32h743xx.o(.text) refers to __main.o(!!!main) for __main
    startup_stm32h743xx.o(.text) refers to startup_stm32h743xx.o(HEAP) for Heap_Mem
    startup_stm32h743xx.o(.text) refers to startup_stm32h743xx.o(STACK) for Stack_Mem
    lidar.o(i.data_update) refers to lidar.o(.data) for angle_last
    lidar.o(i.data_update) refers to lidar.o(.bss) for nodes
    main.o(i.HAL_TIM_PeriodElapsedCallback) refers to stm32h7xx_hal.o(i.HAL_IncTick) for HAL_IncTick
    main.o(i.HAL_TIM_PeriodElapsedCallback) refers to lidar.o(i.data_update) for data_update
    main.o(i.HAL_TIM_PeriodElapsedCallback) refers to main.o(i.ababab) for ababab
    main.o(i.HAL_TIM_PeriodElapsedCallback) refers to rt_memcpy_w.o(.text) for __aeabi_memcpy4
    main.o(i.HAL_TIM_PeriodElapsedCallback) refers to main.o(.data) for raw_data_flag
    main.o(i.HAL_TIM_PeriodElapsedCallback) refers to main.o(.bss) for raw_data_buffer
    main.o(i.HAL_UART_RxCpltCallback) refers to stm32h7xx_hal_uart.o(i.HAL_UART_Receive_DMA) for HAL_UART_Receive_DMA
    main.o(i.HAL_UART_RxCpltCallback) refers to lidar.o(.data) for lidar_init_flag
    main.o(i.HAL_UART_RxCpltCallback) refers to main.o(.bss) for dma_buffer
    main.o(i.HAL_UART_RxCpltCallback) refers to usart.o(.bss) for huart3
    main.o(i.SystemClock_Config) refers to rt_memclr_w.o(.text) for __aeabi_memclr4
    main.o(i.SystemClock_Config) refers to stm32h7xx_hal_pwr_ex.o(i.HAL_PWREx_ConfigSupply) for HAL_PWREx_ConfigSupply
    main.o(i.SystemClock_Config) refers to stm32h7xx_hal_rcc.o(i.HAL_RCC_OscConfig) for HAL_RCC_OscConfig
    main.o(i.SystemClock_Config) refers to main.o(i.Error_Handler) for Error_Handler
    main.o(i.SystemClock_Config) refers to stm32h7xx_hal_rcc.o(i.HAL_RCC_ClockConfig) for HAL_RCC_ClockConfig
    main.o(i.main) refers to stm32h7xx_hal.o(i.HAL_Init) for HAL_Init
    main.o(i.main) refers to main.o(i.SystemClock_Config) for SystemClock_Config
[...]
    i.TIM_OC6_SetConfig                      0x0800888c   Section        0  stm32h7xx_hal_tim.o(i.TIM_OC6_SetConfig)
    TIM_OC6_SetConfig                        0x0800888d   Thumb Code    88  stm32h7xx_hal_tim.o(i.TIM_OC6_SetConfig)
    i.TIM_TI1_ConfigInputStage               0x080088fc   Section        0  stm32h7xx_hal_tim.o(i.TIM_TI1_ConfigInputStage)
    TIM_TI1_ConfigInputStage                 0x080088fd   Thumb Code    38  stm32h7xx_hal_tim.o(i.TIM_TI1_ConfigInputStage)
    i.TIM_TI2_ConfigInputStage               0x08008922   Section        0  stm32h7xx_hal_tim.o(i.TIM_TI2_ConfigInputStage)
    TIM_TI2_ConfigInputStage                 0x08008923   Thumb Code    40  stm32h7xx_hal_tim.o(i.TIM_TI2_ConfigInputStage)
    i.UART8_IRQHandler                       0x0800894c   Section        0  stm32h7xx_it.o(i.UART8_IRQHandler)
    i.UARTEx_SetNbDataToProcess              0x0800895c   Section        0  stm32h7xx_hal_uart_ex.o(i.UARTEx_SetNbDataToProcess)
    UARTEx_SetNbDataToProcess                0x0800895d   Thumb Code    78  stm32h7xx_hal_uart_ex.o(i.UARTEx_SetNbDataToProcess)
    i.UART_AdvFeatureConfig                  0x080089b4   Section        0  stm32h7xx_hal_uart.o(i.UART_AdvFeatureConfig)
    i.UART_CheckIdleState                    0x08008aac   Section        0  stm32h7xx_hal_uart.o(i.UART_CheckIdleState)
    i.UART_DMAAbortOnError                   0x08008b22   Section        0  stm32h7xx_hal_uart.o(i.UART_DMAAbortOnError)
    UART_DMAAbortOnError                     0x08008b23   Thumb Code    24  stm32h7xx_hal_uart.o(i.UART_DMAAbortOnError)
    i.UART_DMAError                          0x08008b3a   Section        0  stm32h7xx_hal_uart.o(i.UART_DMAError)
    UART_DMAError                            0x08008b3b   Thumb Code    94  stm32h7xx_hal_uart.o(i.UART_DMAError)
    i.UART_DMAReceiveCplt                    0x08008b98   Section        0  stm32h7xx_hal_uart.o(i.UART_DMAReceiveCplt)
    UART_DMAReceiveCplt                      0x08008b99   Thumb Code   170  stm32h7xx_hal_uart.o(i.UART_DMAReceiveCplt)
    i.UART_DMARxHalfCplt                     0x08008c42   Section        0  stm32h7xx_hal_uart.o(i.UART_DMARxHalfCplt)
    UART_DMARxHalfCplt                       0x08008c43   Thumb Code    34  stm32h7xx_hal_uart.o(i.UART_DMARxHalfCplt)
    i.UART_EndRxTransfer                     0x08008c64   Section        0  stm32h7xx_hal_uart.o(i.UART_EndRxTransfer)
    UART_EndRxTransfer                       0x08008c65   Thumb Code   104  stm32h7xx_hal_uart.o(i.UART_EndRxTransfer)
    i.UART_EndTransmit_IT                    0x08008cd0   Section        0  stm32h7xx_hal_uart.o(i.UART_EndTransmit_IT)
    UART_EndTransmit_IT                      0x08008cd1   Thumb Code    48  stm32h7xx_hal_uart.o(i.UART_EndTransmit_IT)
    i.UART_EndTxTransfer                     0x08008d00   Section        0  stm32h7xx_hal_uart.o(i.UART_EndTxTransfer)
    UART_EndTxTransfer                       0x08008d01   Thumb Code    64  stm32h7xx_hal_uart.o(i.UART_EndTxTransfer)
    i.UART_RxISR_16BIT                       0x08008d40   Section        0  stm32h7xx_hal_uart.o(i.UART_RxISR_16BIT)
    UART_RxISR_16BIT                         0x08008d41   Thumb Code   210  stm32h7xx_hal_uart.o(i.UART_RxISR_16BIT)
    i.UART_RxISR_16BIT_FIFOEN                0x08008e14   Section        0  stm32h7xx_hal_uart.o(i.UART_RxISR_16BIT_FIFOEN)
    UART_RxISR_16BIT_FIFOEN                  0x08008e15   Thumb Code   448  stm32h7xx_hal_uart.o(i.UART_RxISR_16BIT_FIFOEN)
    i.UART_RxISR_8BIT                        0x08008fdc   Section        0  stm32h7xx_hal_uart.o(i.UART_RxISR_8BIT)
    UART_RxISR_8BIT                          0x08008fdd   Thumb Code   206  stm32h7xx_hal_uart.o(i.UART_RxISR_8BIT)
    i.UART_RxISR_8BIT_FIFOEN                 0x080090ac   Section        0  stm32h7xx_hal_uart.o(i.UART_RxISR_8BIT_FIFOEN)
    UART_RxISR_8BIT_FIFOEN                   0x080090ad   Thumb Code   446  stm32h7xx_hal_uart.o(i.UART_RxISR_8BIT_FIFOEN)
    i.UART_SetConfig                         0x08009274   Section        0  stm32h7xx_hal_uart.o(i.UART_SetConfig)
    i.UART_Start_Receive_DMA                 0x08009800   Section        0  stm32h7xx_hal_uart.o(i.UART_Start_Receive_DMA)
    i.UART_Start_Receive_IT                  0x080098d4   Section        0  stm32h7xx_hal_uart.o(i.UART_Start_Receive_IT)
    i.UART_WaitOnFlagUntilTimeout            0x08009a44   Section        0  stm32h7xx_hal_uart.o(i.UART_WaitOnFlagUntilTimeout)
    i.USART3_IRQHandler                      0x08009b44   Section        0  stm32h7xx_it.o(i.USART3_IRQHandler)
    i.UsageFault_Handler                     0x08009b54   Section        0  stm32h7xx_it.o(i.UsageFault_Handler)
    i.__NVIC_GetPriorityGrouping             0x08009b58   Section        0  stm32h7xx_hal_cortex.o(i.__NVIC_GetPriorityGrouping)
    __NVIC_GetPriorityGrouping               0x08009b59   Thumb Code    10  stm32h7xx_hal_cortex.o(i.__NVIC_GetPriorityGrouping)
    i.__NVIC_SetPriority                     0x08009b68   Section        0  stm32h7xx_hal_cortex.o(i.__NVIC_SetPriority)
    __NVIC_SetPriority                       0x08009b69   Thumb Code    32  stm32h7xx_hal_cortex.o(i.__NVIC_SetPriority)
    i.ababab                                 0x08009b90   Section        0  main.o(i.ababab)
    i.data_update                            0x08009bb0   Section        0  lidar.o(i.data_update)
    i.main                                   0x08009c50   Section        0  main.o(i.main)
    x$fpl$fpinit                             0x08009d84   Section       10  fpinit.o(x$fpl$fpinit)
    $v0                                      0x08009d84   Number         0  fpinit.o(x$fpl$fpinit)
    .constdata                               0x08009d8e   Section        8  stm32h7xx_hal_dma.o(.constdata)
    flagBitshiftOffset                       0x08009d8e   Data           8  stm32h7xx_hal_dma.o(.constdata)
    .constdata                               0x08009d98   Section       92  stm32h7xx_hal_fdcan.o(.constdata)
    DLCtoBytes                               0x08009d98   Data          16  stm32h7xx_hal_fdcan.o(.constdata)
    .constdata                               0x08009df4   Section       24  stm32h7xx_hal_uart.o(.constdata)
    .constdata                               0x08009e0c   Section       16  stm32h7xx_hal_uart_ex.o(.constdata)
    numerator                                0x08009e0c   Data           8  stm32h7xx_hal_uart_ex.o(.constdata)
    denominator                              0x08009e14   Data           8  stm32h7xx_hal_uart_ex.o(.constdata)
    .constdata                               0x08009e1c   Section       16  system_stm32h7xx.o(.constdata)
    .data                                    0x24000000   Section       18  lidar.o(.data)
    angle_last                               0x24000010   Data           2  lidar.o(.data)
    .data                                    0x24000014   Section       44  main.o(.data)
    .data                                    0x24000040   Section        4  fdcan.o(.data)
    HAL_RCC_FDCAN_CLK_ENABLED                0x24000040   Data           4  fdcan.o(.data)
    .data                                    0x24000044   Section        4  rgb.o(.data)
    .data                                    0x24000048   Section        9  stm32h7xx_hal.o(.data)
    .data                                    0x24000054   Section        8  system_stm32h7xx.o(.data)
    .bss                                     0x2400005c   Section    131072  lidar.o(.bss)
    .bss                                     0x2402005c   Section     8540  main.o(.bss)
    .bss                                     0x240221b8   Section      320  fdcan.o(.bss)
    .bss                                     0x240222f8   Section      136  spi.o(.bss)
    .bss                                     0x24022380   Section      348  tim.o(.bss)
    .bss                                     0x240224dc   Section      672  usart.o(.bss)
    .bss                                     0x2402277c   Section       76  stm32h7xx_hal_timebase_tim.o(.bss)
    .bss                                     0x240227c8   Section      570  rgb.o(.bss)
    .bss                                     0x24022a04   Section       96  libspace.o(.bss)
    HEAP                                     0x24022a68   Section    258048  startup_stm32h743xx.o(HEAP)
    Heap_Mem                                 0x24022a68   Data       258048  startup_stm32h743xx.o(HEAP)
    STACK                                    0x24061a68   Section     8192  startup_stm32h743xx.o(STACK)
    Stack_Mem                                0x24061a68   Data        8192  startup_stm32h743xx.o(STACK)
    __initial_sp                             0x24063a68   Data           0  startup_stm32h743xx.o(STACK)

    Global Symbols

    Symbol Name                              Value     Ov Type        Size  Object(Section)

    BuildAttributes$$THM_ISAv4$E$P$D$K$B$S$7EM$VFPv5_D16$PE$PLD8$A:L22UL41UL21$X:L11$S22US41US21$IEEE1$IW$USESV6$~STKCKD$USESV7$~SHL$OSPACE$ROPI$EBA8$UX$STANDARDLIB$REQ8$PRES8$EABIv2 0x00000000   Number         0  anon$$obj.o ABSOLUTE
    __ARM_use_no_argv                        0x00000000   Number         0  main.o ABSOLUTE
    __ARM_exceptions_init                     - Undefined Weak Reference
    __alloca_initialize                       - Undefined Weak Reference
    __arm_fini_                               - Undefined Weak Reference
    __arm_preinit_                            - Undefined Weak Reference
    __cpp_initialize__aeabi_                  - Undefined Weak Reference
    __cxa_finalize                            - Undefined Weak Reference
    __rt_locale                               - Undefined Weak Reference
    __sigvec_lookup                           - Undefined Weak Reference
    _atexit_init                              - Undefined Weak Reference
    _call_atexit_fns                          - Undefined Weak Reference
    _clock_init                               - Undefined Weak Reference
    _fp_trap_init                             - Undefined Weak Reference
    _fp_trap_shutdown                         - Undefined Weak Reference
    _get_lc_collate                           - Undefined Weak Reference
    _get_lc_ctype                             - Undefined Weak Reference
    _get_lc_monetary                          - Undefined Weak Reference
    _get_lc_numeric                           - Undefined Weak Reference
    _get_lc_time                              - Undefined Weak Reference
    _getenv_init                              - Undefined Weak Reference
    _handle_redirection                       - Undefined Weak Reference
    _init_alloc                               - Undefined Weak Reference
    _init_user_alloc                          - Undefined Weak Reference
    _initio                                   - Undefined Weak Reference
    _rand_init                                - Undefined Weak Reference
    _signal_finish                            - Undefined Weak Reference
    _signal_init                              - Undefined Weak Reference
    _terminate_alloc                          - Undefined Weak Reference
    _terminate_user_alloc                     - Undefined Weak Reference
    _terminateio                              - Undefined Weak Reference
    __Vectors_Size                           0x00000298   Number         0  startup_stm32h743xx.o ABSOLUTE
    __Vectors                                0x08000000   Data           4  startup_stm32h743xx.o(RESET)
    __Vectors_End                            0x08000298   Data           0  startup_stm32h743xx.o(RESET)
    __main                                   0x08000299   Thumb Code     8  __main.o(!!!main)
    __scatterload                            0x080002a1   Thumb Code     0  __scatter.o(!!!scatter)
    __scatterload_rt2                        0x080002a1   Thumb Code    44  __scatter.o(!!!scatter)
    __scatterload_rt2_thumb_only             0x080002a1   Thumb Code     0  __scatter.o(!!!scatter)
    __scatterload_null                       0x080002af   Thumb Code     0  __scatter.o(!!!scatter)
    __scatterload_copy                       0x080002d5   Thumb Code    26  __scatter_copy.o(!!handler_copy)
    __scatterload_zeroinit                   0x080002f1   Thumb Code    28  __scatter_zi.o(!!handler_zi)
    __rt_lib_init                            0x0800030d   Thumb Code     0  libinit.o(.ARM.Collect$$libinit$$00000000)
    __rt_lib_init_fp_1                       0x0800030f   Thumb Code     0  libinit2.o(.ARM.Collect$$libinit$$00000001)
    __rt_lib_init_alloca_1                   0x08000313   Thumb Code     0  libinit2.o(.ARM.Collect$$libinit$$0000002E)
    __rt_lib_init_argv_1                     0x08000313   Thumb Code     0  libinit2.o(.ARM.Collect$$libinit$$0000002C)
    __rt_lib_init_atexit_1                   0x08000313   Thumb Code     0  libinit2.o(.ARM.Collect$$libinit$$0000001B)
    __rt_lib_init_clock_1                    0x08000313   Thumb Code     0  libinit2.o(.ARM.Collect$$libinit$$00000021)
    __rt_lib_init_cpp_1                      0x08000313   Thumb Code     0  libinit2.o(.ARM.Collect$$libinit$$00000032)
    __rt_lib_init_exceptions_1               0x08000313   Thumb Code     0  libinit2.o(.ARM.Collect$$libinit$$00000030)
    __rt_lib_init_fp_trap_1                  0x08000313   Thumb Code     0  libinit2.o(.ARM.Collect$$libinit$$0000001F)
    __rt_lib_init_getenv_1                   0x08000313   Thumb Code     0  libinit2.o(.ARM.Collect$$libinit$$00000023)
    __rt_lib_init_heap_1                     0x08000313   Thumb Code     0  libinit2.o(.ARM.Collect$$libinit$$0000000A)
    __rt_lib_init_lc_collate_1               0x08000313   Thumb Code     0  libinit2.o(.ARM.Collect$$libinit$$00000011)
    __rt_lib_init_lc_ctype_1                 0x08000313   Thumb Code     0  libinit2.o(.ARM.Collect$$libinit$$00000013)
    __rt_lib_init_lc_monetary_1              0x08000313   Thumb Code     0  libinit2.o(.ARM.Collect$$libinit$$00000015)
    __rt_lib_init_lc_numeric_1               0x08000313   Thumb Code     0  libinit2.o(.ARM.Collect$$libinit$$00000017)
    __rt_lib_init_lc_time_1                  0x08000313   Thumb Code     0  libinit2.o(.ARM.Collect$$libinit$$00000019)
    __rt_lib_init_preinit_1                  0x08000313   Thumb Code     0  libinit2.o(.ARM.Collect$$libinit$$00000004)
    __rt_lib_init_rand_1                     0x08000313   Thumb Code     0  libinit2.o(.ARM.Collect$$libinit$$0000000E)
    __rt_lib_init_return                     0x08000313   Thumb Code     0  libinit2.o(.ARM.Collect$$libinit$$00000033)
    __rt_lib_init_signal_1                   0x08000313   Thumb Code     0  libinit2.o(.ARM.Collect$$libinit$$0000001D)
    __rt_lib_init_stdio_1                    0x08000313   Thumb Code     0  libinit2.o(.ARM.Collect$$libinit$$00000025)
    __rt_lib_init_user_alloc_1               0x08000313   Thumb Code     0  libinit2.o(.ARM.Collect$$libinit$$0000000C)
    __rt_lib_shutdown                        0x08000315   Thumb Code     0  libshutdown.o(.ARM.Collect$$libshutdown$$00000000)
    __rt_lib_shutdown_cpp_1                  0x08000317   Thumb Code     0  libshutdown2.o(.ARM.Collect$$libshutdown$$00000004)
    __rt_lib_shutdown_fini_1                 0x08000317   Thumb Code     0  libshutdown2.o(.ARM.Collect$$libshutdown$$00000002)
    __rt_lib_shutdown_fp_trap_1              0x08000317   Thumb Code     0  libshutdown2.o(.ARM.Collect$$libshutdown$$00000009)
    __rt_lib_shutdown_heap_1                 0x08000317   Thumb Code     0  libshutdown2.o(.ARM.Collect$$libshutdown$$00000011)
    __rt_lib_shutdown_return                 0x08000317   Thumb Code     0  libshutdown2.o(.ARM.Collect$$libshutdown$$00000012)
    __rt_lib_shutdown_signal_1               0x08000317   Thumb Code     0  libshutdown2.o(.ARM.Collect$$libshutdown$$0000000C)
    __rt_lib_shutdown_stdio_1                0x08000317   Thumb Code     0  libshutdown2.o(.ARM.Collect$$libshutdown$$00000006)
    __rt_lib_shutdown_user_alloc_1           0x08000317   Thumb Code     0  libshutdown2.o(.ARM.Collect$$libshutdown$$0000000E)
    __rt_entry                               0x08000319   Thumb Code     0  __rtentry.o(.ARM.Collect$$rtentry$$00000000)
    __rt_entry_presh_1                       0x08000319   Thumb Code     0  __rtentry2.o(.ARM.Collect$$rtentry$$00000002)
    __rt_entry_sh                            0x08000319   Thumb Code     0  __rtentry4.o(.ARM.Collect$$rtentry$$00000004)
    __rt_entry_li                            0x0800031f   Thumb Code     0  __rtentry2.o(.ARM.Collect$$rtentry$$0000000A)
    __rt_entry_postsh_1                      0x0800031f   Thumb Code     0  __rtentry2.o(.ARM.Collect$$rtentry$$00000009)
    __rt_entry_main                          0x08000323   Thumb Code     0  __rtentry2.o(.ARM.Collect$$rtentry$$0000000D)
    __rt_entry_postli_1                      0x08000323   Thumb Code     0  __rtentry2.o(.ARM.Collect$$rtentry$$0000000C)
    __rt_exit                                0x0800032b   Thumb Code     0  rtexit.o(.ARM.Collect$$rtexit$$00000000)
    __rt_exit_ls                             0x0800032d   Thumb Code     0  rtexit2.o(.ARM.Collect$$rtexit$$00000003)
    __rt_exit_prels_1                        0x0800032d   Thumb Code     0  rtexit2.o(.ARM.Collect$$rtexit$$00000002)
    __rt_exit_exit                           0x08000331   Thumb Code     0  rtexit2.o(.ARM.Collect$$rtexit$$00000004)
    Reset_Handler                            0x08000339   Thumb Code     8  startup_stm32h743xx.o(.text)
    ADC3_IRQHandler                          0x08000353   Thumb Code     0  startup_stm32h743xx.o(.text)
    ADC_IRQHandler                           0x08000353   Thumb Code     0  startup_stm32h743xx.o(.text)
    BDMA_Channel0_IRQHandler                 0x08000353   Thumb Code     0  startup_stm32h743xx.o(.text)
    BDMA_Channel1_IRQHandler                 0x08000353   Thumb Code     0  startup_stm32h743xx.o(.text)
    BDMA_Channel2_IRQHandler                 0x08000353   Thumb Code     0  startup_stm32h743xx.o(.text)
    BDMA_Channel3_IRQHandler                 0x08000353   Thumb Code     0  startup_stm32h743xx.o(.text)
    BDMA_Channel4_IRQHandler                 0x08000353   Thumb Code     0  startup_stm32h743xx.o(.text)
    BDMA_Channel5_IRQHandler                 0x08000353   Thumb Code     0  startup_stm32h743xx.o(.text)
    BDMA_Channel6_IRQHandler                 0x08000353   Thumb Code     0  startup_stm32h743xx.o(.text)
    BDMA_Channel7_IRQHandler                 0x08000353   Thumb Code     0  startup_stm32h743xx.o(.text)
    CEC_IRQHandler                           0x08000353   Thumb Code     0  startup_stm32h743xx.o(.text)
    COMP1_IRQHandler                         0x08000353   Thumb Code     0  startup_stm32h743xx.o(.text)
    CRS_IRQHandler                           0x08000353   Thumb Code     0  startup_stm32h743xx.o(.text)
    DCMI_IRQHandler                          0x08000353   Thumb Code     0  startup_stm32h743xx.o(.text)
    DFSDM1_FLT0_IRQHandler                   0x08000353   Thumb Code     0  startup_stm32h743xx.o(.text)
    DFSDM1_FLT1_IRQHandler                   0x08000353   Thumb Code     0  startup_stm32h743xx.o(.text)
    DFSDM1_FLT2_IRQHandler                   0x08000353   Thumb Code     0  startup_stm32h743xx.o(.text)
    DFSDM1_FLT3_IRQHandler                   0x08000353   Thumb Code     0  startup_stm32h743xx.o(.text)
    DMA1_Stream3_IRQHandler                  0x08000353   Thumb Code     0  startup_stm32h743xx.o(.text)
    DMA1_Stream4_IRQHandler                  0x08000353   Thumb Code     0  startup_stm32h743xx.o(.text)
    DMA1_Stream5_IRQHandler                  0x08000353   Thumb Code     0  startup_stm32h743xx.o(.text)
    DMA1_Stream6_IRQHandler                  0x08000353   Thumb Code     0  startup_stm32h743xx.o(.text)
    DMA1_Stream7_IRQHandler                  0x08000353   Thumb Code     0  startup_stm32h743xx.o(.text)
    DMA2D_IRQHandler                         0x08000353   Thumb Code     0  startup_stm32h743xx.o(.text)
    DMA2_Stream0_IRQHandler                  0x08000353   Thumb Code     0  startup_stm32h743xx.o(.text)
    DMA2_Stream1_IRQHandler                  0x08000353   Thumb Code     0  startup_stm32h743xx.o(.text)
    DMA2_Stream2_IRQHandler                  0x08000353   Thumb Code     0  startup_stm32h743xx.o(.text)
    DMA2_Stream3_IRQHandler                  0x08000353   Thumb Code     0  startup_stm32h743xx.o(.text)
    DMA2_Stream4_IRQHandler                  0x08000353   Thumb Code     0  startup_stm32h743xx.o(.text)
    DMA2_Stream5_IRQHandler                  0x08000353   Thumb Code     0  startup_stm32h743xx.o(.text)
    DMA2_Stream6_IRQHandler                  0x08000353   Thumb Code     0  startup_stm32h743xx.o(.text)
    DMA2_Stream7_IRQHandler                  0x08000353   Thumb Code     0  startup_stm32h743xx.o(.text)
    DMAMUX1_OVR_IRQHandler                   0x08000353   Thumb Code     0  startup_stm32h743xx.o(.text)
    DMAMUX2_OVR_IRQHandler                   0x08000353   Thumb Code     0  startup_stm32h743xx.o(.text)
    ECC_IRQHandler                           0x08000353   Thumb Code     0  startup_stm32h743xx.o(.text)
    ETH_IRQHandler                           0x08000353   Thumb Code     0  startup_stm32h743xx.o(.text)
    ETH_WKUP_IRQHandler                      0x08000353   Thumb Code     0  startup_stm32h743xx.o(.text)
    EXTI0_IRQHandler                         0x08000353   Thumb Code     0  startup_stm32h743xx.o(.text)
    EXTI15_10_IRQHandler                     0x08000353   Thumb Code     0  startup_stm32h743xx.o(.text)
    EXTI1_IRQHandler                         0x08000353   Thumb Code     0  startup_stm32h743xx.o(.text)
    EXTI2_IRQHandler                         0x08000353   Thumb Code     0  startup_stm32h743xx.o(.text)
    EXTI3_IRQHandler                         0x08000353   Thumb Code     0  startup_stm32h743xx.o(.text)
    EXTI4_IRQHandler                         0x08000353   Thumb Code     0  startup_stm32h743xx.o(.text)
    EXTI9_5_IRQHandler                       0x08000353   Thumb Code     0  startup_stm32h743xx.o(.text)
    FDCAN1_IT1_IRQHandler                    0x08000353   Thumb Code     0  startup_stm32h743xx.o(.text)
    FDCAN2_IT1_IRQHandler                    0x08000353   Thumb Code     0  startup_stm32h743xx.o(.text)
    FDCAN_CAL_IRQHandler                     0x08000353   Thumb Code     0  startup_stm32h743xx.o(.text)
    FLASH_IRQHandler                         0x08000353   Thumb Code     0  startup_stm32h743xx.o(.text)
    FMC_IRQHandler                           0x08000353   Thumb Code     0  startup_stm32h743xx.o(.text)
    FPU_IRQHandler                           0x08000353   Thumb Code     0  startup_stm32h743xx.o(.text)
    HRTIM1_FLT_IRQHandler                    0x08000353   Thumb Code     0  startup_stm32h743xx.o(.text)
    HRTIM1_Master_IRQHandler                 0x08000353   Thumb Code     0  startup_stm32h743xx.o(.text)
    HRTIM1_TIMA_IRQHandler                   0x08000353   Thumb Code     0  startup_stm32h743xx.o(.text)
    HRTIM1_TIMB_IRQHandler                   0x08000353   Thumb Code     0  startup_stm32h743xx.o(.text)
    HRTIM1_TIMC_IRQHandler                   0x08000353   Thumb Code     0  startup_stm32h743xx.o(.text)
    HRTIM1_TIMD_IRQHandler                   0x08000353   Thumb Code     0  startup_stm32h743xx.o(.text)
    HRTIM1_TIME_IRQHandler                   0x08000353   Thumb Code     0  startup_stm32h743xx.o(.text)
    HSEM1_IRQHandler                         0x08000353   Thumb Code     0  startup_stm32h743xx.o(.text)
    I2C1_ER_IRQHandler                       0x08000353   Thumb Code     0  startup_stm32h743xx.o(.text)
    I2C1_EV_IRQHandler                       0x08000353   Thumb Code     0  startup_stm32h743xx.o(.text)
    I2C2_ER_IRQHandler                       0x08000353   Thumb Code     0  startup_stm32h743xx.o(.text)
    I2C2_EV_IRQHandler                       0x08000353   Thumb Code     0  startup_stm32h743xx.o(.text)
    I2C3_ER_IRQHandler                       0x08000353   Thumb Code     0  startup_stm32h743xx.o(.text)
    I2C3_EV_IRQHandler                       0x08000353   Thumb Code     0  startup_stm32h743xx.o(.text)
    I2C4_ER_IRQHandler                       0x08000353   Thumb Code     0  startup_stm32h743xx.o(.text)
    I2C4_EV_IRQHandler                       0x08000353   Thumb Code     0  startup_stm32h743xx.o(.text)
    JPEG_IRQHandler                          0x08000353   Thumb Code     0  startup_stm32h743xx.o(.text)
    LPTIM1_IRQHandler                        0x08000353   Thumb Code     0  startup_stm32h743xx.o(.text)
    LPTIM2_IRQHandler                        0x08000353   Thumb Code     0  startup_stm32h743xx.o(.text)
    LPTIM3_IRQHandler                        0x08000353   Thumb Code     0  startup_stm32h743xx.o(.text)
    LPTIM4_IRQHandler                        0x08000353   Thumb Code     0  startup_stm32h743xx.o(.text)
    LPTIM5_IRQHandler                        0x08000353   Thumb Code     0  startup_stm32h743xx.o(.text)
    LPUART1_IRQHandler                       0x08000353   Thumb Code     0  startup_stm32h743xx.o(.text)
    LTDC_ER_IRQHandler                       0x08000353   Thumb Code     0  startup_stm32h743xx.o(.text)
    LTDC_IRQHandler                          0x08000353   Thumb Code     0  startup_stm32h743xx.o(.text)
    MDIOS_IRQHandler                         0x08000353   Thumb Code     0  startup_stm32h743xx.o(.text)
    MDIOS_WKUP_IRQHandler                    0x08000353   Thumb Code     0  startup_stm32h743xx.o(.text)
    MDMA_IRQHandler                          0x08000353   Thumb Code     0  startup_stm32h743xx.o(.text)
    OTG_FS_EP1_IN_IRQHandler                 0x08000353   Thumb Code     0  startup_stm32h743xx.o(.text)
    OTG_FS_EP1_OUT_IRQHandler                0x08000353   Thumb Code     0  startup_stm32h743xx.o(.text)
    OTG_FS_IRQHandler                        0x08000353   Thumb Code     0  startup_stm32h743xx.o(.text)
    OTG_FS_WKUP_IRQHandler                   0x08000353   Thumb Code     0  startup_stm32h743xx.o(.text)
    OTG_HS_EP1_IN_IRQHandler                 0x08000353   Thumb Code     0  startup_stm32h743xx.o(.text)
    OTG_HS_EP1_OUT_IRQHandler                0x08000353   Thumb Code     0  startup_stm32h743xx.o(.text)
    OTG_HS_IRQHandler                        0x08000353   Thumb Code     0  startup_stm32h743xx.o(.text)
    OTG_HS_WKUP_IRQHandler                   0x08000353   Thumb Code     0  startup_stm32h743xx.o(.text)
    PVD_AVD_IRQHandler                       0x08000353   Thumb Code     0  startup_stm32h743xx.o(.text)
    QUADSPI_IRQHandler                       0x08000353   Thumb Code     0  startup_stm32h743xx.o(.text)
    RCC_IRQHandler                           0x08000353   Thumb Code     0  startup_stm32h743xx.o(.text)
    RNG_IRQHandler                           0x08000353   Thumb Code     0  startup_stm32h743xx.o(.text)
    RTC_Alarm_IRQHandler                     0x08000353   Thumb Code     0  startup_stm32h743xx.o(.text)
    RTC_WKUP_IRQHandler                      0x08000353   Thumb Code     0  startup_stm32h743xx.o(.text)
    SAI1_IRQHandler                          0x08000353   Thumb Code     0  startup_stm32h743xx.o(.text)
    SAI2_IRQHandler                          0x08000353   Thumb Code     0  startup_stm32h743xx.o(.text)
    SAI3_IRQHandler                          0x08000353   Thumb Code     0  startup_stm32h743xx.o(.text)
    SAI4_IRQHandler                          0x08000353   Thumb Code     0  startup_stm32h743xx.o(.text)
    SDMMC1_IRQHandler                        0x08000353   Thumb Code     0  startup_stm32h743xx.o(.text)
    SDMMC2_IRQHandler                        0x08000353   Thumb Code     0  startup_stm32h743xx.o(.text)
    SPDIF_RX_IRQHandler                      0x08000353   Thumb Code     0  startup_stm32h743xx.o(.text)
    SPI1_IRQHandler                          0x08000353   Thumb Code     0  startup_stm32h743xx.o(.text)
    SPI2_IRQHandler                          0x08000353   Thumb Code     0  startup_stm32h743xx.o(.text)
    SPI3_IRQHandler                          0x08000353   Thumb Code     0  startup_stm32h743xx.o(.text)
    SPI4_IRQHandler                          0x08000353   Thumb Code     0  startup_stm32h743xx.o(.text)
    SPI5_IRQHandler                          0x08000353   Thumb Code     0  startup_stm32h743xx.o(.text)
    SPI6_IRQHandler                          0x08000353   Thumb Code     0  startup_stm32h743xx.o(.text)
    SWPMI1_IRQHandler                        0x08000353   Thumb Code     0  startup_stm32h743xx.o(.text)
    TAMP_STAMP_IRQHandler                    0x08000353   Thumb Code     0  startup_stm32h743xx.o(.text)
    TIM15_IRQHandler                         0x08000353   Thumb Code     0  startup_stm32h743xx.o(.text)
    TIM16_IRQHandler                         0x08000353   Thumb Code     0  startup_stm32h743xx.o(.text)
    TIM17_IRQHandler                         0x08000353   Thumb Code     0  startup_stm32h743xx.o(.text)
    TIM1_BRK_IRQHandler                      0x08000353   Thumb Code     0  startup_stm32h743xx.o(.text)
    TIM1_CC_IRQHandler                       0x08000353   Thumb Code     0  startup_stm32h743xx.o(.text)
    TIM1_TRG_COM_IRQHandler                  0x08000353   Thumb Code     0  startup_stm32h743xx.o(.text)
    TIM1_UP_IRQHandler                       0x08000353   Thumb Code     0  startup_stm32h743xx.o(.text)
    TIM2_IRQHandler                          0x08000353   Thumb Code     0  startup_stm32h743xx.o(.text)
    TIM3_IRQHandler                          0x08000353   Thumb Code     0  startup_stm32h743xx.o(.text)
    TIM4_IRQHandler                          0x08000353   Thumb Code     0  startup_stm32h743xx.o(.text)
    TIM5_IRQHandler                          0x08000353   Thumb Code     0  startup_stm32h743xx.o(.text)
    TIM8_CC_IRQHandler                       0x08000353   Thumb Code     0  startup_stm32h743xx.o(.text)
    UART4_IRQHandler                         0x08000353   Thumb Code     0  startup_stm32h743xx.o(.text)
    UART5_IRQHandler                         0x08000353   Thumb Code     0  startup_stm32h743xx.o(.text)
    UART7_IRQHandler                         0x08000353   Thumb Code     0  startup_stm32h743xx.o(.text)
    USART1_IRQHandler                        0x08000353   Thumb Code     0  startup_stm32h743xx.o(.text)
    USART2_IRQHandler                        0x08000353   Thumb Code     0  startup_stm32h743xx.o(.text)
    USART6_IRQHandler                        0x08000353   Thumb Code     0  startup_stm32h743xx.o(.text)
    WAKEUP_PIN_IRQHandler                    0x08000353   Thumb Code     0  startup_stm32h743xx.o(.text)
    WWDG_IRQHandler                          0x08000353   Thumb Code     0  startup_stm32h743xx.o(.text)
    __user_initial_stackheap                 0x08000355   Thumb Code     0  startup_stm32h743xx.o(.text)
    __aeabi_uldivmod                         0x08000379   Thumb Code     0  lludivv7m.o(.text)
    _ll_udiv                                 0x08000379   Thumb Code   238  lludivv7m.o(.text)
    __aeabi_memcpy4                          0x08000467   Thumb Code     0  rt_memcpy_w.o(.text)
    __aeabi_memcpy8                          0x08000467   Thumb Code     0  rt_memcpy_w.o(.text)
    __rt_memcpy_w                            0x08000467   Thumb Code   100  rt_memcpy_w.o(.text)
    _memcpy_lastbytes_aligned                0x080004af   Thumb Code     0  rt_memcpy_w.o(.text)
    __aeabi_memclr4                          0x080004cb   Thumb Code     0  rt_memclr_w.o(.text)
    __aeabi_memclr8                          0x080004cb   Thumb Code     0  rt_memclr_w.o(.text)
    __rt_memclr_w                            0x080004cb   Thumb Code    78  rt_memclr_w.o(.text)
    _memset_w                                0x080004cf   Thumb Code     0  rt_memclr_w.o(.text)
    __use_two_region_memory                  0x08000519   Thumb Code     2  heapauxi.o(.text)
    __rt_heap_escrow$2region                 0x0800051b   Thumb Code     2  heapauxi.o(.text)
    __rt_heap_expand$2region                 0x0800051d   Thumb Code     2  heapauxi.o(.text)
    __user_setup_stackheap                   0x0800051f   Thumb Code    74  sys_stackheap_outer.o(.text)
    exit                                     0x08000569   Thumb Code    18  exit.o(.text)
    __user_libspace                          0x0800057d   Thumb Code     8  libspace.o(.text)
    __user_perproc_libspace                  0x0800057d   Thumb Code     0  libspace.o(.text)
    __user_perthread_libspace                0x0800057d   Thumb Code     0  libspace.o(.text)
    _sys_exit                                0x08000585   Thumb Code     8  sys_exit.o(.text)
    __I$use$semihosting                      0x08000591   Thumb Code     0  use_no_semi.o(.text)
    __use_no_semihosting_swi                 0x08000591   Thumb Code     2  use_no_semi.o(.text)
    BusFault_Handler                         0x08000593   Thumb Code     4  stm32h7xx_it.o(i.BusFault_Handler)
    __semihosting_library_function           0x08000593   Thumb Code     0  indicate_semi.o(.text)
    DMA1_Stream0_IRQHandler                  0x08000599   Thumb Code    10  stm32h7xx_it.o(i.DMA1_Stream0_IRQHandler)
    DMA1_Stream1_IRQHandler                  0x080005a9   Thumb Code    10  stm32h7xx_it.o(i.DMA1_Stream1_IRQHandler)
    DMA1_Stream2_IRQHandler                  0x080005b9   Thumb Code    10  stm32h7xx_it.o(i.DMA1_Stream2_IRQHandler)
    DebugMon_Handler                         0x08000b35   Thumb Code     2  stm32h7xx_it.o(i.DebugMon_Handler)
    Error_Handler                            0x08000b37   Thumb Code     6  main.o(i.Error_Handler)
    FDCAN1_IT0_IRQHandler                    0x08000b3d   Thumb Code    10  stm32h7xx_it.o(i.FDCAN1_IT0_IRQHandler)
    FDCAN1_Init                              0x08000b4d   Thumb Code    84  fdcan_bsp.o(i.FDCAN1_Init)
    FDCAN2_IT0_IRQHandler                    0x08000ba1   Thumb Code    10  stm32h7xx_it.o(i.FDCAN2_IT0_IRQHandler)
    FDCAN2_Init                              0x08000bb1   Thumb Code   122  fdcan_bsp.o(i.FDCAN2_Init)
    FDCAN_Message_Decode                     0x08000e51   Thumb Code    14  fdcan_bsp.o(i.FDCAN_Message_Decode)
    HAL_DMA_Abort                            0x08000e65   Thumb Code  1236  stm32h7xx_hal_dma.o(i.HAL_DMA_Abort)
    HAL_DMA_Abort_IT                         0x08001341   Thumb Code   906  stm32h7xx_hal_dma.o(i.HAL_DMA_Abort_IT)
    HAL_DMA_IRQHandler                       0x080016d9   Thumb Code  2798  stm32h7xx_hal_dma.o(i.HAL_DMA_IRQHandler)
    HAL_DMA_Init                             0x080021d1   Thumb Code  1304  stm32h7xx_hal_dma.o(i.HAL_DMA_Init)
    HAL_DMA_Start_IT                         0x080026f1   Thumb Code   980  stm32h7xx_hal_dma.o(i.HAL_DMA_Start_IT)
    HAL_Delay                                0x08002ad1   Thumb Code    36  stm32h7xx_hal.o(i.HAL_Delay)
    HAL_FDCAN_ActivateNotification           0x08002af9   Thumb Code   158  stm32h7xx_hal_fdcan.o(i.HAL_FDCAN_ActivateNotification)
    HAL_FDCAN_ClockCalibrationCallback       0x08002ba1   Thumb Code     2  stm32h7xx_hal_fdcan.o(i.HAL_FDCAN_ClockCalibrationCallback)
    HAL_FDCAN_ConfigFilter                   0x08002ba3   Thumb Code   168  stm32h7xx_hal_fdcan.o(i.HAL_FDCAN_ConfigFilter)
    HAL_FDCAN_ConfigGlobalFilter             0x08002c4b   Thumb Code    52  stm32h7xx_hal_fdcan.o(i.HAL_FDCAN_ConfigGlobalFilter)
    HAL_FDCAN_ErrorCallback                  0x08002c7f   Thumb Code     2  stm32h7xx_hal_fdcan.o(i.HAL_FDCAN_ErrorCallback)
    HAL_FDCAN_ErrorStatusCallback            0x08002c81   Thumb Code     2  stm32h7xx_hal_fdcan.o(i.HAL_FDCAN_ErrorStatusCallback)
    HAL_FDCAN_GetRxMessage                   0x08002c85   Thumb Code   496  stm32h7xx_hal_fdcan.o(i.HAL_FDCAN_GetRxMessage)
    HAL_FDCAN_HighPriorityMessageCallback    0x08002e79   Thumb Code     2  stm32h7xx_hal_fdcan.o(i.HAL_FDCAN_HighPriorityMessageCallback)
    HAL_FDCAN_IRQHandler                     0x08002e7d   Thumb Code   966  stm32h7xx_hal_fdcan.o(i.HAL_FDCAN_IRQHandler)
    HAL_FDCAN_Init                           0x08003251   Thumb Code   726  stm32h7xx_hal_fdcan.o(i.HAL_FDCAN_Init)
    HAL_FDCAN_MspInit                        0x08003531   Thumb Code   336  fdcan.o(i.HAL_FDCAN_MspInit)
    HAL_FDCAN_RxBufferNewMessageCallback     0x08003699   Thumb Code     2  stm32h7xx_hal_fdcan.o(i.HAL_FDCAN_RxBufferNewMessageCallback)
    HAL_FDCAN_RxFifo0Callback                0x0800369b   Thumb Code    40  fdcan_bsp.o(i.HAL_FDCAN_RxFifo0Callback)
    HAL_FDCAN_RxFifo1Callback                0x080036c3   Thumb Code    46  fdcan_bsp.o(i.HAL_FDCAN_RxFifo1Callback)
    HAL_FDCAN_Start                          0x080036f1   Thumb Code    52  stm32h7xx_hal_fdcan.o(i.HAL_FDCAN_Start)
    HAL_FDCAN_TT_GlobalTimeCallback          0x08003725   Thumb Code     2  stm32h7xx_hal_fdcan.o(i.HAL_FDCAN_TT_GlobalTimeCallback)
    HAL_FDCAN_TT_ScheduleSyncCallback        0x08003727   Thumb Code     2  stm32h7xx_hal_fdcan.o(i.HAL_FDCAN_TT_ScheduleSyncCallback)
    HAL_FDCAN_TT_StopWatchCallback           0x08003729   Thumb Code     2  stm32h7xx_hal_fdcan.o(i.HAL_FDCAN_TT_StopWatchCallback)
    HAL_FDCAN_TT_TimeMarkCallback            0x0800372b   Thumb Code     2  stm32h7xx_hal_fdcan.o(i.HAL_FDCAN_TT_TimeMarkCallback)
    HAL_FDCAN_TimeoutOccurredCallback        0x0800372d   Thumb Code     2  stm32h7xx_hal_fdcan.o(i.HAL_FDCAN_TimeoutOccurredCallback)
    HAL_FDCAN_TimestampWraparoundCallback    0x0800372f   Thumb Code     2  stm32h7xx_hal_fdcan.o(i.HAL_FDCAN_TimestampWraparoundCallback)
    HAL_FDCAN_TxBufferAbortCallback          0x08003731   Thumb Code     2  stm32h7xx_hal_fdcan.o(i.HAL_FDCAN_TxBufferAbortCallback)
    HAL_FDCAN_TxBufferCompleteCallback       0x08003733   Thumb Code     2  stm32h7xx_hal_fdcan.o(i.HAL_FDCAN_TxBufferCompleteCallback)
    HAL_FDCAN_TxEventFifoCallback            0x08003735   Thumb Code     2  stm32h7xx_hal_fdcan.o(i.HAL_FDCAN_TxEventFifoCallback)
    HAL_FDCAN_TxFifoEmptyCallback            0x08003737   Thumb Code     2  stm32h7xx_hal_fdcan.o(i.HAL_FDCAN_TxFifoEmptyCallback)
    HAL_GPIO_Init                            0x08003739   Thumb Code   456  stm32h7xx_hal_gpio.o(i.HAL_GPIO_Init)
    HAL_GPIO_WritePin                        0x08003935   Thumb Code    12  stm32h7xx_hal_gpio.o(i.HAL_GPIO_WritePin)
    HAL_GetREVID                             0x08003941   Thumb Code     8  stm32h7xx_hal.o(i.HAL_GetREVID)
    HAL_GetTick                              0x0800394d   Thumb Code     6  stm32h7xx_hal.o(i.HAL_GetTick)
    HAL_IncTick                              0x08003959   Thumb Code    16  stm32h7xx_hal.o(i.HAL_IncTick)
    HAL_Init                                 0x08003971   Thumb Code    80  stm32h7xx_hal.o(i.HAL_Init)
    HAL_InitTick                             0x080039d1   Thumb Code   140  stm32h7xx_hal_timebase_tim.o(i.HAL_InitTick)
    HAL_MspInit                              0x08003a71   Thumb Code    32  stm32h7xx_hal_msp.o(i.HAL_MspInit)
    HAL_NVIC_EnableIRQ                       0x08003a95   Thumb Code    40  stm32h7xx_hal_cortex.o(i.HAL_NVIC_EnableIRQ)
    HAL_NVIC_SetPriority                     0x08003abd   Thumb Code   122  stm32h7xx_hal_cortex.o(i.HAL_NVIC_SetPriority)
    HAL_NVIC_SetPriorityGrouping             0x08003b39   Thumb Code    32  stm32h7xx_hal_cortex.o(i.HAL_NVIC_SetPriorityGrouping)
    HAL_PWREx_ConfigSupply                   0x08003b61   Thumb Code    90  stm32h7xx_hal_pwr_ex.o(i.HAL_PWREx_ConfigSupply)
    HAL_RCCEx_GetD3PCLK1Freq                 0x08003bc1   Thumb Code    26  stm32h7xx_hal_rcc_ex.o(i.HAL_RCCEx_GetD3PCLK1Freq)
    HAL_RCCEx_GetPLL2ClockFreq               0x08003be5   Thumb Code   536  stm32h7xx_hal_rcc_ex.o(i.HAL_RCCEx_GetPLL2ClockFreq)
    HAL_RCCEx_GetPLL3ClockFreq               0x08003e15   Thumb Code   536  stm32h7xx_hal_rcc_ex.o(i.HAL_RCCEx_GetPLL3ClockFreq)
    HAL_RCCEx_PeriphCLKConfig                0x08004045   Thumb Code  2910  stm32h7xx_hal_rcc_ex.o(i.HAL_RCCEx_PeriphCLKConfig)
    HAL_RCC_ClockConfig                      0x08004ba9   Thumb Code   774  stm32h7xx_hal_rcc.o(i.HAL_RCC_ClockConfig)
    HAL_RCC_GetClockConfig                   0x08004ec9   Thumb Code    98  stm32h7xx_hal_rcc.o(i.HAL_RCC_GetClockConfig)
    HAL_RCC_GetHCLKFreq                      0x08004f35   Thumb Code    60  stm32h7xx_hal_rcc.o(i.HAL_RCC_GetHCLKFreq)
    HAL_RCC_GetPCLK1Freq                     0x08004f81   Thumb Code    26  stm32h7xx_hal_rcc.o(i.HAL_RCC_GetPCLK1Freq)
    HAL_RCC_GetPCLK2Freq                     0x08004fa5   Thumb Code    26  stm32h7xx_hal_rcc.o(i.HAL_RCC_GetPCLK2Freq)
    HAL_RCC_GetSysClockFreq                  0x08004fc9   Thumb Code   524  stm32h7xx_hal_rcc.o(i.HAL_RCC_GetSysClockFreq)
    HAL_RCC_OscConfig                        0x080051f5   Thumb Code  2048  stm32h7xx_hal_rcc.o(i.HAL_RCC_OscConfig)
    HAL_SPI_Init                             0x080059f5   Thumb Code   372  stm32h7xx_hal_spi.o(i.HAL_SPI_Init)
    HAL_SPI_MspInit                          0x08005b75   Thumb Code   172  spi.o(i.HAL_SPI_MspInit)
    HAL_TIMEx_Break2Callback                 0x08005c2d   Thumb Code     2  stm32h7xx_hal_tim_ex.o(i.HAL_TIMEx_Break2Callback)
    HAL_TIMEx_BreakCallback                  0x08005c2f   Thumb Code     2  stm32h7xx_hal_tim_ex.o(i.HAL_TIMEx_BreakCallback)
    HAL_TIMEx_CommutCallback                 0x08005c31   Thumb Code     2  stm32h7xx_hal_tim_ex.o(i.HAL_TIMEx_CommutCallback)
    HAL_TIMEx_ConfigBreakDeadTime            0x08005c35   Thumb Code   172  stm32h7xx_hal_tim_ex.o(i.HAL_TIMEx_ConfigBreakDeadTime)
    HAL_TIMEx_MasterConfigSynchronization    0x08005ce9   Thumb Code   174  stm32h7xx_hal_tim_ex.o(i.HAL_TIMEx_MasterConfigSynchronization)
    HAL_TIM_Base_Init                        0x08005db5   Thumb Code   110  stm32h7xx_hal_tim.o(i.HAL_TIM_Base_Init)
    HAL_TIM_Base_MspInit                     0x08005e25   Thumb Code   270  tim.o(i.HAL_TIM_Base_MspInit)
    HAL_TIM_Base_Start_IT                    0x08005f4d   Thumb Code   146  stm32h7xx_hal_tim.o(i.HAL_TIM_Base_Start_IT)
    HAL_TIM_ConfigClockSource                0x08006001   Thumb Code   304  stm32h7xx_hal_tim.o(i.HAL_TIM_ConfigClockSource)
    HAL_TIM_ErrorCallback                    0x08006135   Thumb Code     2  stm32h7xx_hal_tim.o(i.HAL_TIM_ErrorCallback)
    HAL_TIM_IC_CaptureCallback               0x08006137   Thumb Code     2  stm32h7xx_hal_tim.o(i.HAL_TIM_IC_CaptureCallback)
    HAL_TIM_IRQHandler                       0x08006139   Thumb Code   440  stm32h7xx_hal_tim.o(i.HAL_TIM_IRQHandler)
    HAL_TIM_MspPostInit                      0x080062f1   Thumb Code    82  tim.o(i.HAL_TIM_MspPostInit)
    HAL_TIM_OC_DelayElapsedCallback          0x08006351   Thumb Code     2  stm32h7xx_hal_tim.o(i.HAL_TIM_OC_DelayElapsedCallback)
    HAL_TIM_PWM_ConfigChannel                0x08006353   Thumb Code   368  stm32h7xx_hal_tim.o(i.HAL_TIM_PWM_ConfigChannel)
    HAL_TIM_PWM_Init                         0x080064c3   Thumb Code   110  stm32h7xx_hal_tim.o(i.HAL_TIM_PWM_Init)
    HAL_TIM_PWM_MspInit                      0x08006531   Thumb Code     2  stm32h7xx_hal_tim.o(i.HAL_TIM_PWM_MspInit)
    HAL_TIM_PWM_PulseFinishedCallback        0x08006533   Thumb Code     2  stm32h7xx_hal_tim.o(i.HAL_TIM_PWM_PulseFinishedCallback)
    HAL_TIM_PWM_PulseFinishedHalfCpltCallback 0x08006535   Thumb Code     2  stm32h7xx_hal_tim.o(i.HAL_TIM_PWM_PulseFinishedHalfCpltCallback)
    HAL_TIM_PWM_Start_DMA                    0x08006539   Thumb Code   642  stm32h7xx_hal_tim.o(i.HAL_TIM_PWM_Start_DMA)
    HAL_TIM_PWM_Stop_DMA                     0x080067f1   Thumb Code   316  stm32h7xx_hal_tim.o(i.HAL_TIM_PWM_Stop_DMA)
    HAL_TIM_PeriodElapsedCallback            0x08006941   Thumb Code   158  main.o(i.HAL_TIM_PeriodElapsedCallback)
    HAL_TIM_TriggerCallback                  0x08006a09   Thumb Code     2  stm32h7xx_hal_tim.o(i.HAL_TIM_TriggerCallback)
    HAL_UARTEx_DisableFifoMode               0x08006a0b   Thumb Code    78  stm32h7xx_hal_uart_ex.o(i.HAL_UARTEx_DisableFifoMode)
    HAL_UARTEx_RxEventCallback               0x08006a59   Thumb Code     2  stm32h7xx_hal_uart.o(i.HAL_UARTEx_RxEventCallback)
    HAL_UARTEx_RxFifoFullCallback            0x08006a5b   Thumb Code     2  stm32h7xx_hal_uart_ex.o(i.HAL_UARTEx_RxFifoFullCallback)
    HAL_UARTEx_SetRxFifoThreshold            0x08006a5d   Thumb Code    94  stm32h7xx_hal_uart_ex.o(i.HAL_UARTEx_SetRxFifoThreshold)
    HAL_UARTEx_SetTxFifoThreshold            0x08006abb   Thumb Code    94  stm32h7xx_hal_uart_ex.o(i.HAL_UARTEx_SetTxFifoThreshold)
    HAL_UARTEx_TxFifoEmptyCallback           0x08006b19   Thumb Code     2  stm32h7xx_hal_uart_ex.o(i.HAL_UARTEx_TxFifoEmptyCallback)
    HAL_UARTEx_WakeupCallback                0x08006b1b   Thumb Code     2  stm32h7xx_hal_uart_ex.o(i.HAL_UARTEx_WakeupCallback)
    HAL_UART_ErrorCallback                   0x08006b1d   Thumb Code     2  stm32h7xx_hal_uart.o(i.HAL_UART_ErrorCallback)
    HAL_UART_IRQHandler                      0x08006b21   Thumb Code  1112  stm32h7xx_hal_uart.o(i.HAL_UART_IRQHandler)
    HAL_UART_Init                            0x08006f79   Thumb Code   120  stm32h7xx_hal_uart.o(i.HAL_UART_Init)
    HAL_UART_MspInit                         0x08006ff1   Thumb Code   530  usart.o(i.HAL_UART_MspInit)
    HAL_UART_Receive_DMA                     0x0800722d   Thumb Code   110  stm32h7xx_hal_uart.o(i.HAL_UART_Receive_DMA)
    HAL_UART_Receive_IT                      0x080072a1   Thumb Code   110  stm32h7xx_hal_uart.o(i.HAL_UART_Receive_IT)
    HAL_UART_RxCpltCallback                  0x08007315   Thumb Code    34  main.o(i.HAL_UART_RxCpltCallback)
    HAL_UART_RxHalfCpltCallback              0x08007345   Thumb Code     2  stm32h7xx_hal_uart.o(i.HAL_UART_RxHalfCpltCallback)
    HAL_UART_Transmit                        0x08007347   Thumb Code   214  stm32h7xx_hal_uart.o(i.HAL_UART_Transmit)
    HAL_UART_TxCpltCallback                  0x0800741d   Thumb Code     2  stm32h7xx_hal_uart.o(i.HAL_UART_TxCpltCallback)
    HardFault_Handler                        0x0800741f   Thumb Code     4  stm32h7xx_it.o(i.HardFault_Handler)
    MX_DMA_Init                              0x08007425   Thumb Code    80  dma.o(i.MX_DMA_Init)
    MX_FDCAN1_Init                           0x08007479   Thumb Code   118  fdcan.o(i.MX_FDCAN1_Init)
    MX_FDCAN2_Init                           0x080074f9   Thumb Code   118  fdcan.o(i.MX_FDCAN2_Init)
    MX_GPIO_Init                             0x08007579   Thumb Code   388  gpio.o(i.MX_GPIO_Init)
    MX_SPI1_Init                             0x08007715   Thumb Code    88  spi.o(i.MX_SPI1_Init)
    MX_TIM6_Init                             0x08007775   Thumb Code    68  tim.o(i.MX_TIM6_Init)
    MX_TIM7_Init                             0x080077c1   Thumb Code    66  tim.o(i.MX_TIM7_Init)
    MX_TIM8_Init                             0x0800780d   Thumb Code   222  tim.o(i.MX_TIM8_Init)
    MX_UART8_Init                            0x080078f5   Thumb Code   100  usart.o(i.MX_UART8_Init)
    MX_USART2_UART_Init                      0x08007965   Thumb Code    98  usart.o(i.MX_USART2_UART_Init)
    MX_USART3_UART_Init                      0x080079d1   Thumb Code   100  usart.o(i.MX_USART3_UART_Init)
    MemManage_Handler                        0x08007a41   Thumb Code     4  stm32h7xx_it.o(i.MemManage_Handler)
    NMI_Handler                              0x08007a45   Thumb Code     4  stm32h7xx_it.o(i.NMI_Handler)
    PendSV_Handler                           0x08007a49   Thumb Code     2  stm32h7xx_it.o(i.PendSV_Handler)
    RGB_Buffer_Input                         0x08007d15   Thumb Code   170  rgb.o(i.RGB_Buffer_Input)
    RGB_Change                               0x08007dc5   Thumb Code   726  rgb.o(i.RGB_Change)
    RGB_Color                                0x080080ad   Thumb Code    54  rgb.o(i.RGB_Color)
    RGB_Init                                 0x080080ed   Thumb Code    32  rgb.o(i.RGB_Init)
    SVC_Handler                              0x08008133   Thumb Code     2  stm32h7xx_it.o(i.SVC_Handler)
    SysTick_Handler                          0x08008135   Thumb Code     2  stm32h7xx_it.o(i.SysTick_Handler)
    SystemClock_Config                       0x08008139   Thumb Code   216  main.o(i.SystemClock_Config)
    SystemInit                               0x0800821d   Thumb Code   212  system_stm32h7xx.o(i.SystemInit)
    TIM6_DAC_IRQHandler                      0x08008319   Thumb Code    10  stm32h7xx_it.o(i.TIM6_DAC_IRQHandler)
    TIM7_IRQHandler                          0x08008329   Thumb Code    10  stm32h7xx_it.o(i.TIM7_IRQHandler)
    TIM8_BRK_TIM12_IRQHandler                0x08008339   Thumb Code    10  stm32h7xx_it.o(i.TIM8_BRK_TIM12_IRQHandler)
    TIM8_TRG_COM_TIM14_IRQHandler            0x08008349   Thumb Code    16  stm32h7xx_it.o(i.TIM8_TRG_COM_TIM14_IRQHandler)
    TIM8_UP_TIM13_IRQHandler                 0x08008361   Thumb Code    10  stm32h7xx_it.o(i.TIM8_UP_TIM13_IRQHandler)
    TIM_Base_SetConfig                       0x08008371   Thumb Code   170  stm32h7xx_hal_tim.o(i.TIM_Base_SetConfig)
    TIM_CCxChannelCmd                        0x0800843d   Thumb Code    34  stm32h7xx_hal_tim.o(i.TIM_CCxChannelCmd)
    TIM_DMADelayPulseHalfCplt                0x080084c7   Thumb Code    64  stm32h7xx_hal_tim.o(i.TIM_DMADelayPulseHalfCplt)
    TIM_DMAError                             0x08008507   Thumb Code    94  stm32h7xx_hal_tim.o(i.TIM_DMAError)
    TIM_ETR_SetConfig                        0x08008565   Thumb Code    22  stm32h7xx_hal_tim.o(i.TIM_ETR_SetConfig)
    TIM_OC2_SetConfig                        0x08008641   Thumb Code   156  stm32h7xx_hal_tim.o(i.TIM_OC2_SetConfig)
    UART8_IRQHandler                         0x0800894d   Thumb Code    10  stm32h7xx_it.o(i.UART8_IRQHandler)
    UART_AdvFeatureConfig                    0x080089b5   Thumb Code   248  stm32h7xx_hal_uart.o(i.UART_AdvFeatureConfig)
    UART_CheckIdleState                      0x08008aad   Thumb Code   118  stm32h7xx_hal_uart.o(i.UART_CheckIdleState)
    UART_SetConfig                           0x08009275   Thumb Code  1402  stm32h7xx_hal_uart.o(i.UART_SetConfig)
    UART_Start_Receive_DMA                   0x08009801   Thumb Code   200  stm32h7xx_hal_uart.o(i.UART_Start_Receive_DMA)
    UART_Start_Receive_IT                    0x080098d5   Thumb Code   352  stm32h7xx_hal_uart.o(i.UART_Start_Receive_IT)
    UART_WaitOnFlagUntilTimeout              0x08009a45   Thumb Code   254  stm32h7xx_hal_uart.o(i.UART_WaitOnFlagUntilTimeout)
    USART3_IRQHandler                        0x08009b45   Thumb Code    10  stm32h7xx_it.o(i.USART3_IRQHandler)
    UsageFault_Handler                       0x08009b55   Thumb Code     4  stm32h7xx_it.o(i.UsageFault_Handler)
    ababab                                   0x08009b91   Thumb Code    32  main.o(i.ababab)
    data_update                              0x08009bb1   Thumb Code   140  lidar.o(i.data_update)
    main                                     0x08009c51   Thumb Code   264  main.o(i.main)
    _fp_init                                 0x08009d85   Thumb Code    10  fpinit.o(x$fpl$fpinit)
    __fplib_config_fpu_vfp                   0x08009d8d   Thumb Code     0  fpinit.o(x$fpl$fpinit)
    __fplib_config_pureend_doubles           0x08009d8d   Thumb Code     0  fpinit.o(x$fpl$fpinit)
    UARTPrescTable                           0x08009df4   Data          24  stm32h7xx_hal_uart.o(.constdata)
    D1CorePrescTable                         0x08009e1c   Data          16  system_stm32h7xx.o(.constdata)
    Region$$Table$$Base                      0x08009e2c   Number         0  anon$$obj.o(Region$$Table)
    Region$$Table$$Limit                     0x08009e4c   Number         0  anon$$obj.o(Region$$Table)
    lidar_init_flag                          0x24000000   Data           1  lidar.o(.data)
    lidar_buffer_pointer                     0x24000004   Data           4  lidar.o(.data)
    lidar_buffer_switcher                    0x24000008   Data           1  lidar.o(.data)
    debug                                    0x2400000c   Data           4  lidar.o(.data)
    last_pos_x                               0x24000014   Data           4  main.o(.data)
    last_pos_y                               0x24000018   Data           4  main.o(.data)
    rxtemp                                   0x2400001c   Data           1  main.o(.data)
    turret_buffer                            0x2400001d   Data           8  main.o(.data)
    raw_data_flag                            0x24000025   Data           1  main.o(.data)
    tof_read                                 0x24000026   Data           2  main.o(.data)
    global_clock                             0x24000028   Data           4  main.o(.data)
    speed_clock                              0x2400002c   Data           4  main.o(.data)
    speed_timer                              0x24000030   Data           4  main.o(.data)
    ababa                                    0x24000034   Data           4  main.o(.data)
    pos_reset                                0x24000038   Data           1  main.o(.data)
    block_color                              0x24000039   Data           1  main.o(.data)
    communciation_error_counter              0x2400003a   Data           1  main.o(.data)
    cmp_buf                                  0x2400003b   Data           5  main.o(.data)
    RGB_DEFAULT                              0x24000044   Data           4  rgb.o(.data)
    uwTick                                   0x24000048   Data           4  stm32h7xx_hal.o(.data)
    uwTickPrio                               0x2400004c   Data           4  stm32h7xx_hal.o(.data)
    uwTickFreq                               0x24000050   Data           1  stm32h7xx_hal.o(.data)
    SystemCoreClock                          0x24000054   Data           4  system_stm32h7xx.o(.data)
    SystemD2Clock                            0x24000058   Data           4  system_stm32h7xx.o(.data)
    nodes                                    0x2400005c   Data       131072  lidar.o(.bss)
    rocker                                   0x2402005c   Data          16  main.o(.bss)
    dma_buffer                               0x2402006c   Data        4200  main.o(.bss)
    raw_data_buffer                          0x240210d4   Data        4200  main.o(.bss)
    tof_buffer                               0x2402213c   Data          10  main.o(.bss)
    Rx_buffer                                0x24022146   Data          16  main.o(.bss)
    huart3_rxbuffer                          0x24022156   Data          16  main.o(.bss)
    vx                                       0x24022168   Data          40  main.o(.bss)
    vy                                       0x24022190   Data          40  main.o(.bss)
    hfdcan1                                  0x240221b8   Data         160  fdcan.o(.bss)
    hfdcan2                                  0x24022258   Data         160  fdcan.o(.bss)
    hspi1                                    0x240222f8   Data         136  spi.o(.bss)
    htim6                                    0x24022380   Data          76  tim.o(.bss)
    htim7                                    0x240223cc   Data          76  tim.o(.bss)
    htim8                                    0x24022418   Data          76  tim.o(.bss)
    hdma_tim8_ch3                            0x24022464   Data         120  tim.o(.bss)
    huart8                                   0x240224dc   Data         144  usart.o(.bss)
    huart2                                   0x2402256c   Data         144  usart.o(.bss)
    huart3                                   0x240225fc   Data         144  usart.o(.bss)
    hdma_usart2_rx                           0x2402268c   Data         120  usart.o(.bss)
    hdma_usart3_rx                           0x24022704   Data         120  usart.o(.bss)
    htim14                                   0x2402277c   Data          76  stm32h7xx_hal_timebase_tim.o(.bss)
    Color_RGB                                0x240227c8   Data          12  rgb.o(.bss)
    RGB_WriteBuff                            0x240227d4   Data         558  rgb.o(.bss)
    __libspace_start                         0x24022a04   Data          96  libspace.o(.bss)
    __temporary_stack_top$libspace           0x24022a64   Data           0  libspace.o(.bss)



==============================================================================

Memory Map of the image

  Image Entry point : 0x08000299

  Load Region LR_IROM1 (Base: 0x08000000, Size: 0x00009ea8, Max: 0x00200000, ABSOLUTE)

    Execution Region ER_IROM1 (Exec base: 0x08000000, Load base: 0x08000000, Size: 0x00009e4c, Max: 0x00200000, ABSOLUTE)

    Exec Addr    Load Addr    Size         Type   Attr      Idx    E Section Name        Object

    0x08000000   0x08000000   0x00000298   Data   RO            3    RESET               startup_stm32h743xx.o
    0x08000298   0x08000298   0x00000008   Code   RO         5903  * !!!main             c_w.l(__main.o)
    0x080002a0   0x080002a0   0x00000034   Code   RO         6072    !!!scatter          c_w.l(__scatter.o)
    0x080002d4   0x080002d4   0x0000001a   Code   RO         6074    !!handler_copy      c_w.l(__scatter_copy.o)
    0x080002ee   0x080002ee   0x00000002   PAD
    0x080002f0   0x080002f0   0x0000001c   Code   RO         6076    !!handler_zi        c_w.l(__scatter_zi.o)
    0x0800030c   0x0800030c   0x00000002   Code   RO         5940    .ARM.Collect$$libinit$$00000000  c_w.l(libinit.o)
    0x0800030e   0x0800030e   0x00000004   Code   RO         5952    .ARM.Collect$$libinit$$00000001  c_w.l(libinit2.o)
    0x08000312   0x08000312   0x00000000   Code   RO         5955    .ARM.Collect$$libinit$$00000004  c_w.l(libinit2.o)
    0x08000312   0x08000312   0x00000000   Code   RO         5958    .ARM.Collect$$libinit$$0000000A  c_w.l(libinit2.o)
    0x08000312   0x08000312   0x00000000   Code   RO         5960    .ARM.Collect$$libinit$$0000000C  c_w.l(libinit2.o)
    0x08000312   0x08000312   0x00000000   Code   RO         5962    .ARM.Collect$$libinit$$0000000E  c_w.l(libinit2.o)
    0x08000312   0x08000312   0x00000000   Code   RO         5965    .ARM.Collect$$libinit$$00000011  c_w.l(libinit2.o)
    0x08000312   0x08000312   0x00000000   Code   RO         5967    .ARM.Collect$$libinit$$00000013  c_w.l(libinit2.o)
    0x08000312   0x08000312   0x00000000   Code   RO         5969    .ARM.Collect$$libinit$$00000015  c_w.l(libinit2.o)
    0x08000312   0x08000312   0x00000000   Code   RO         5971    .ARM.Collect$$libinit$$00000017  c_w.l(libinit2.o)
    0x08000312   0x08000312   0x00000000   Code   RO         5973    .ARM.Collect$$libinit$$00000019  c_w.l(libinit2.o)
    0x08000312   0x08000312   0x00000000   Code   RO         5975    .ARM.Collect$$libinit$$0000001B  c_w.l(libinit2.o)
    0x08000312   0x08000312   0x00000000   Code   RO         5977    .ARM.Collect$$libinit$$0000001D  c_w.l(libinit2.o)
    0x08000312   0x08000312   0x00000000   Code   RO         5979    .ARM.Collect$$libinit$$0000001F  c_w.l(libinit2.o)
    0x08000312   0x08000312   0x00000000   Code   RO         5981    .ARM.Collect$$libinit$$00000021  c_w.l(libinit2.o)
    0x08000312   0x08000312   0x00000000   Code   RO         5983    .ARM.Collect$$libinit$$00000023  c_w.l(libinit2.o)
    0x08000312   0x08000312   0x00000000   Code   RO         5985    .ARM.Collect$$libinit$$00000025  c_w.l(libinit2.o)
    0x08000312   0x08000312   0x00000000   Code   RO         5989    .ARM.Collect$$libinit$$0000002C  c_w.l(libinit2.o)
    0x08000312   0x08000312   0x00000000   Code   RO         5991    .ARM.Collect$$libinit$$0000002E  c_w.l(libinit2.o)
    0x08000312   0x08000312   0x00000000   Code   RO         5993    .ARM.Collect$$libinit$$00000030  c_w.l(libinit2.o)
    0x08000312   0x08000312   0x00000000   Code   RO         5995    .ARM.Collect$$libinit$$00000032  c_w.l(libinit2.o)
    0x08000312   0x08000312   0x00000002   Code   RO         5996    .ARM.Collect$$libinit$$00000033  c_w.l(libinit2.o)
    0x08000314   0x08000314   0x00000002   Code   RO         6027    .ARM.Collect$$libshutdown$$00000000  c_w.l(libshutdown.o)
    0x08000316   0x08000316   0x00000000   Code   RO         6053    .ARM.Collect$$libshutdown$$00000002  c_w.l(libshutdown2.o)
    0x08000316   0x08000316   0x00000000   Code   RO         6055    .ARM.Collect$$libshutdown$$00000004  c_w.l(libshutdown2.o)
    0x08000316   0x08000316   0x00000000   Code   RO         6057    .ARM.Collect$$libshutdown$$00000006  c_w.l(libshutdown2.o)
    0x08000316   0x08000316   0x00000000   Code   RO         6060    .ARM.Collect$$libshutdown$$00000009  c_w.l(libshutdown2.o)
    0x08000316   0x08000316   0x00000000   Code   RO         6063    .ARM.Collect$$libshutdown$$0000000C  c_w.l(libshutdown2.o)
    0x08000316   0x08000316   0x00000000   Code   RO         6065    .ARM.Collect$$libshutdown$$0000000E  c_w.l(libshutdown2.o)
    0x08000316   0x08000316   0x00000000   Code   RO         6068    .ARM.Collect$$libshutdown$$00000011  c_w.l(libshutdown2.o)
    0x08000316   0x08000316   0x00000002   Code   RO         6069    .ARM.Collect$$libshutdown$$00000012  c_w.l(libshutdown2.o)
    0x08000318   0x08000318   0x00000000   Code   RO         5905    .ARM.Collect$$rtentry$$00000000  c_w.l(__rtentry.o)
    0x08000318   0x08000318   0x00000000   Code   RO         5911    .ARM.Collect$$rtentry$$00000002  c_w.l(__rtentry2.o)
    0x08000318   0x08000318   0x00000006   Code   RO         5923    .ARM.Collect$$rtentry$$00000004  c_w.l(__rtentry4.o)
    0x0800031e   0x0800031e   0x00000000   Code   RO         5913    .ARM.Collect$$rtentry$$00000009  c_w.l(__rtentry2.o)
    0x0800031e   0x0800031e   0x00000004   Code   RO         5914    .ARM.Collect$$rtentry$$0000000A  c_w.l(__rtentry2.o)
    0x08000322   0x08000322   0x00000000   Code   RO         5916    .ARM.Collect$$rtentry$$0000000C  c_w.l(__rtentry2.o)
    0x08000322   0x08000322   0x00000008   Code   RO         5917    .ARM.Collect$$rtentry$$0000000D  c_w.l(__rtentry2.o)
    0x0800032a   0x0800032a   0x00000002   Code   RO         5944    .ARM.Collect$$rtexit$$00000000  c_w.l(rtexit.o)
    0x0800032c   0x0800032c   0x00000000   Code   RO         6000    .ARM.Collect$$rtexit$$00000002  c_w.l(rtexit2.o)
    0x0800032c   0x0800032c   0x00000004   Code   RO         6001    .ARM.Collect$$rtexit$$00000003  c_w.l(rtexit2.o)
    0x08000330   0x08000330   0x00000006   Code   RO         6002    .ARM.Collect$$rtexit$$00000004  c_w.l(rtexit2.o)
    0x08000336   0x08000336   0x00000002   PAD
    0x08000338   0x08000338   0x00000040   Code   RO            4    .text               startup_stm32h743xx.o
    0x08000378   0x08000378   0x000000ee   Code   RO         5895    .text               c_w.l(lludivv7m.o)
    0x08000466   0x08000466   0x00000064   Code   RO         5897    .text               c_w.l(rt_memcpy_w.o)
    0x080004ca   0x080004ca   0x0000004e   Code   RO         5899    .text               c_w.l(rt_memclr_w.o)
    0x08000518   0x08000518   0x00000006   Code   RO         5901    .text               c_w.l(heapauxi.o)
    0x0800051e   0x0800051e   0x0000004a   Code   RO         5927    .text               c_w.l(sys_stackheap_outer.o)
    0x08000568   0x08000568   0x00000012   Code   RO         5929    .text               c_w.l(exit.o)
    0x0800057a   0x0800057a   0x00000002   PAD
    0x0800057c   0x0800057c   0x00000008   Code   RO         5941    .text               c_w.l(libspace.o)
    0x08000584   0x08000584   0x0000000c   Code   RO         5997    .text               c_w.l(sys_exit.o)
    0x08000590   0x08000590   0x00000002   Code   RO         6016    .text               c_w.l(use_no_semi.o)
    0x08000592   0x08000592   0x00000000   Code   RO         6018    .text               c_w.l(indicate_semi.o)
    0x08000592   0x08000592   0x00000004   Code   RO          558    i.BusFault_Handler  stm32h7xx_it.o
    0x08000596   0x08000596   0x00000002   PAD
    0x08000598   0x08000598   0x00000010   Code   RO          559    i.DMA1_Stream0_IRQHandler  stm32h7xx_it.o
    0x080005a8   0x080005a8   0x00000010   Code   RO          560    i.DMA1_Stream1_IRQHandler  stm32h7xx_it.o
    0x080005b8   0x080005b8   0x00000010   Code   RO          561    i.DMA1_Stream2_IRQHandler  stm32h7xx_it.o
    0x080005c8   0x080005c8   0x000000ec   Code   RO         1746    i.DMA_CalcBaseAndBitshift  stm32h7xx_hal_dma.o
    0x080006b4   0x080006b4   0x000000c4   Code   RO         1747    i.DMA_CalcDMAMUXChannelBaseAndMask  stm32h7xx_hal_dma.o
    0x08000778   0x08000778   0x00000098   Code   RO         1748    i.DMA_CalcDMAMUXRequestGenBaseAndMask  stm32h7xx_hal_dma.o
    0x08000810   0x08000810   0x000000ae   Code   RO         1749    i.DMA_CheckFifoParam  stm32h7xx_hal_dma.o
    0x080008be   0x080008be   0x00000002   PAD
    0x080008c0   0x080008c0   0x00000274   Code   RO         1750    i.DMA_SetConfig     stm32h7xx_hal_dma.o
    0x08000b34   0x08000b34   0x00000002   Code   RO          562    i.DebugMon_Handler  stm32h7xx_it.o
    0x08000b36   0x08000b36   0x00000006   Code   RO          168    i.Error_Handler     main.o
    0x08000b3c   0x08000b3c   0x00000010   Code   RO          563    i.FDCAN1_IT0_IRQHandler  stm32h7xx_it.o
    0x08000b4c   0x08000b4c   0x00000054   Code   RO          775    i.FDCAN1_Init       fdcan_bsp.o
    0x08000ba0   0x08000ba0   0x00000010   Code   RO          564    i.FDCAN2_IT0_IRQHandler  stm32h7xx_it.o
    0x08000bb0   0x08000bb0   0x00000080   Code   RO          776    i.FDCAN2_Init       fdcan_bsp.o
    0x08000c30   0x08000c30   0x00000220   Code   RO         3353    i.FDCAN_CalcultateRamBlockAddresses  stm32h7xx_hal_fdcan.o
    0x08000e50   0x08000e50   0x00000014   Code   RO          777    i.FDCAN_Message_Decode  fdcan_bsp.o
    0x08000e64   0x08000e64   0x000004dc   Code   RO         1751    i.HAL_DMA_Abort     stm32h7xx_hal_dma.o
    0x08001340   0x08001340   0x00000398   Code   RO         1752    i.HAL_DMA_Abort_IT  stm32h7xx_hal_dma.o
    0x080016d8   0x080016d8   0x00000af8   Code   RO         1756    i.HAL_DMA_IRQHandler  stm32h7xx_hal_dma.o
    0x080021d0   0x080021d0   0x00000520   Code   RO         1757    i.HAL_DMA_Init      stm32h7xx_hal_dma.o
    0x080026f0   0x080026f0   0x000003e0   Code   RO         1761    i.HAL_DMA_Start_IT  stm32h7xx_hal_dma.o
    0x08002ad0   0x08002ad0   0x00000028   Code   RO         2460    i.HAL_Delay         stm32h7xx_hal.o
    0x08002af8   0x08002af8   0x000000a8   Code   RO         3356    i.HAL_FDCAN_ActivateNotification  stm32h7xx_hal_fdcan.o
    0x08002ba0   0x08002ba0   0x00000002   Code   RO         3359    i.HAL_FDCAN_ClockCalibrationCallback  stm32h7xx_hal_fdcan.o
    0x08002ba2   0x08002ba2   0x000000a8   Code   RO         3363    i.HAL_FDCAN_ConfigFilter  stm32h7xx_hal_fdcan.o
    0x08002c4a   0x08002c4a   0x00000034   Code   RO         3364    i.HAL_FDCAN_ConfigGlobalFilter  stm32h7xx_hal_fdcan.o
    0x08002c7e   0x08002c7e   0x00000002   Code   RO         3385    i.HAL_FDCAN_ErrorCallback  stm32h7xx_hal_fdcan.o
    0x08002c80   0x08002c80   0x00000002   Code   RO         3386    i.HAL_FDCAN_ErrorStatusCallback  stm32h7xx_hal_fdcan.o
    0x08002c82   0x08002c82   0x00000002   PAD
    0x08002c84   0x08002c84   0x000001f4   Code   RO         3397    i.HAL_FDCAN_GetRxMessage  stm32h7xx_hal_fdcan.o
    0x08002e78   0x08002e78   0x00000002   Code   RO         3403    i.HAL_FDCAN_HighPriorityMessageCallback  stm32h7xx_hal_fdcan.o
    0x08002e7a   0x08002e7a   0x00000002   PAD
    0x08002e7c   0x08002e7c   0x000003d4   Code   RO         3404    i.HAL_FDCAN_IRQHandler  stm32h7xx_hal_fdcan.o
    0x08003250   0x08003250   0x000002e0   Code   RO         3405    i.HAL_FDCAN_Init    stm32h7xx_hal_fdcan.o
    0x08003530   0x08003530   0x00000168   Code   RO          354    i.HAL_FDCAN_MspInit  fdcan.o
    0x08003698   0x08003698   0x00000002   Code   RO         3414    i.HAL_FDCAN_RxBufferNewMessageCallback  stm32h7xx_hal_fdcan.o
    0x0800369a   0x0800369a   0x00000028   Code   RO          780    i.HAL_FDCAN_RxFifo0Callback  fdcan_bsp.o
    0x080036c2   0x080036c2   0x0000002e   Code   RO          781    i.HAL_FDCAN_RxFifo1Callback  fdcan_bsp.o
    0x080036f0   0x080036f0   0x00000034   Code   RO         3417    i.HAL_FDCAN_Start   stm32h7xx_hal_fdcan.o
    0x08003724   0x08003724   0x00000002   Code   RO         3439    i.HAL_FDCAN_TT_GlobalTimeCallback  stm32h7xx_hal_fdcan.o
    0x08003726   0x08003726   0x00000002   Code   RO         3440    i.HAL_FDCAN_TT_ScheduleSyncCallback  stm32h7xx_hal_fdcan.o
    0x08003728   0x08003728   0x00000002   Code   RO         3445    i.HAL_FDCAN_TT_StopWatchCallback  stm32h7xx_hal_fdcan.o
    0x0800372a   0x0800372a   0x00000002   Code   RO         3446    i.HAL_FDCAN_TT_TimeMarkCallback  stm32h7xx_hal_fdcan.o
    0x0800372c   0x0800372c   0x00000002   Code   RO         3447    i.HAL_FDCAN_TimeoutOccurredCallback  stm32h7xx_hal_fdcan.o
    0x0800372e   0x0800372e   0x00000002   Code   RO         3448    i.HAL_FDCAN_TimestampWraparoundCallback  stm32h7xx_hal_fdcan.o
    0x08003730   0x08003730   0x00000002   Code   RO         3449    i.HAL_FDCAN_TxBufferAbortCallback  stm32h7xx_hal_fdcan.o
    0x08003732   0x08003732   0x00000002   Code   RO         3450    i.HAL_FDCAN_TxBufferCompleteCallback  stm32h7xx_hal_fdcan.o
    0x08003734   0x08003734   0x00000002   Code   RO         3451    i.HAL_FDCAN_TxEventFifoCallback  stm32h7xx_hal_fdcan.o
    0x08003736   0x08003736   0x00000002   Code   RO         3452    i.HAL_FDCAN_TxFifoEmptyCallback  stm32h7xx_hal_fdcan.o
    0x08003738   0x08003738   0x000001fc   Code   RO         1599    i.HAL_GPIO_Init     stm32h7xx_hal_gpio.o
    0x08003934   0x08003934   0x0000000c   Code   RO         1603    i.HAL_GPIO_WritePin  stm32h7xx_hal_gpio.o
    0x08003940   0x08003940   0x0000000c   Code   RO         2471    i.HAL_GetREVID      stm32h7xx_hal.o
    0x0800394c   0x0800394c   0x0000000c   Code   RO         2472    i.HAL_GetTick       stm32h7xx_hal.o
    0x08003958   0x08003958   0x00000018   Code   RO         2478    i.HAL_IncTick       stm32h7xx_hal.o
    0x08003970   0x08003970   0x00000060   Code   RO         2479    i.HAL_Init          stm32h7xx_hal.o
    0x080039d0   0x080039d0   0x000000a0   Code   RO          736    i.HAL_InitTick      stm32h7xx_hal_timebase_tim.o
    0x08003a70   0x08003a70   0x00000024   Code   RO          712    i.HAL_MspInit       stm32h7xx_hal_msp.o
    0x08003a94   0x08003a94   0x00000028   Code   RO          894    i.HAL_NVIC_EnableIRQ  stm32h7xx_hal_cortex.o
    0x08003abc   0x08003abc   0x0000007a   Code   RO          900    i.HAL_NVIC_SetPriority  stm32h7xx_hal_cortex.o
    0x08003b36   0x08003b36   0x00000002   PAD
    0x08003b38   0x08003b38   0x00000028   Code   RO          901    i.HAL_NVIC_SetPriorityGrouping  stm32h7xx_hal_cortex.o
    0x08003b60   0x08003b60   0x00000060   Code   RO         2200    i.HAL_PWREx_ConfigSupply  stm32h7xx_hal_pwr_ex.o
    0x08003bc0   0x08003bc0   0x00000024   Code   RO         1150    i.HAL_RCCEx_GetD3PCLK1Freq  stm32h7xx_hal_rcc_ex.o
    0x08003be4   0x08003be4   0x00000230   Code   RO         1152    i.HAL_RCCEx_GetPLL2ClockFreq  stm32h7xx_hal_rcc_ex.o
    0x08003e14   0x08003e14   0x00000230   Code   RO         1153    i.HAL_RCCEx_GetPLL3ClockFreq  stm32h7xx_hal_rcc_ex.o
    0x08004044   0x08004044   0x00000b64   Code   RO         1159    i.HAL_RCCEx_PeriphCLKConfig  stm32h7xx_hal_rcc_ex.o
    0x08004ba8   0x08004ba8   0x00000320   Code   RO         1035    i.HAL_RCC_ClockConfig  stm32h7xx_hal_rcc.o
    0x08004ec8   0x08004ec8   0x0000006c   Code   RO         1039    i.HAL_RCC_GetClockConfig  stm32h7xx_hal_rcc.o
    0x08004f34   0x08004f34   0x0000004c   Code   RO         1040    i.HAL_RCC_GetHCLKFreq  stm32h7xx_hal_rcc.o
    0x08004f80   0x08004f80   0x00000024   Code   RO         1042    i.HAL_RCC_GetPCLK1Freq  stm32h7xx_hal_rcc.o
    0x08004fa4   0x08004fa4   0x00000024   Code   RO         1043    i.HAL_RCC_GetPCLK2Freq  stm32h7xx_hal_rcc.o
    0x08004fc8   0x08004fc8   0x0000022c   Code   RO         1044    i.HAL_RCC_GetSysClockFreq  stm32h7xx_hal_rcc.o
    0x080051f4   0x080051f4   0x00000800   Code   RO         1047    i.HAL_RCC_OscConfig  stm32h7xx_hal_rcc.o
    0x080059f4   0x080059f4   0x00000180   Code   RO         3982    i.HAL_SPI_Init      stm32h7xx_hal_spi.o
    0x08005b74   0x08005b74   0x000000b8   Code   RO          403    i.HAL_SPI_MspInit   spi.o
    0x08005c2c   0x08005c2c   0x00000002   Code   RO         5026    i.HAL_TIMEx_Break2Callback  stm32h7xx_hal_tim_ex.o
    0x08005c2e   0x08005c2e   0x00000002   Code   RO         5027    i.HAL_TIMEx_BreakCallback  stm32h7xx_hal_tim_ex.o
    0x08005c30   0x08005c30   0x00000002   Code   RO         5028    i.HAL_TIMEx_CommutCallback  stm32h7xx_hal_tim_ex.o
    0x08005c32   0x08005c32   0x00000002   PAD
    0x08005c34   0x08005c34   0x000000b4   Code   RO         5030    i.HAL_TIMEx_ConfigBreakDeadTime  stm32h7xx_hal_tim_ex.o
    0x08005ce8   0x08005ce8   0x000000cc   Code   RO         5048    i.HAL_TIMEx_MasterConfigSynchronization  stm32h7xx_hal_tim_ex.o
    0x08005db4   0x08005db4   0x0000006e   Code   RO         4301    i.HAL_TIM_Base_Init  stm32h7xx_hal_tim.o
    0x08005e22   0x08005e22   0x00000002   PAD
    0x08005e24   0x08005e24   0x00000128   Code   RO          445    i.HAL_TIM_Base_MspInit  tim.o
    0x08005f4c   0x08005f4c   0x000000b4   Code   RO         4306    i.HAL_TIM_Base_Start_IT  stm32h7xx_hal_tim.o
    0x08006000   0x08006000   0x00000134   Code   RO         4310    i.HAL_TIM_ConfigClockSource  stm32h7xx_hal_tim.o
    0x08006134   0x08006134   0x00000002   Code   RO         4331    i.HAL_TIM_ErrorCallback  stm32h7xx_hal_tim.o
    0x08006136   0x08006136   0x00000002   Code   RO         4335    i.HAL_TIM_IC_CaptureCallback  stm32h7xx_hal_tim.o
    0x08006138   0x08006138   0x000001b8   Code   RO         4349    i.HAL_TIM_IRQHandler  stm32h7xx_hal_tim.o
    0x080062f0   0x080062f0   0x00000060   Code   RO          446    i.HAL_TIM_MspPostInit  tim.o
    0x08006350   0x08006350   0x00000002   Code   RO         4352    i.HAL_TIM_OC_DelayElapsedCallback  stm32h7xx_hal_tim.o
    0x08006352   0x08006352   0x00000170   Code   RO         4373    i.HAL_TIM_PWM_ConfigChannel  stm32h7xx_hal_tim.o
    0x080064c2   0x080064c2   0x0000006e   Code   RO         4376    i.HAL_TIM_PWM_Init  stm32h7xx_hal_tim.o
    0x08006530   0x08006530   0x00000002   Code   RO         4378    i.HAL_TIM_PWM_MspInit  stm32h7xx_hal_tim.o
    0x08006532   0x08006532   0x00000002   Code   RO         4379    i.HAL_TIM_PWM_PulseFinishedCallback  stm32h7xx_hal_tim.o
    0x08006534   0x08006534   0x00000002   Code   RO         4380    i.HAL_TIM_PWM_PulseFinishedHalfCpltCallback  stm32h7xx_hal_tim.o
    0x08006536   0x08006536   0x00000002   PAD
    0x08006538   0x08006538   0x000002b8   Code   RO         4382    i.HAL_TIM_PWM_Start_DMA  stm32h7xx_hal_tim.o
    0x080067f0   0x080067f0   0x00000150   Code   RO         4385    i.HAL_TIM_PWM_Stop_DMA  stm32h7xx_hal_tim.o
    0x08006940   0x08006940   0x000000c8   Code   RO          169    i.HAL_TIM_PeriodElapsedCallback  main.o
    0x08006a08   0x08006a08   0x00000002   Code   RO         4392    i.HAL_TIM_TriggerCallback  stm32h7xx_hal_tim.o
    0x08006a0a   0x08006a0a   0x0000004e   Code   RO         5742    i.HAL_UARTEx_DisableFifoMode  stm32h7xx_hal_uart_ex.o
    0x08006a58   0x08006a58   0x00000002   Code   RO         5326    i.HAL_UARTEx_RxEventCallback  stm32h7xx_hal_uart.o
    0x08006a5a   0x08006a5a   0x00000002   Code   RO         5749    i.HAL_UARTEx_RxFifoFullCallback  stm32h7xx_hal_uart_ex.o
    0x08006a5c   0x08006a5c   0x0000005e   Code   RO         5750    i.HAL_UARTEx_SetRxFifoThreshold  stm32h7xx_hal_uart_ex.o
    0x08006aba   0x08006aba   0x0000005e   Code   RO         5751    i.HAL_UARTEx_SetTxFifoThreshold  stm32h7xx_hal_uart_ex.o
    0x08006b18   0x08006b18   0x00000002   Code   RO         5753    i.HAL_UARTEx_TxFifoEmptyCallback  stm32h7xx_hal_uart_ex.o
    0x08006b1a   0x08006b1a   0x00000002   Code   RO         5754    i.HAL_UARTEx_WakeupCallback  stm32h7xx_hal_uart_ex.o
    0x08006b1c   0x08006b1c   0x00000002   Code   RO         5342    i.HAL_UART_ErrorCallback  stm32h7xx_hal_uart.o
    0x08006b1e   0x08006b1e   0x00000002   PAD
    0x08006b20   0x08006b20   0x00000458   Code   RO         5345    i.HAL_UART_IRQHandler  stm32h7xx_hal_uart.o
    0x08006f78   0x08006f78   0x00000078   Code   RO         5346    i.HAL_UART_Init     stm32h7xx_hal_uart.o
    0x08006ff0   0x08006ff0   0x0000023c   Code   RO          505    i.HAL_UART_MspInit  usart.o
    0x0800722c   0x0800722c   0x00000074   Code   RO         5350    i.HAL_UART_Receive_DMA  stm32h7xx_hal_uart.o
    0x080072a0   0x080072a0   0x00000074   Code   RO         5351    i.HAL_UART_Receive_IT  stm32h7xx_hal_uart.o
    0x08007314   0x08007314   0x00000030   Code   RO          170    i.HAL_UART_RxCpltCallback  main.o
    0x08007344   0x08007344   0x00000002   Code   RO         5354    i.HAL_UART_RxHalfCpltCallback  stm32h7xx_hal_uart.o
    0x08007346   0x08007346   0x000000d6   Code   RO         5355    i.HAL_UART_Transmit  stm32h7xx_hal_uart.o
    0x0800741c   0x0800741c   0x00000002   Code   RO         5358    i.HAL_UART_TxCpltCallback  stm32h7xx_hal_uart.o
    0x0800741e   0x0800741e   0x00000004   Code   RO          565    i.HardFault_Handler  stm32h7xx_it.o
    0x08007422   0x08007422   0x00000002   PAD
    0x08007424   0x08007424   0x00000054   Code   RO          329    i.MX_DMA_Init       dma.o
    0x08007478   0x08007478   0x00000080   Code   RO          355    i.MX_FDCAN1_Init    fdcan.o
    0x080074f8   0x080074f8   0x00000080   Code   RO          356    i.MX_FDCAN2_Init    fdcan.o
    0x08007578   0x08007578   0x0000019c   Code   RO          305    i.MX_GPIO_Init      gpio.o
    0x08007714   0x08007714   0x00000060   Code   RO          404    i.MX_SPI1_Init      spi.o
    0x08007774   0x08007774   0x0000004c   Code   RO          447    i.MX_TIM6_Init      tim.o
    0x080077c0   0x080077c0   0x0000004c   Code   RO          448    i.MX_TIM7_Init      tim.o
    0x0800780c   0x0800780c   0x000000e8   Code   RO          449    i.MX_TIM8_Init      tim.o
    0x080078f4   0x080078f4   0x00000070   Code   RO          506    i.MX_UART8_Init     usart.o
    0x08007964   0x08007964   0x0000006c   Code   RO          507    i.MX_USART2_UART_Init  usart.o
    0x080079d0   0x080079d0   0x00000070   Code   RO          508    i.MX_USART3_UART_Init  usart.o
    0x08007a40   0x08007a40   0x00000004   Code   RO          566    i.MemManage_Handler  stm32h7xx_it.o
    0x08007a44   0x08007a44   0x00000004   Code   RO          567    i.NMI_Handler       stm32h7xx_it.o
    0x08007a48   0x08007a48   0x00000002   Code   RO          568    i.PendSV_Handler    stm32h7xx_it.o
    0x08007a4a   0x08007a4a   0x00000002   PAD
    0x08007a4c   0x08007a4c   0x00000164   Code   RO         1162    i.RCCEx_PLL2_Config  stm32h7xx_hal_rcc_ex.o
    0x08007bb0   0x08007bb0   0x00000164   Code   RO         1163    i.RCCEx_PLL3_Config  stm32h7xx_hal_rcc_ex.o
    0x08007d14   0x08007d14   0x000000b0   Code   RO          839    i.RGB_Buffer_Input  rgb.o
    0x08007dc4   0x08007dc4   0x000002e8   Code   RO          840    i.RGB_Change        rgb.o
    0x080080ac   0x080080ac   0x00000040   Code   RO          841    i.RGB_Color         rgb.o
    0x080080ec   0x080080ec   0x0000002c   Code   RO          842    i.RGB_Init          rgb.o
    0x08008118   0x08008118   0x0000001a   Code   RO         4012    i.SPI_GetPacketSize  stm32h7xx_hal_spi.o
    0x08008132   0x08008132   0x00000002   Code   RO          569    i.SVC_Handler       stm32h7xx_it.o
    0x08008134   0x08008134   0x00000002   Code   RO          570    i.SysTick_Handler   stm32h7xx_it.o
    0x08008136   0x08008136   0x00000002   PAD
    0x08008138   0x08008138   0x000000e4   Code   RO          171    i.SystemClock_Config  main.o
    0x0800821c   0x0800821c   0x000000fc   Code   RO         5860    i.SystemInit        system_stm32h7xx.o
    0x08008318   0x08008318   0x00000010   Code   RO          571    i.TIM6_DAC_IRQHandler  stm32h7xx_it.o
    0x08008328   0x08008328   0x00000010   Code   RO          572    i.TIM7_IRQHandler   stm32h7xx_it.o
    0x08008338   0x08008338   0x00000010   Code   RO          573    i.TIM8_BRK_TIM12_IRQHandler  stm32h7xx_it.o
    0x08008348   0x08008348   0x00000018   Code   RO          574    i.TIM8_TRG_COM_TIM14_IRQHandler  stm32h7xx_it.o
    0x08008360   0x08008360   0x00000010   Code   RO          575    i.TIM8_UP_TIM13_IRQHandler  stm32h7xx_it.o
    0x08008370   0x08008370   0x000000cc   Code   RO         4394    i.TIM_Base_SetConfig  stm32h7xx_hal_tim.o
    0x0800843c   0x0800843c   0x00000022   Code   RO         4395    i.TIM_CCxChannelCmd  stm32h7xx_hal_tim.o
    0x0800845e   0x0800845e   0x00000068   Code   RO         4398    i.TIM_DMADelayPulseCplt  stm32h7xx_hal_tim.o
    0x080084c6   0x080084c6   0x00000040   Code   RO         4399    i.TIM_DMADelayPulseHalfCplt  stm32h7xx_hal_tim.o
    0x08008506   0x08008506   0x0000005e   Code   RO         4400    i.TIM_DMAError      stm32h7xx_hal_tim.o
    0x08008564   0x08008564   0x00000016   Code   RO         4405    i.TIM_ETR_SetConfig  stm32h7xx_hal_tim.o
    0x0800857a   0x0800857a   0x00000002   PAD
    0x0800857c   0x0800857c   0x00000018   Code   RO         4406    i.TIM_ITRx_SetConfig  stm32h7xx_hal_tim.o
    0x08008594   0x08008594   0x000000ac   Code   RO         4407    i.TIM_OC1_SetConfig  stm32h7xx_hal_tim.o
    0x08008640   0x08008640   0x000000b4   Code   RO         4408    i.TIM_OC2_SetConfig  stm32h7xx_hal_tim.o
    0x080086f4   0x080086f4   0x000000b4   Code   RO         4409    i.TIM_OC3_SetConfig  stm32h7xx_hal_tim.o
    0x080087a8   0x080087a8   0x00000074   Code   RO         4410    i.TIM_OC4_SetConfig  stm32h7xx_hal_tim.o
    0x0800881c   0x0800881c   0x00000070   Code   RO         4411    i.TIM_OC5_SetConfig  stm32h7xx_hal_tim.o
    0x0800888c   0x0800888c   0x00000070   Code   RO         4412    i.TIM_OC6_SetConfig  stm32h7xx_hal_tim.o
    0x080088fc   0x080088fc   0x00000026   Code   RO         4414    i.TIM_TI1_ConfigInputStage  stm32h7xx_hal_tim.o
    0x08008922   0x08008922   0x00000028   Code   RO         4416    i.TIM_TI2_ConfigInputStage  stm32h7xx_hal_tim.o
    0x0800894a   0x0800894a   0x00000002   PAD
    0x0800894c   0x0800894c   0x00000010   Code   RO          576    i.UART8_IRQHandler  stm32h7xx_it.o
    0x0800895c   0x0800895c   0x00000058   Code   RO         5755    i.UARTEx_SetNbDataToProcess  stm32h7xx_hal_uart_ex.o
    0x080089b4   0x080089b4   0x000000f8   Code   RO         5360    i.UART_AdvFeatureConfig  stm32h7xx_hal_uart.o
    0x08008aac   0x08008aac   0x00000076   Code   RO         5361    i.UART_CheckIdleState  stm32h7xx_hal_uart.o
    0x08008b22   0x08008b22   0x00000018   Code   RO         5362    i.UART_DMAAbortOnError  stm32h7xx_hal_uart.o
    0x08008b3a   0x08008b3a   0x0000005e   Code   RO         5363    i.UART_DMAError     stm32h7xx_hal_uart.o
    0x08008b98   0x08008b98   0x000000aa   Code   RO         5364    i.UART_DMAReceiveCplt  stm32h7xx_hal_uart.o
    0x08008c42   0x08008c42   0x00000022   Code   RO         5366    i.UART_DMARxHalfCplt  stm32h7xx_hal_uart.o
    0x08008c64   0x08008c64   0x0000006c   Code   RO         5372    i.UART_EndRxTransfer  stm32h7xx_hal_uart.o
    0x08008cd0   0x08008cd0   0x00000030   Code   RO         5373    i.UART_EndTransmit_IT  stm32h7xx_hal_uart.o
    0x08008d00   0x08008d00   0x00000040   Code   RO         5374    i.UART_EndTxTransfer  stm32h7xx_hal_uart.o
    0x08008d40   0x08008d40   0x000000d2   Code   RO         5375    i.UART_RxISR_16BIT  stm32h7xx_hal_uart.o
    0x08008e12   0x08008e12   0x00000002   PAD
    0x08008e14   0x08008e14   0x000001c8   Code   RO         5376    i.UART_RxISR_16BIT_FIFOEN  stm32h7xx_hal_uart.o
    0x08008fdc   0x08008fdc   0x000000ce   Code   RO         5377    i.UART_RxISR_8BIT   stm32h7xx_hal_uart.o
    0x080090aa   0x080090aa   0x00000002   PAD
    0x080090ac   0x080090ac   0x000001c8   Code   RO         5378    i.UART_RxISR_8BIT_FIFOEN  stm32h7xx_hal_uart.o
    0x08009274   0x08009274   0x0000058c   Code   RO         5379    i.UART_SetConfig    stm32h7xx_hal_uart.o
    0x08009800   0x08009800   0x000000d4   Code   RO         5380    i.UART_Start_Receive_DMA  stm32h7xx_hal_uart.o
    0x080098d4   0x080098d4   0x00000170   Code   RO         5381    i.UART_Start_Receive_IT  stm32h7xx_hal_uart.o
    0x08009a44   0x08009a44   0x000000fe   Code   RO         5386    i.UART_WaitOnFlagUntilTimeout  stm32h7xx_hal_uart.o
    0x08009b42   0x08009b42   0x00000002   PAD
    0x08009b44   0x08009b44   0x00000010   Code   RO          577    i.USART3_IRQHandler  stm32h7xx_it.o
    0x08009b54   0x08009b54   0x00000004   Code   RO          578    i.UsageFault_Handler  stm32h7xx_it.o
    0x08009b58   0x08009b58   0x00000010   Code   RO          907    i.__NVIC_GetPriorityGrouping  stm32h7xx_hal_cortex.o
    0x08009b68   0x08009b68   0x00000028   Code   RO          908    i.__NVIC_SetPriority  stm32h7xx_hal_cortex.o
    0x08009b90   0x08009b90   0x00000020   Code   RO          172    i.ababab            main.o
    0x08009bb0   0x08009bb0   0x000000a0   Code   RO           13    i.data_update       lidar.o
    0x08009c50   0x08009c50   0x00000134   Code   RO          173    i.main              main.o
    0x08009d84   0x08009d84   0x0000000a   Code   RO         6012    x$fpl$fpinit        fz_wv.l(fpinit.o)
    0x08009d8e   0x08009d8e   0x00000008   Data   RO         1763    .constdata          stm32h7xx_hal_dma.o
    0x08009d96   0x08009d96   0x00000002   PAD
    0x08009d98   0x08009d98   0x0000005c   Data   RO         3453    .constdata          stm32h7xx_hal_fdcan.o
    0x08009df4   0x08009df4   0x00000018   Data   RO         5387    .constdata          stm32h7xx_hal_uart.o
    0x08009e0c   0x08009e0c   0x00000010   Data   RO         5757    .constdata          stm32h7xx_hal_uart_ex.o
    0x08009e1c   0x08009e1c   0x00000010   Data   RO         5861    .constdata          system_stm32h7xx.o
    0x08009e2c   0x08009e2c   0x00000020   Data   RO         6070    Region$$Table       anon$$obj.o


    Execution Region RW_IRAM2 (Exec base: 0x24000000, Load base: 0x08009e4c, Size: 0x00063a68, Max: 0x00080000, ABSOLUTE)

    Exec Addr    Load Addr    Size         Type   Attr      Idx    E Section Name        Object

    0x24000000   0x08009e4c   0x00000012   Data   RW           15    .data               lidar.o
    0x24000012   0x08009e5e   0x00000002   PAD
    0x24000014   0x08009e60   0x0000002c   Data   RW          181    .data               main.o
    0x24000040   0x08009e8c   0x00000004   Data   RW          358    .data               fdcan.o
    0x24000044   0x08009e90   0x00000004   Data   RW          844    .data               rgb.o
    0x24000048   0x08009e94   0x00000009   Data   RW         2501    .data               stm32h7xx_hal.o
    0x24000051   0x08009e9d   0x00000003   PAD
    0x24000054   0x08009ea0   0x00000008   Data   RW         5862    .data               system_stm32h7xx.o
    0x2400005c        -       0x00020000   Zero   RW           14    .bss                lidar.o
    0x2402005c        -       0x0000215c   Zero   RW          180    .bss                main.o
    0x240221b8        -       0x00000140   Zero   RW          357    .bss                fdcan.o
    0x240222f8        -       0x00000088   Zero   RW          405    .bss                spi.o
    0x24022380        -       0x0000015c   Zero   RW          450    .bss                tim.o
    0x240224dc        -       0x000002a0   Zero   RW          509    .bss                usart.o
    0x2402277c        -       0x0000004c   Zero   RW          739    .bss                stm32h7xx_hal_timebase_tim.o
    0x240227c8        -       0x0000023a   Zero   RW          843    .bss                rgb.o
    0x24022a02   0x08009ea8   0x00000002   PAD
    0x24022a04        -       0x00000060   Zero   RW         5942    .bss                c_w.l(libspace.o)
    0x24022a64   0x08009ea8   0x00000004   PAD
    0x24022a68        -       0x0003f000   Zero   RW            2    HEAP                startup_stm32h743xx.o
    0x24061a68        -       0x00002000   Zero   RW            1    STACK               startup_stm32h743xx.o


==============================================================================

Image component sizes


      Code (inc. data)   RO Data    RW Data    ZI Data      Debug   Object Name

        84          4          0          0          0        890   dma.o
       616         44          0          4        320       2728   fdcan.o
       318         12          0          0          0       3739   fdcan_bsp.o
       412         24          0          0          0       1263   gpio.o
       160         20          0         18     131072    1328943   lidar.o
       822        112          0         44       8540       5716   main.o
      1028         46          0          4        570       3689   rgb.o
       280         20          0          0        136       1869   spi.o
        64         26        664          0     266240        840   startup_stm32h743xx.o
       184         38          0          9          0      22677   stm32h7xx_hal.o
       258         22          0          0          0      39238   stm32h7xx_hal_cortex.o
      8662        168          8          0          0      13270   stm32h7xx_hal_dma.o
      3230         46         92          0          0      20776   stm32h7xx_hal_fdcan.o
       520         52          0          0          0       2216   stm32h7xx_hal_gpio.o
        36          4          0          0          0        922   stm32h7xx_hal_msp.o
        96          6          0          0          0        769   stm32h7xx_hal_pwr_ex.o
      3660        118          0          0          0       7617   stm32h7xx_hal_rcc.o
      4784        110          0          0          0       7229   stm32h7xx_hal_rcc_ex.o
       410         12          0          0          0       2127   stm32h7xx_hal_spi.o
      4058        310          0          0          0      22442   stm32h7xx_hal_tim.o
       390         38          0          0          0       4056   stm32h7xx_hal_tim_ex.o
       160         20          0          0         76       1640   stm32h7xx_hal_timebase_tim.o
      6176        204         24          0          0      43080   stm32h7xx_hal_uart.o
       360         10         16          0          0       5510   stm32h7xx_hal_uart_ex.o
       228         74          0          0          0      10134   stm32h7xx_it.o
       252         40         16          8          0       1390   system_stm32h7xx.o
       776         68          0          0        348       3956   tim.o
       904         76          0          0        672       3516   usart.o

    ----------------------------------------------------------------------
     38962       1724        854         92     407976    1562242   Object Totals
         0          0         32          0          0          0   (incl. Generated)
        34          0          2          5          2          0   (incl. Padding)

    ----------------------------------------------------------------------

      Code (inc. data)   RO Data    RW Data    ZI Data      Debug   Library Member Name

         8          0          0          0          0         68   __main.o
         0          0          0          0          0          0   __rtentry.o
        12          0          0          0          0          0   __rtentry2.o
         6          0          0          0          0          0   __rtentry4.o
        52          8          0          0          0          0   __scatter.o
        26          0          0          0          0          0   __scatter_copy.o
        28          0          0          0          0          0   __scatter_zi.o
        18          0          0          0          0         80   exit.o
         6          0          0          0          0        152   heapauxi.o
         0          0          0          0          0          0   indicate_semi.o
         2          0          0          0          0          0   libinit.o
         6          0          0          0          0          0   libinit2.o
         2          0          0          0          0          0   libshutdown.o
         2          0          0          0          0          0   libshutdown2.o
         8          4          0          0         96         68   libspace.o
       238          0          0          0          0        100   lludivv7m.o
        78          0          0          0          0         80   rt_memclr_w.o
       100          0          0          0          0         80   rt_memcpy_w.o
         2          0          0          0          0          0   rtexit.o
        10          0          0          0          0          0   rtexit2.o
        12          4          0          0          0         68   sys_exit.o
        74          0          0          0          0         80   sys_stackheap_outer.o
         2          0          0          0          0         68   use_no_semi.o
        10          0          0          0          0        116   fpinit.o

    ----------------------------------------------------------------------
       708         16          0          0        100        960   Library Totals
         6          0          0          0          4          0   (incl. Padding)

    ----------------------------------------------------------------------

      Code (inc. data)   RO Data    RW Data    ZI Data      Debug   Library Name

       692         16          0          0         96        844   c_w.l
        10          0          0          0          0        116   fz_wv.l

    ----------------------------------------------------------------------
       708         16          0          0        100        960   Library Totals

    ----------------------------------------------------------------------

==============================================================================


      Code (inc. data)   RO Data    RW Data    ZI Data      Debug   

     39670       1740        854         92     408076    1545190   Grand Totals
     39670       1740        854         92     408076    1545190   ELF Image Totals
     39670       1740        854         92          0          0   ROM Totals

==============================================================================

    Total RO  Size (Code + RO Data)                40524 (  39.57kB)
    Total RW  Size (RW Data + ZI Data)            408168 ( 398.60kB)
    Total ROM Size (Code + RO Data + RW Data)      40616 (  39.66kB)

==============================================================================

