Component: ARM Compiler 5.06 update 7 (build 960) Tool: armlink [4d3601]

==============================================================================

Section Cross References

    startup_stm32h743xx.o(STACK) refers (Special) to heapauxi.o(.text) for __use_two_region_memory
    startup_stm32h743xx.o(HEAP) refers (Special) to heapauxi.o(.text) for __use_two_region_memory
    startup_stm32h743xx.o(RESET) refers (Special) to heapauxi.o(.text) for __use_two_region_memory
    startup_stm32h743xx.o(RESET) refers to startup_stm32h743xx.o(STACK) for __initial_sp
    startup_stm32h743xx.o(RESET) refers to startup_stm32h743xx.o(.text) for Reset_Handler
    startup_stm32h743xx.o(RESET) refers to stm32h7xx_it.o(i.NMI_Handler) for NMI_Handler
    startup_stm32h743xx.o(RESET) refers to stm32h7xx_it.o(i.HardFault_Handler) for HardFault_Handler
    startup_stm32h743xx.o(RESET) refers to stm32h7xx_it.o(i.MemManage_Handler) for MemManage_Handler
    startup_stm32h743xx.o(RESET) refers to stm32h7xx_it.o(i.BusFault_Handler) for BusFault_Handler
    startup_stm32h743xx.o(RESET) refers to stm32h7xx_it.o(i.UsageFault_Handler) for UsageFault_Handler
    startup_stm32h743xx.o(RESET) refers to stm32h7xx_it.o(i.SVC_Handler) for SVC_Handler
    startup_stm32h743xx.o(RESET) refers to stm32h7xx_it.o(i.DebugMon_Handler) for DebugMon_Handler
    startup_stm32h743xx.o(RESET) refers to stm32h7xx_it.o(i.PendSV_Handler) for PendSV_Handler
    startup_stm32h743xx.o(RESET) refers to stm32h7xx_it.o(i.SysTick_Handler) for SysTick_Handler
    startup_stm32h743xx.o(RESET) refers to stm32h7xx_it.o(i.DMA1_Stream0_IRQHandler) for DMA1_Stream0_IRQHandler
    startup_stm32h743xx.o(RESET) refers to stm32h7xx_it.o(i.DMA1_Stream1_IRQHandler) for DMA1_Stream1_IRQHandler
    startup_stm32h743xx.o(RESET) refers to stm32h7xx_it.o(i.DMA1_Stream2_IRQHandler) for DMA1_Stream2_IRQHandler
    startup_stm32h743xx.o(RESET) refers to stm32h7xx_it.o(i.FDCAN1_IT0_IRQHandler) for FDCAN1_IT0_IRQHandler
    startup_stm32h743xx.o(RESET) refers to stm32h7xx_it.o(i.FDCAN2_IT0_IRQHandler) for FDCAN2_IT0_IRQHandler
    startup_stm32h743xx.o(RESET) refers to stm32h7xx_it.o(i.USART2_IRQHandler) for USART2_IRQHandler
    startup_stm32h743xx.o(RESET) refers to stm32h7xx_it.o(i.USART3_IRQHandler) for USART3_IRQHandler
    startup_stm32h743xx.o(RESET) refers to stm32h7xx_it.o(i.TIM8_BRK_TIM12_IRQHandler) for TIM8_BRK_TIM12_IRQHandler
    startup_stm32h743xx.o(RESET) refers to stm32h7xx_it.o(i.TIM8_UP_TIM13_IRQHandler) for TIM8_UP_TIM13_IRQHandler
    startup_stm32h743xx.o(RESET) refers to stm32h7xx_it.o(i.TIM8_TRG_COM_TIM14_IRQHandler) for TIM8_TRG_COM_TIM14_IRQHandler
    startup_stm32h743xx.o(RESET) refers to stm32h7xx_it.o(i.TIM6_DAC_IRQHandler) for TIM6_DAC_IRQHandler
    startup_stm32h743xx.o(RESET) refers to stm32h7xx_it.o(i.TIM7_IRQHandler) for TIM7_IRQHandler
    startup_stm32h743xx.o(RESET) refers to stm32h7xx_it.o(i.UART8_IRQHandler) for UART8_IRQHandler
    startup_stm32h743xx.o(.text) refers (Special) to heapauxi.o(.text) for __use_two_region_memory
    startup_stm32h743xx.o(.text) refers to system_stm32h7xx.o(i.SystemInit) for SystemInit
    startup_stm32h743xx.o(.text) refers to __main.o(!!!main) for __main
    startup_stm32h743xx.o(.text) refers to startup_stm32h743xx.o(HEAP) for Heap_Mem
    startup_stm32h743xx.o(.text) refers to startup_stm32h743xx.o(STACK) for Stack_Mem
    lidar.o(i.Get_BOHH_Coordinate) refers to cos.o(i.__hardfp_cos) for __hardfp_cos
    lidar.o(i.Get_BOHH_Coordinate) refers to sin.o(i.__hardfp_sin) for __hardfp_sin
    lidar.o(i.Get_BOHH_Coordinate) refers to lidar.o(.data) for Lidar_A
    lidar.o(i.Get_BOHH_Coordinate) refers to lidar.o(.constdata) for Pratical_Center_A
    lidar.o(i.Tran_XY_To_Angle_Distance) refers to cos.o(i.__hardfp_cos) for __hardfp_cos
    lidar.o(i.Tran_XY_To_Angle_Distance) refers to sin.o(i.__hardfp_sin) for __hardfp_sin
    lidar.o(i.Tran_XY_To_Angle_Distance) refers to atan2.o(i.__hardfp_atan2) for __hardfp_atan2
    lidar.o(i.Tran_XY_To_Angle_Distance) refers to sqrt.o(i.__hardfp_sqrt) for __hardfp_sqrt
    lidar.o(i.Tran_XY_To_Angle_Distance) refers to lidar.o(.data) for Lidar_X
    lidar.o(i.data_update) refers to lidar.o(i.Get_BOHH_Coordinate) for Get_BOHH_Coordinate
    lidar.o(i.data_update) refers to lidar.o(.data) for angle_last
    lidar.o(i.data_update) refers to lidar.o(.bss) for BOHH
    main.o(i.HAL_TIM_PeriodElapsedCallback) refers to stm32h7xx_hal.o(i.HAL_IncTick) for HAL_IncTick
    main.o(i.HAL_TIM_PeriodElapsedCallback) refers to lidar.o(i.data_update) for data_update
    main.o(i.HAL_TIM_PeriodElapsedCallback) refers to lidar.o(i.Tran_XY_To_Angle_Distance) for Tran_XY_To_Angle_Distance
    main.o(i.HAL_TIM_PeriodElapsedCallback) refers to main.o(i.msg_transfer) for msg_transfer
    main.o(i.HAL_TIM_PeriodElapsedCallback) refers to main.o(i.ababab) for ababab
    main.o(i.HAL_TIM_PeriodElapsedCallback) refers to rt_memcpy_w.o(.text) for __aeabi_memcpy4
[...]
    Stack_Mem                                0x24055ab8   Data        8192  startup_stm32h743xx.o(STACK)
    __initial_sp                             0x24057ab8   Data           0  startup_stm32h743xx.o(STACK)

    Global Symbols

    Symbol Name                              Value     Ov Type        Size  Object(Section)

    BuildAttributes$$THM_ISAv4$E$P$D$K$B$S$7EM$VFPv5_D16$PE$PLD8$A:L22UL41UL21$X:L11$S22US41US21$IEEE1$IW$USESV6$~STKCKD$USESV7$~SHL$OTIME$ROPI$IEEEX$EBA8$UX$STANDARDLIB$REQ8$PRES8$EABIv2 0x00000000   Number         0  anon$$obj.o ABSOLUTE
    __ARM_use_no_argv                        0x00000000   Number         0  main.o ABSOLUTE
    __ARM_exceptions_init                     - Undefined Weak Reference
    __alloca_initialize                       - Undefined Weak Reference
    __arm_fini_                               - Undefined Weak Reference
    __arm_preinit_                            - Undefined Weak Reference
    __cpp_initialize__aeabi_                  - Undefined Weak Reference
    __cxa_finalize                            - Undefined Weak Reference
    __rt_locale                               - Undefined Weak Reference
    __sigvec_lookup                           - Undefined Weak Reference
    _atexit_init                              - Undefined Weak Reference
    _call_atexit_fns                          - Undefined Weak Reference
    _clock_init                               - Undefined Weak Reference
    _fp_trap_init                             - Undefined Weak Reference
    _fp_trap_shutdown                         - Undefined Weak Reference
    _get_lc_collate                           - Undefined Weak Reference
    _get_lc_ctype                             - Undefined Weak Reference
    _get_lc_monetary                          - Undefined Weak Reference
    _get_lc_numeric                           - Undefined Weak Reference
    _get_lc_time                              - Undefined Weak Reference
    _getenv_init                              - Undefined Weak Reference
    _handle_redirection                       - Undefined Weak Reference
    _init_alloc                               - Undefined Weak Reference
    _init_user_alloc                          - Undefined Weak Reference
    _initio                                   - Undefined Weak Reference
    _rand_init                                - Undefined Weak Reference
    _signal_finish                            - Undefined Weak Reference
    _signal_init                              - Undefined Weak Reference
    _terminate_alloc                          - Undefined Weak Reference
    _terminate_user_alloc                     - Undefined Weak Reference
    _terminateio                              - Undefined Weak Reference
    __Vectors_Size                           0x00000298   Number         0  startup_stm32h743xx.o ABSOLUTE
    __Vectors                                0x08000000   Data           4  startup_stm32h743xx.o(RESET)
    __Vectors_End                            0x08000298   Data           0  startup_stm32h743xx.o(RESET)
    __main                                   0x08000299   Thumb Code     8  __main.o(!!!main)
    __scatterload                            0x080002a1   Thumb Code     0  __scatter.o(!!!scatter)
    __scatterload_rt2                        0x080002a1   Thumb Code    44  __scatter.o(!!!scatter)
    __scatterload_rt2_thumb_only             0x080002a1   Thumb Code     0  __scatter.o(!!!scatter)
    __scatterload_null                       0x080002af   Thumb Code     0  __scatter.o(!!!scatter)
    __scatterload_copy                       0x080002d5   Thumb Code    26  __scatter_copy.o(!!handler_copy)
    __scatterload_zeroinit                   0x080002f1   Thumb Code    28  __scatter_zi.o(!!handler_zi)
    __rt_lib_init                            0x0800030d   Thumb Code     0  libinit.o(.ARM.Collect$$libinit$$00000000)
    __rt_lib_init_fp_1                       0x0800030f   Thumb Code     0  libinit2.o(.ARM.Collect$$libinit$$00000001)
    __rt_lib_init_alloca_1                   0x08000313   Thumb Code     0  libinit2.o(.ARM.Collect$$libinit$$0000002E)
    __rt_lib_init_argv_1                     0x08000313   Thumb Code     0  libinit2.o(.ARM.Collect$$libinit$$0000002C)
    __rt_lib_init_atexit_1                   0x08000313   Thumb Code     0  libinit2.o(.ARM.Collect$$libinit$$0000001B)
    __rt_lib_init_clock_1                    0x08000313   Thumb Code     0  libinit2.o(.ARM.Collect$$libinit$$00000021)
    __rt_lib_init_cpp_1                      0x08000313   Thumb Code     0  libinit2.o(.ARM.Collect$$libinit$$00000032)
    __rt_lib_init_exceptions_1               0x08000313   Thumb Code     0  libinit2.o(.ARM.Collect$$libinit$$00000030)
    __rt_lib_init_fp_trap_1                  0x08000313   Thumb Code     0  libinit2.o(.ARM.Collect$$libinit$$0000001F)
    __rt_lib_init_getenv_1                   0x08000313   Thumb Code     0  libinit2.o(.ARM.Collect$$libinit$$00000023)
    __rt_lib_init_heap_1                     0x08000313   Thumb Code     0  libinit2.o(.ARM.Collect$$libinit$$0000000A)
    __rt_lib_init_lc_collate_1               0x08000313   Thumb Code     0  libinit2.o(.ARM.Collect$$libinit$$00000011)
    __rt_lib_init_lc_ctype_1                 0x08000313   Thumb Code     0  libinit2.o(.ARM.Collect$$libinit$$00000013)
    __rt_lib_init_lc_monetary_1              0x08000313   Thumb Code     0  libinit2.o(.ARM.Collect$$libinit$$00000015)
    __rt_lib_init_lc_numeric_1               0x08000313   Thumb Code     0  libinit2.o(.ARM.Collect$$libinit$$00000017)
    __rt_lib_init_lc_time_1                  0x08000313   Thumb Code     0  libinit2.o(.ARM.Collect$$libinit$$00000019)
    __rt_lib_init_preinit_1                  0x08000313   Thumb Code     0  libinit2.o(.ARM.Collect$$libinit$$00000004)
    __rt_lib_init_rand_1                     0x08000313   Thumb Code     0  libinit2.o(.ARM.Collect$$libinit$$0000000E)
    __rt_lib_init_return                     0x08000313   Thumb Code     0  libinit2.o(.ARM.Collect$$libinit$$00000033)
    __rt_lib_init_signal_1                   0x08000313   Thumb Code     0  libinit2.o(.ARM.Collect$$libinit$$0000001D)
    __rt_lib_init_stdio_1                    0x08000313   Thumb Code     0  libinit2.o(.ARM.Collect$$libinit$$00000025)
    __rt_lib_init_user_alloc_1               0x08000313   Thumb Code     0  libinit2.o(.ARM.Collect$$libinit$$0000000C)
    __rt_lib_shutdown                        0x08000315   Thumb Code     0  libshutdown.o(.ARM.Collect$$libshutdown$$00000000)
    __rt_lib_shutdown_cpp_1                  0x08000317   Thumb Code     0  libshutdown2.o(.ARM.Collect$$libshutdown$$00000004)
    __rt_lib_shutdown_fini_1                 0x08000317   Thumb Code     0  libshutdown2.o(.ARM.Collect$$libshutdown$$00000002)
    __rt_lib_shutdown_fp_trap_1              0x08000317   Thumb Code     0  libshutdown2.o(.ARM.Collect$$libshutdown$$00000009)
    __rt_lib_shutdown_heap_1                 0x08000317   Thumb Code     0  libshutdown2.o(.ARM.Collect$$libshutdown$$00000011)
    __rt_lib_shutdown_return                 0x08000317   Thumb Code     0  libshutdown2.o(.ARM.Collect$$libshutdown$$00000012)
    __rt_lib_shutdown_signal_1               0x08000317   Thumb Code     0  libshutdown2.o(.ARM.Collect$$libshutdown$$0000000C)
    __rt_lib_shutdown_stdio_1                0x08000317   Thumb Code     0  libshutdown2.o(.ARM.Collect$$libshutdown$$00000006)
    __rt_lib_shutdown_user_alloc_1           0x08000317   Thumb Code     0  libshutdown2.o(.ARM.Collect$$libshutdown$$0000000E)
    __rt_entry                               0x08000319   Thumb Code     0  __rtentry.o(.ARM.Collect$$rtentry$$00000000)
    __rt_entry_presh_1                       0x08000319   Thumb Code     0  __rtentry2.o(.ARM.Collect$$rtentry$$00000002)
    __rt_entry_sh                            0x08000319   Thumb Code     0  __rtentry4.o(.ARM.Collect$$rtentry$$00000004)
    __rt_entry_li                            0x0800031f   Thumb Code     0  __rtentry2.o(.ARM.Collect$$rtentry$$0000000A)
    __rt_entry_postsh_1                      0x0800031f   Thumb Code     0  __rtentry2.o(.ARM.Collect$$rtentry$$00000009)
    __rt_entry_main                          0x08000323   Thumb Code     0  __rtentry2.o(.ARM.Collect$$rtentry$$0000000D)
    __rt_entry_postli_1                      0x08000323   Thumb Code     0  __rtentry2.o(.ARM.Collect$$rtentry$$0000000C)
    __rt_exit                                0x0800032b   Thumb Code     0  rtexit.o(.ARM.Collect$$rtexit$$00000000)
    __rt_exit_ls                             0x0800032d   Thumb Code     0  rtexit2.o(.ARM.Collect$$rtexit$$00000003)
    __rt_exit_prels_1                        0x0800032d   Thumb Code     0  rtexit2.o(.ARM.Collect$$rtexit$$00000002)
    __rt_exit_exit                           0x08000331   Thumb Code     0  rtexit2.o(.ARM.Collect$$rtexit$$00000004)
    Reset_Handler                            0x08000339   Thumb Code     8  startup_stm32h743xx.o(.text)
    ADC3_IRQHandler                          0x08000353   Thumb Code     0  startup_stm32h743xx.o(.text)
    ADC_IRQHandler                           0x08000353   Thumb Code     0  startup_stm32h743xx.o(.text)
    BDMA_Channel0_IRQHandler                 0x08000353   Thumb Code     0  startup_stm32h743xx.o(.text)
    BDMA_Channel1_IRQHandler                 0x08000353   Thumb Code     0  startup_stm32h743xx.o(.text)
    BDMA_Channel2_IRQHandler                 0x08000353   Thumb Code     0  startup_stm32h743xx.o(.text)
    BDMA_Channel3_IRQHandler                 0x08000353   Thumb Code     0  startup_stm32h743xx.o(.text)
    BDMA_Channel4_IRQHandler                 0x08000353   Thumb Code     0  startup_stm32h743xx.o(.text)
    BDMA_Channel5_IRQHandler                 0x08000353   Thumb Code     0  startup_stm32h743xx.o(.text)
    BDMA_Channel6_IRQHandler                 0x08000353   Thumb Code     0  startup_stm32h743xx.o(.text)
    BDMA_Channel7_IRQHandler                 0x08000353   Thumb Code     0  startup_stm32h743xx.o(.text)
    CEC_IRQHandler                           0x08000353   Thumb Code     0  startup_stm32h743xx.o(.text)
    COMP1_IRQHandler                         0x08000353   Thumb Code     0  startup_stm32h743xx.o(.text)
    CRS_IRQHandler                           0x08000353   Thumb Code     0  startup_stm32h743xx.o(.text)
    DCMI_IRQHandler                          0x08000353   Thumb Code     0  startup_stm32h743xx.o(.text)
    DFSDM1_FLT0_IRQHandler                   0x08000353   Thumb Code     0  startup_stm32h743xx.o(.text)
    DFSDM1_FLT1_IRQHandler                   0x08000353   Thumb Code     0  startup_stm32h743xx.o(.text)
    DFSDM1_FLT2_IRQHandler                   0x08000353   Thumb Code     0  startup_stm32h743xx.o(.text)
    DFSDM1_FLT3_IRQHandler                   0x08000353   Thumb Code     0  startup_stm32h743xx.o(.text)
    DMA1_Stream3_IRQHandler                  0x08000353   Thumb Code     0  startup_stm32h743xx.o(.text)
    DMA1_Stream4_IRQHandler                  0x08000353   Thumb Code     0  startup_stm32h743xx.o(.text)
    DMA1_Stream5_IRQHandler                  0x08000353   Thumb Code     0  startup_stm32h743xx.o(.text)
    DMA1_Stream6_IRQHandler                  0x08000353   Thumb Code     0  startup_stm32h743xx.o(.text)
    DMA1_Stream7_IRQHandler                  0x08000353   Thumb Code     0  startup_stm32h743xx.o(.text)
    DMA2D_IRQHandler                         0x08000353   Thumb Code     0  startup_stm32h743xx.o(.text)
    DMA2_Stream0_IRQHandler                  0x08000353   Thumb Code     0  startup_stm32h743xx.o(.text)
    DMA2_Stream1_IRQHandler                  0x08000353   Thumb Code     0  startup_stm32h743xx.o(.text)
    DMA2_Stream2_IRQHandler                  0x08000353   Thumb Code     0  startup_stm32h743xx.o(.text)
    DMA2_Stream3_IRQHandler                  0x08000353   Thumb Code     0  startup_stm32h743xx.o(.text)
    DMA2_Stream4_IRQHandler                  0x08000353   Thumb Code     0  startup_stm32h743xx.o(.text)
    DMA2_Stream5_IRQHandler                  0x08000353   Thumb Code     0  startup_stm32h743xx.o(.text)
    DMA2_Stream6_IRQHandler                  0x08000353   Thumb Code     0  startup_stm32h743xx.o(.text)
    DMA2_Stream7_IRQHandler                  0x08000353   Thumb Code     0  startup_stm32h743xx.o(.text)
    DMAMUX1_OVR_IRQHandler                   0x08000353   Thumb Code     0  startup_stm32h743xx.o(.text)
    DMAMUX2_OVR_IRQHandler                   0x08000353   Thumb Code     0  startup_stm32h743xx.o(.text)
    ECC_IRQHandler                           0x08000353   Thumb Code     0  startup_stm32h743xx.o(.text)
    ETH_IRQHandler                           0x08000353   Thumb Code     0  startup_stm32h743xx.o(.text)
    ETH_WKUP_IRQHandler                      0x08000353   Thumb Code     0  startup_stm32h743xx.o(.text)
    EXTI0_IRQHandler                         0x08000353   Thumb Code     0  startup_stm32h743xx.o(.text)
    EXTI15_10_IRQHandler                     0x08000353   Thumb Code     0  startup_stm32h743xx.o(.text)
    EXTI1_IRQHandler                         0x08000353   Thumb Code     0  startup_stm32h743xx.o(.text)
    EXTI2_IRQHandler                         0x08000353   Thumb Code     0  startup_stm32h743xx.o(.text)
    EXTI3_IRQHandler                         0x08000353   Thumb Code     0  startup_stm32h743xx.o(.text)
    EXTI4_IRQHandler                         0x08000353   Thumb Code     0  startup_stm32h743xx.o(.text)
    EXTI9_5_IRQHandler                       0x08000353   Thumb Code     0  startup_stm32h743xx.o(.text)
    FDCAN1_IT1_IRQHandler                    0x08000353   Thumb Code     0  startup_stm32h743xx.o(.text)
    FDCAN2_IT1_IRQHandler                    0x08000353   Thumb Code     0  startup_stm32h743xx.o(.text)
    FDCAN_CAL_IRQHandler                     0x08000353   Thumb Code     0  startup_stm32h743xx.o(.text)
    FLASH_IRQHandler                         0x08000353   Thumb Code     0  startup_stm32h743xx.o(.text)
    FMC_IRQHandler                           0x08000353   Thumb Code     0  startup_stm32h743xx.o(.text)
    FPU_IRQHandler                           0x08000353   Thumb Code     0  startup_stm32h743xx.o(.text)
    HRTIM1_FLT_IRQHandler                    0x08000353   Thumb Code     0  startup_stm32h743xx.o(.text)
    HRTIM1_Master_IRQHandler                 0x08000353   Thumb Code     0  startup_stm32h743xx.o(.text)
    HRTIM1_TIMA_IRQHandler                   0x08000353   Thumb Code     0  startup_stm32h743xx.o(.text)
    HRTIM1_TIMB_IRQHandler                   0x08000353   Thumb Code     0  startup_stm32h743xx.o(.text)
    HRTIM1_TIMC_IRQHandler                   0x08000353   Thumb Code     0  startup_stm32h743xx.o(.text)
    HRTIM1_TIMD_IRQHandler                   0x08000353   Thumb Code     0  startup_stm32h743xx.o(.text)
    HRTIM1_TIME_IRQHandler                   0x08000353   Thumb Code     0  startup_stm32h743xx.o(.text)
    HSEM1_IRQHandler                         0x08000353   Thumb Code     0  startup_stm32h743xx.o(.text)
    I2C1_ER_IRQHandler                       0x08000353   Thumb Code     0  startup_stm32h743xx.o(.text)
    I2C1_EV_IRQHandler                       0x08000353   Thumb Code     0  startup_stm32h743xx.o(.text)
    I2C2_ER_IRQHandler                       0x08000353   Thumb Code     0  startup_stm32h743xx.o(.text)
    I2C2_EV_IRQHandler                       0x08000353   Thumb Code     0  startup_stm32h743xx.o(.text)
    I2C3_ER_IRQHandler                       0x08000353   Thumb Code     0  startup_stm32h743xx.o(.text)
    I2C3_EV_IRQHandler                       0x08000353   Thumb Code     0  startup_stm32h743xx.o(.text)
    I2C4_ER_IRQHandler                       0x08000353   Thumb Code     0  startup_stm32h743xx.o(.text)
    I2C4_EV_IRQHandler                       0x08000353   Thumb Code     0  startup_stm32h743xx.o(.text)
    JPEG_IRQHandler                          0x08000353   Thumb Code     0  startup_stm32h743xx.o(.text)
    LPTIM1_IRQHandler                        0x08000353   Thumb Code     0  startup_stm32h743xx.o(.text)
    LPTIM2_IRQHandler                        0x08000353   Thumb Code     0  startup_stm32h743xx.o(.text)
    LPTIM3_IRQHandler                        0x08000353   Thumb Code     0  startup_stm32h743xx.o(.text)
    LPTIM4_IRQHandler                        0x08000353   Thumb Code     0  startup_stm32h743xx.o(.text)
    LPTIM5_IRQHandler                        0x08000353   Thumb Code     0  startup_stm32h743xx.o(.text)
    LPUART1_IRQHandler                       0x08000353   Thumb Code     0  startup_stm32h743xx.o(.text)
    LTDC_ER_IRQHandler                       0x08000353   Thumb Code     0  startup_stm32h743xx.o(.text)
    LTDC_IRQHandler                          0x08000353   Thumb Code     0  startup_stm32h743xx.o(.text)
    MDIOS_IRQHandler                         0x08000353   Thumb Code     0  startup_stm32h743xx.o(.text)
    MDIOS_WKUP_IRQHandler                    0x08000353   Thumb Code     0  startup_stm32h743xx.o(.text)
    MDMA_IRQHandler                          0x08000353   Thumb Code     0  startup_stm32h743xx.o(.text)
    OTG_FS_EP1_IN_IRQHandler                 0x08000353   Thumb Code     0  startup_stm32h743xx.o(.text)
    OTG_FS_EP1_OUT_IRQHandler                0x08000353   Thumb Code     0  startup_stm32h743xx.o(.text)
    OTG_FS_IRQHandler                        0x08000353   Thumb Code     0  startup_stm32h743xx.o(.text)
    OTG_FS_WKUP_IRQHandler                   0x08000353   Thumb Code     0  startup_stm32h743xx.o(.text)
    OTG_HS_EP1_IN_IRQHandler                 0x08000353   Thumb Code     0  startup_stm32h743xx.o(.text)
    OTG_HS_EP1_OUT_IRQHandler                0x08000353   Thumb Code     0  startup_stm32h743xx.o(.text)
    OTG_HS_IRQHandler                        0x08000353   Thumb Code     0  startup_stm32h743xx.o(.text)
    OTG_HS_WKUP_IRQHandler                   0x08000353   Thumb Code     0  startup_stm32h743xx.o(.text)
    PVD_AVD_IRQHandler                       0x08000353   Thumb Code     0  startup_stm32h743xx.o(.text)
    QUADSPI_IRQHandler                       0x08000353   Thumb Code     0  startup_stm32h743xx.o(.text)
    RCC_IRQHandler                           0x08000353   Thumb Code     0  startup_stm32h743xx.o(.text)
    RNG_IRQHandler                           0x08000353   Thumb Code     0  startup_stm32h743xx.o(.text)
    RTC_Alarm_IRQHandler                     0x08000353   Thumb Code     0  startup_stm32h743xx.o(.text)
    RTC_WKUP_IRQHandler                      0x08000353   Thumb Code     0  startup_stm32h743xx.o(.text)
    SAI1_IRQHandler                          0x08000353   Thumb Code     0  startup_stm32h743xx.o(.text)
    SAI2_IRQHandler                          0x08000353   Thumb Code     0  startup_stm32h743xx.o(.text)
    SAI3_IRQHandler                          0x08000353   Thumb Code     0  startup_stm32h743xx.o(.text)
    SAI4_IRQHandler                          0x08000353   Thumb Code     0  startup_stm32h743xx.o(.text)
    SDMMC1_IRQHandler                        0x08000353   Thumb Code     0  startup_stm32h743xx.o(.text)
    SDMMC2_IRQHandler                        0x08000353   Thumb Code     0  startup_stm32h743xx.o(.text)
    SPDIF_RX_IRQHandler                      0x08000353   Thumb Code     0  startup_stm32h743xx.o(.text)
    SPI1_IRQHandler                          0x08000353   Thumb Code     0  startup_stm32h743xx.o(.text)
    SPI2_IRQHandler                          0x08000353   Thumb Code     0  startup_stm32h743xx.o(.text)
    SPI3_IRQHandler                          0x08000353   Thumb Code     0  startup_stm32h743xx.o(.text)
    SPI4_IRQHandler                          0x08000353   Thumb Code     0  startup_stm32h743xx.o(.text)
    SPI5_IRQHandler                          0x08000353   Thumb Code     0  startup_stm32h743xx.o(.text)
    SPI6_IRQHandler                          0x08000353   Thumb Code     0  startup_stm32h743xx.o(.text)
    SWPMI1_IRQHandler                        0x08000353   Thumb Code     0  startup_stm32h743xx.o(.text)
    TAMP_STAMP_IRQHandler                    0x08000353   Thumb Code     0  startup_stm32h743xx.o(.text)
    TIM15_IRQHandler                         0x08000353   Thumb Code     0  startup_stm32h743xx.o(.text)
    TIM16_IRQHandler                         0x08000353   Thumb Code     0  startup_stm32h743xx.o(.text)
    TIM17_IRQHandler                         0x08000353   Thumb Code     0  startup_stm32h743xx.o(.text)
    TIM1_BRK_IRQHandler                      0x08000353   Thumb Code     0  startup_stm32h743xx.o(.text)
    TIM1_CC_IRQHandler                       0x08000353   Thumb Code     0  startup_stm32h743xx.o(.text)
    TIM1_TRG_COM_IRQHandler                  0x08000353   Thumb Code     0  startup_stm32h743xx.o(.text)
    TIM1_UP_IRQHandler                       0x08000353   Thumb Code     0  startup_stm32h743xx.o(.text)
    TIM2_IRQHandler                          0x08000353   Thumb Code     0  startup_stm32h743xx.o(.text)
    TIM3_IRQHandler                          0x08000353   Thumb Code     0  startup_stm32h743xx.o(.text)
    TIM4_IRQHandler                          0x08000353   Thumb Code     0  startup_stm32h743xx.o(.text)
    TIM5_IRQHandler                          0x08000353   Thumb Code     0  startup_stm32h743xx.o(.text)
    TIM8_CC_IRQHandler                       0x08000353   Thumb Code     0  startup_stm32h743xx.o(.text)
    UART4_IRQHandler                         0x08000353   Thumb Code     0  startup_stm32h743xx.o(.text)
    UART5_IRQHandler                         0x08000353   Thumb Code     0  startup_stm32h743xx.o(.text)
    UART7_IRQHandler                         0x08000353   Thumb Code     0  startup_stm32h743xx.o(.text)
    USART1_IRQHandler                        0x08000353   Thumb Code     0  startup_stm32h743xx.o(.text)
    USART6_IRQHandler                        0x08000353   Thumb Code     0  startup_stm32h743xx.o(.text)
    WAKEUP_PIN_IRQHandler                    0x08000353   Thumb Code     0  startup_stm32h743xx.o(.text)
    WWDG_IRQHandler                          0x08000353   Thumb Code     0  startup_stm32h743xx.o(.text)
    __user_initial_stackheap                 0x08000355   Thumb Code     0  startup_stm32h743xx.o(.text)
    __aeabi_uldivmod                         0x08000379   Thumb Code     0  lludivv7m.o(.text)
    _ll_udiv                                 0x08000379   Thumb Code   238  lludivv7m.o(.text)
    __aeabi_memcpy4                          0x08000467   Thumb Code     0  rt_memcpy_w.o(.text)
    __aeabi_memcpy8                          0x08000467   Thumb Code     0  rt_memcpy_w.o(.text)
    __rt_memcpy_w                            0x08000467   Thumb Code   100  rt_memcpy_w.o(.text)
    _memcpy_lastbytes_aligned                0x080004af   Thumb Code     0  rt_memcpy_w.o(.text)
    __aeabi_memclr4                          0x080004cb   Thumb Code     0  rt_memclr_w.o(.text)
    __aeabi_memclr8                          0x080004cb   Thumb Code     0  rt_memclr_w.o(.text)
    __rt_memclr_w                            0x080004cb   Thumb Code    78  rt_memclr_w.o(.text)
    _memset_w                                0x080004cf   Thumb Code     0  rt_memclr_w.o(.text)
    __use_two_region_memory                  0x08000519   Thumb Code     2  heapauxi.o(.text)
    __rt_heap_escrow$2region                 0x0800051b   Thumb Code     2  heapauxi.o(.text)
    __rt_heap_expand$2region                 0x0800051d   Thumb Code     2  heapauxi.o(.text)
    __read_errno                             0x0800051f   Thumb Code    10  _rserrno.o(.text)
    __set_errno                              0x08000529   Thumb Code    12  _rserrno.o(.text)
    __aeabi_errno_addr                       0x08000535   Thumb Code     8  rt_errno_addr_intlibspace.o(.text)
    __errno$intlibspace                      0x08000535   Thumb Code     0  rt_errno_addr_intlibspace.o(.text)
    __rt_errno_addr$intlibspace              0x08000535   Thumb Code     0  rt_errno_addr_intlibspace.o(.text)
    __user_libspace                          0x0800053d   Thumb Code     8  libspace.o(.text)
    __user_perproc_libspace                  0x0800053d   Thumb Code     0  libspace.o(.text)
    __user_perthread_libspace                0x0800053d   Thumb Code     0  libspace.o(.text)
    __user_setup_stackheap                   0x08000545   Thumb Code    74  sys_stackheap_outer.o(.text)
    exit                                     0x0800058f   Thumb Code    18  exit.o(.text)
    _sys_exit                                0x080005a1   Thumb Code     8  sys_exit.o(.text)
    __I$use$semihosting                      0x080005ad   Thumb Code     0  use_no_semi.o(.text)
    __use_no_semihosting_swi                 0x080005ad   Thumb Code     2  use_no_semi.o(.text)
    BusFault_Handler                         0x080005af   Thumb Code     4  stm32h7xx_it.o(i.BusFault_Handler)
    __semihosting_library_function           0x080005af   Thumb Code     0  indicate_semi.o(.text)
    DMA1_Stream0_IRQHandler                  0x080005b5   Thumb Code    10  stm32h7xx_it.o(i.DMA1_Stream0_IRQHandler)
    DMA1_Stream1_IRQHandler                  0x080005c5   Thumb Code    10  stm32h7xx_it.o(i.DMA1_Stream1_IRQHandler)
    DMA1_Stream2_IRQHandler                  0x080005d5   Thumb Code    10  stm32h7xx_it.o(i.DMA1_Stream2_IRQHandler)
    DebugMon_Handler                         0x08000b51   Thumb Code     2  stm32h7xx_it.o(i.DebugMon_Handler)
    Error_Handler                            0x08000b53   Thumb Code     6  main.o(i.Error_Handler)
    FDCAN1_IT0_IRQHandler                    0x08000b59   Thumb Code    10  stm32h7xx_it.o(i.FDCAN1_IT0_IRQHandler)
    FDCAN1_Init                              0x08000b69   Thumb Code    84  fdcan_bsp.o(i.FDCAN1_Init)
    FDCAN2_IT0_IRQHandler                    0x08000bbd   Thumb Code    10  stm32h7xx_it.o(i.FDCAN2_IT0_IRQHandler)
    FDCAN2_Init                              0x08000bcd   Thumb Code   122  fdcan_bsp.o(i.FDCAN2_Init)
    FDCAN_Message_Decode                     0x08000f41   Thumb Code    14  fdcan_bsp.o(i.FDCAN_Message_Decode)
    FDCAN_SendData                           0x08000f55   Thumb Code    66  fdcan_bsp.o(i.FDCAN_SendData)
    Get_BOHH_Coordinate                      0x08000f99   Thumb Code  1232  lidar.o(i.Get_BOHH_Coordinate)
    HAL_DMA_Abort                            0x0800146d   Thumb Code  1236  stm32h7xx_hal_dma.o(i.HAL_DMA_Abort)
    HAL_DMA_Abort_IT                         0x08001949   Thumb Code   906  stm32h7xx_hal_dma.o(i.HAL_DMA_Abort_IT)
    HAL_DMA_IRQHandler                       0x08001ce1   Thumb Code  2798  stm32h7xx_hal_dma.o(i.HAL_DMA_IRQHandler)
    HAL_DMA_Init                             0x080027d9   Thumb Code  1304  stm32h7xx_hal_dma.o(i.HAL_DMA_Init)
    HAL_DMA_Start_IT                         0x08002cf9   Thumb Code   980  stm32h7xx_hal_dma.o(i.HAL_DMA_Start_IT)
    HAL_Delay                                0x080030d9   Thumb Code    36  stm32h7xx_hal.o(i.HAL_Delay)
    HAL_FDCAN_ActivateNotification           0x08003101   Thumb Code   158  stm32h7xx_hal_fdcan.o(i.HAL_FDCAN_ActivateNotification)
    HAL_FDCAN_AddMessageToTxFifoQ            0x080031a9   Thumb Code   144  stm32h7xx_hal_fdcan.o(i.HAL_FDCAN_AddMessageToTxFifoQ)
    HAL_FDCAN_ClockCalibrationCallback       0x08003239   Thumb Code     2  stm32h7xx_hal_fdcan.o(i.HAL_FDCAN_ClockCalibrationCallback)
    HAL_FDCAN_ConfigFilter                   0x0800323b   Thumb Code   168  stm32h7xx_hal_fdcan.o(i.HAL_FDCAN_ConfigFilter)
    HAL_FDCAN_ConfigGlobalFilter             0x080032e3   Thumb Code    52  stm32h7xx_hal_fdcan.o(i.HAL_FDCAN_ConfigGlobalFilter)
    HAL_FDCAN_ErrorCallback                  0x08003317   Thumb Code     2  stm32h7xx_hal_fdcan.o(i.HAL_FDCAN_ErrorCallback)
    HAL_FDCAN_ErrorStatusCallback            0x08003319   Thumb Code     2  stm32h7xx_hal_fdcan.o(i.HAL_FDCAN_ErrorStatusCallback)
    HAL_FDCAN_GetRxMessage                   0x0800331d   Thumb Code   496  stm32h7xx_hal_fdcan.o(i.HAL_FDCAN_GetRxMessage)
    HAL_FDCAN_HighPriorityMessageCallback    0x08003511   Thumb Code     2  stm32h7xx_hal_fdcan.o(i.HAL_FDCAN_HighPriorityMessageCallback)
    HAL_FDCAN_IRQHandler                     0x08003515   Thumb Code   966  stm32h7xx_hal_fdcan.o(i.HAL_FDCAN_IRQHandler)
    HAL_FDCAN_Init                           0x080038e9   Thumb Code   726  stm32h7xx_hal_fdcan.o(i.HAL_FDCAN_Init)
    HAL_FDCAN_MspInit                        0x08003bc9   Thumb Code   336  fdcan.o(i.HAL_FDCAN_MspInit)
    HAL_FDCAN_RxBufferNewMessageCallback     0x08003d31   Thumb Code     2  stm32h7xx_hal_fdcan.o(i.HAL_FDCAN_RxBufferNewMessageCallback)
    HAL_FDCAN_RxFifo0Callback                0x08003d33   Thumb Code    40  fdcan_bsp.o(i.HAL_FDCAN_RxFifo0Callback)
    HAL_FDCAN_RxFifo1Callback                0x08003d5b   Thumb Code    46  fdcan_bsp.o(i.HAL_FDCAN_RxFifo1Callback)
    HAL_FDCAN_Start                          0x08003d89   Thumb Code    52  stm32h7xx_hal_fdcan.o(i.HAL_FDCAN_Start)
    HAL_FDCAN_TT_GlobalTimeCallback          0x08003dbd   Thumb Code     2  stm32h7xx_hal_fdcan.o(i.HAL_FDCAN_TT_GlobalTimeCallback)
    HAL_FDCAN_TT_ScheduleSyncCallback        0x08003dbf   Thumb Code     2  stm32h7xx_hal_fdcan.o(i.HAL_FDCAN_TT_ScheduleSyncCallback)
    HAL_FDCAN_TT_StopWatchCallback           0x08003dc1   Thumb Code     2  stm32h7xx_hal_fdcan.o(i.HAL_FDCAN_TT_StopWatchCallback)
    HAL_FDCAN_TT_TimeMarkCallback            0x08003dc3   Thumb Code     2  stm32h7xx_hal_fdcan.o(i.HAL_FDCAN_TT_TimeMarkCallback)
    HAL_FDCAN_TimeoutOccurredCallback        0x08003dc5   Thumb Code     2  stm32h7xx_hal_fdcan.o(i.HAL_FDCAN_TimeoutOccurredCallback)
    HAL_FDCAN_TimestampWraparoundCallback    0x08003dc7   Thumb Code     2  stm32h7xx_hal_fdcan.o(i.HAL_FDCAN_TimestampWraparoundCallback)
    HAL_FDCAN_TxBufferAbortCallback          0x08003dc9   Thumb Code     2  stm32h7xx_hal_fdcan.o(i.HAL_FDCAN_TxBufferAbortCallback)
    HAL_FDCAN_TxBufferCompleteCallback       0x08003dcb   Thumb Code     2  stm32h7xx_hal_fdcan.o(i.HAL_FDCAN_TxBufferCompleteCallback)
    HAL_FDCAN_TxEventFifoCallback            0x08003dcd   Thumb Code     2  stm32h7xx_hal_fdcan.o(i.HAL_FDCAN_TxEventFifoCallback)
    HAL_FDCAN_TxFifoEmptyCallback            0x08003dcf   Thumb Code     2  stm32h7xx_hal_fdcan.o(i.HAL_FDCAN_TxFifoEmptyCallback)
    HAL_GPIO_Init                            0x08003dd1   Thumb Code   456  stm32h7xx_hal_gpio.o(i.HAL_GPIO_Init)
    HAL_GPIO_WritePin                        0x08003fcd   Thumb Code    12  stm32h7xx_hal_gpio.o(i.HAL_GPIO_WritePin)
    HAL_GetREVID                             0x08003fd9   Thumb Code     8  stm32h7xx_hal.o(i.HAL_GetREVID)
    HAL_GetTick                              0x08003fe5   Thumb Code     6  stm32h7xx_hal.o(i.HAL_GetTick)
    HAL_IncTick                              0x08003ff1   Thumb Code    16  stm32h7xx_hal.o(i.HAL_IncTick)
    HAL_Init                                 0x08004009   Thumb Code    80  stm32h7xx_hal.o(i.HAL_Init)
    HAL_InitTick                             0x08004069   Thumb Code   140  stm32h7xx_hal_timebase_tim.o(i.HAL_InitTick)
    HAL_MspInit                              0x08004109   Thumb Code    32  stm32h7xx_hal_msp.o(i.HAL_MspInit)
    HAL_NVIC_EnableIRQ                       0x0800412d   Thumb Code    40  stm32h7xx_hal_cortex.o(i.HAL_NVIC_EnableIRQ)
    HAL_NVIC_SetPriority                     0x08004155   Thumb Code   122  stm32h7xx_hal_cortex.o(i.HAL_NVIC_SetPriority)
    HAL_NVIC_SetPriorityGrouping             0x080041d1   Thumb Code    32  stm32h7xx_hal_cortex.o(i.HAL_NVIC_SetPriorityGrouping)
    HAL_PWREx_ConfigSupply                   0x080041f9   Thumb Code    90  stm32h7xx_hal_pwr_ex.o(i.HAL_PWREx_ConfigSupply)
    HAL_RCCEx_GetD3PCLK1Freq                 0x08004259   Thumb Code    26  stm32h7xx_hal_rcc_ex.o(i.HAL_RCCEx_GetD3PCLK1Freq)
    HAL_RCCEx_GetPLL2ClockFreq               0x0800427d   Thumb Code   536  stm32h7xx_hal_rcc_ex.o(i.HAL_RCCEx_GetPLL2ClockFreq)
    HAL_RCCEx_GetPLL3ClockFreq               0x080044ad   Thumb Code   536  stm32h7xx_hal_rcc_ex.o(i.HAL_RCCEx_GetPLL3ClockFreq)
    HAL_RCCEx_PeriphCLKConfig                0x080046dd   Thumb Code  2910  stm32h7xx_hal_rcc_ex.o(i.HAL_RCCEx_PeriphCLKConfig)
    HAL_RCC_ClockConfig                      0x08005241   Thumb Code   774  stm32h7xx_hal_rcc.o(i.HAL_RCC_ClockConfig)
    HAL_RCC_GetClockConfig                   0x08005561   Thumb Code    98  stm32h7xx_hal_rcc.o(i.HAL_RCC_GetClockConfig)
    HAL_RCC_GetHCLKFreq                      0x080055cd   Thumb Code    60  stm32h7xx_hal_rcc.o(i.HAL_RCC_GetHCLKFreq)
    HAL_RCC_GetPCLK1Freq                     0x08005619   Thumb Code    26  stm32h7xx_hal_rcc.o(i.HAL_RCC_GetPCLK1Freq)
    HAL_RCC_GetPCLK2Freq                     0x0800563d   Thumb Code    26  stm32h7xx_hal_rcc.o(i.HAL_RCC_GetPCLK2Freq)
    HAL_RCC_GetSysClockFreq                  0x08005661   Thumb Code   524  stm32h7xx_hal_rcc.o(i.HAL_RCC_GetSysClockFreq)
    HAL_RCC_OscConfig                        0x0800588d   Thumb Code  2048  stm32h7xx_hal_rcc.o(i.HAL_RCC_OscConfig)
    HAL_SPI_Init                             0x0800608d   Thumb Code   372  stm32h7xx_hal_spi.o(i.HAL_SPI_Init)
    HAL_SPI_MspInit                          0x0800620d   Thumb Code   172  spi.o(i.HAL_SPI_MspInit)
    HAL_TIMEx_Break2Callback                 0x080062c5   Thumb Code     2  stm32h7xx_hal_tim_ex.o(i.HAL_TIMEx_Break2Callback)
    HAL_TIMEx_BreakCallback                  0x080062c7   Thumb Code     2  stm32h7xx_hal_tim_ex.o(i.HAL_TIMEx_BreakCallback)
    HAL_TIMEx_CommutCallback                 0x080062c9   Thumb Code     2  stm32h7xx_hal_tim_ex.o(i.HAL_TIMEx_CommutCallback)
    HAL_TIMEx_ConfigBreakDeadTime            0x080062cd   Thumb Code   172  stm32h7xx_hal_tim_ex.o(i.HAL_TIMEx_ConfigBreakDeadTime)
    HAL_TIMEx_MasterConfigSynchronization    0x08006381   Thumb Code   174  stm32h7xx_hal_tim_ex.o(i.HAL_TIMEx_MasterConfigSynchronization)
    HAL_TIM_Base_Init                        0x0800644d   Thumb Code   110  stm32h7xx_hal_tim.o(i.HAL_TIM_Base_Init)
    HAL_TIM_Base_MspInit                     0x080064bd   Thumb Code   270  tim.o(i.HAL_TIM_Base_MspInit)
    HAL_TIM_Base_Start_IT                    0x080065e5   Thumb Code   146  stm32h7xx_hal_tim.o(i.HAL_TIM_Base_Start_IT)
    HAL_TIM_ConfigClockSource                0x08006699   Thumb Code   304  stm32h7xx_hal_tim.o(i.HAL_TIM_ConfigClockSource)
    HAL_TIM_ErrorCallback                    0x080067cd   Thumb Code     2  stm32h7xx_hal_tim.o(i.HAL_TIM_ErrorCallback)
    HAL_TIM_IC_CaptureCallback               0x080067cf   Thumb Code     2  stm32h7xx_hal_tim.o(i.HAL_TIM_IC_CaptureCallback)
    HAL_TIM_IRQHandler                       0x080067d1   Thumb Code   440  stm32h7xx_hal_tim.o(i.HAL_TIM_IRQHandler)
    HAL_TIM_MspPostInit                      0x08006989   Thumb Code    82  tim.o(i.HAL_TIM_MspPostInit)
    HAL_TIM_OC_DelayElapsedCallback          0x080069e9   Thumb Code     2  stm32h7xx_hal_tim.o(i.HAL_TIM_OC_DelayElapsedCallback)
    HAL_TIM_PWM_ConfigChannel                0x080069eb   Thumb Code   368  stm32h7xx_hal_tim.o(i.HAL_TIM_PWM_ConfigChannel)
    HAL_TIM_PWM_Init                         0x08006b5b   Thumb Code   110  stm32h7xx_hal_tim.o(i.HAL_TIM_PWM_Init)
    HAL_TIM_PWM_MspInit                      0x08006bc9   Thumb Code     2  stm32h7xx_hal_tim.o(i.HAL_TIM_PWM_MspInit)
    HAL_TIM_PWM_PulseFinishedCallback        0x08006bcb   Thumb Code     2  stm32h7xx_hal_tim.o(i.HAL_TIM_PWM_PulseFinishedCallback)
    HAL_TIM_PWM_PulseFinishedHalfCpltCallback 0x08006bcd   Thumb Code     2  stm32h7xx_hal_tim.o(i.HAL_TIM_PWM_PulseFinishedHalfCpltCallback)
    HAL_TIM_PWM_Start_DMA                    0x08006bd1   Thumb Code   642  stm32h7xx_hal_tim.o(i.HAL_TIM_PWM_Start_DMA)
    HAL_TIM_PWM_Stop_DMA                     0x08006e89   Thumb Code   316  stm32h7xx_hal_tim.o(i.HAL_TIM_PWM_Stop_DMA)
    HAL_TIM_PeriodElapsedCallback            0x08006fd9   Thumb Code   378  main.o(i.HAL_TIM_PeriodElapsedCallback)
    HAL_TIM_TriggerCallback                  0x08007189   Thumb Code     2  stm32h7xx_hal_tim.o(i.HAL_TIM_TriggerCallback)
    HAL_UARTEx_DisableFifoMode               0x0800718b   Thumb Code    78  stm32h7xx_hal_uart_ex.o(i.HAL_UARTEx_DisableFifoMode)
    HAL_UARTEx_RxEventCallback               0x080071d9   Thumb Code     2  stm32h7xx_hal_uart.o(i.HAL_UARTEx_RxEventCallback)
    HAL_UARTEx_RxFifoFullCallback            0x080071db   Thumb Code     2  stm32h7xx_hal_uart_ex.o(i.HAL_UARTEx_RxFifoFullCallback)
    HAL_UARTEx_SetRxFifoThreshold            0x080071dd   Thumb Code    94  stm32h7xx_hal_uart_ex.o(i.HAL_UARTEx_SetRxFifoThreshold)
    HAL_UARTEx_SetTxFifoThreshold            0x0800723b   Thumb Code    94  stm32h7xx_hal_uart_ex.o(i.HAL_UARTEx_SetTxFifoThreshold)
    HAL_UARTEx_TxFifoEmptyCallback           0x08007299   Thumb Code     2  stm32h7xx_hal_uart_ex.o(i.HAL_UARTEx_TxFifoEmptyCallback)
    HAL_UARTEx_WakeupCallback                0x0800729b   Thumb Code     2  stm32h7xx_hal_uart_ex.o(i.HAL_UARTEx_WakeupCallback)
    HAL_UART_ErrorCallback                   0x0800729d   Thumb Code     2  stm32h7xx_hal_uart.o(i.HAL_UART_ErrorCallback)
    HAL_UART_IRQHandler                      0x080072a1   Thumb Code  1112  stm32h7xx_hal_uart.o(i.HAL_UART_IRQHandler)
    HAL_UART_Init                            0x080076f9   Thumb Code   120  stm32h7xx_hal_uart.o(i.HAL_UART_Init)
    HAL_UART_MspInit                         0x08007771   Thumb Code   548  usart.o(i.HAL_UART_MspInit)
    HAL_UART_Receive_DMA                     0x080079bd   Thumb Code   110  stm32h7xx_hal_uart.o(i.HAL_UART_Receive_DMA)
    HAL_UART_Receive_IT                      0x08007a31   Thumb Code   110  stm32h7xx_hal_uart.o(i.HAL_UART_Receive_IT)
    HAL_UART_RxCpltCallback                  0x08007aa5   Thumb Code    60  main.o(i.HAL_UART_RxCpltCallback)
    HAL_UART_RxHalfCpltCallback              0x08007af9   Thumb Code     2  stm32h7xx_hal_uart.o(i.HAL_UART_RxHalfCpltCallback)
    HAL_UART_Transmit                        0x08007afb   Thumb Code   214  stm32h7xx_hal_uart.o(i.HAL_UART_Transmit)
    HAL_UART_TxCpltCallback                  0x08007bd1   Thumb Code     2  stm32h7xx_hal_uart.o(i.HAL_UART_TxCpltCallback)
    HardFault_Handler                        0x08007bd3   Thumb Code     4  stm32h7xx_it.o(i.HardFault_Handler)
    MX_DMA_Init                              0x08007bd9   Thumb Code    80  dma.o(i.MX_DMA_Init)
    MX_FDCAN1_Init                           0x08007c2d   Thumb Code   118  fdcan.o(i.MX_FDCAN1_Init)
    MX_FDCAN2_Init                           0x08007cad   Thumb Code   118  fdcan.o(i.MX_FDCAN2_Init)
    MX_GPIO_Init                             0x08007d2d   Thumb Code   388  gpio.o(i.MX_GPIO_Init)
    MX_SPI1_Init                             0x08007ec9   Thumb Code    88  spi.o(i.MX_SPI1_Init)
    MX_TIM6_Init                             0x08007f29   Thumb Code    68  tim.o(i.MX_TIM6_Init)
    MX_TIM7_Init                             0x08007f75   Thumb Code    66  tim.o(i.MX_TIM7_Init)
    MX_TIM8_Init                             0x08007fc1   Thumb Code   222  tim.o(i.MX_TIM8_Init)
    MX_UART8_Init                            0x080080a9   Thumb Code   100  usart.o(i.MX_UART8_Init)
    MX_USART2_UART_Init                      0x08008119   Thumb Code    98  usart.o(i.MX_USART2_UART_Init)
    MX_USART3_UART_Init                      0x08008185   Thumb Code   100  usart.o(i.MX_USART3_UART_Init)
    MemManage_Handler                        0x080081f5   Thumb Code     4  stm32h7xx_it.o(i.MemManage_Handler)
    NMI_Handler                              0x080081f9   Thumb Code     4  stm32h7xx_it.o(i.NMI_Handler)
    PendSV_Handler                           0x080081fd   Thumb Code     2  stm32h7xx_it.o(i.PendSV_Handler)
    RGB_Buffer_Input                         0x080084c9   Thumb Code   170  rgb.o(i.RGB_Buffer_Input)
    RGB_Change                               0x08008579   Thumb Code   726  rgb.o(i.RGB_Change)
    RGB_Color                                0x08008861   Thumb Code    54  rgb.o(i.RGB_Color)
    RGB_Init                                 0x080088a1   Thumb Code    32  rgb.o(i.RGB_Init)
    SVC_Handler                              0x080088e7   Thumb Code     2  stm32h7xx_it.o(i.SVC_Handler)
    SysTick_Handler                          0x080088e9   Thumb Code     2  stm32h7xx_it.o(i.SysTick_Handler)
    SystemClock_Config                       0x080088ed   Thumb Code   216  main.o(i.SystemClock_Config)
    SystemInit                               0x080089d1   Thumb Code   212  system_stm32h7xx.o(i.SystemInit)
    TIM6_DAC_IRQHandler                      0x08008acd   Thumb Code    10  stm32h7xx_it.o(i.TIM6_DAC_IRQHandler)
    TIM7_IRQHandler                          0x08008add   Thumb Code    10  stm32h7xx_it.o(i.TIM7_IRQHandler)
    TIM8_BRK_TIM12_IRQHandler                0x08008aed   Thumb Code    10  stm32h7xx_it.o(i.TIM8_BRK_TIM12_IRQHandler)
    TIM8_TRG_COM_TIM14_IRQHandler            0x08008afd   Thumb Code    16  stm32h7xx_it.o(i.TIM8_TRG_COM_TIM14_IRQHandler)
    TIM8_UP_TIM13_IRQHandler                 0x08008b15   Thumb Code    10  stm32h7xx_it.o(i.TIM8_UP_TIM13_IRQHandler)
    TIM_Base_SetConfig                       0x08008b25   Thumb Code   170  stm32h7xx_hal_tim.o(i.TIM_Base_SetConfig)
    TIM_CCxChannelCmd                        0x08008bf1   Thumb Code    34  stm32h7xx_hal_tim.o(i.TIM_CCxChannelCmd)
    TIM_DMADelayPulseHalfCplt                0x08008c7b   Thumb Code    64  stm32h7xx_hal_tim.o(i.TIM_DMADelayPulseHalfCplt)
    TIM_DMAError                             0x08008cbb   Thumb Code    94  stm32h7xx_hal_tim.o(i.TIM_DMAError)
    TIM_ETR_SetConfig                        0x08008d19   Thumb Code    22  stm32h7xx_hal_tim.o(i.TIM_ETR_SetConfig)
    TIM_OC2_SetConfig                        0x08008df5   Thumb Code   156  stm32h7xx_hal_tim.o(i.TIM_OC2_SetConfig)
    Tran_XY_To_Angle_Distance                0x08009101   Thumb Code   442  lidar.o(i.Tran_XY_To_Angle_Distance)
    UART8_IRQHandler                         0x080092f5   Thumb Code    10  stm32h7xx_it.o(i.UART8_IRQHandler)
    UART_AdvFeatureConfig                    0x0800935d   Thumb Code   248  stm32h7xx_hal_uart.o(i.UART_AdvFeatureConfig)
    UART_CheckIdleState                      0x08009455   Thumb Code   118  stm32h7xx_hal_uart.o(i.UART_CheckIdleState)
    UART_SetConfig                           0x08009c1d   Thumb Code  1402  stm32h7xx_hal_uart.o(i.UART_SetConfig)
    UART_Start_Receive_DMA                   0x0800a1a9   Thumb Code   200  stm32h7xx_hal_uart.o(i.UART_Start_Receive_DMA)
    UART_Start_Receive_IT                    0x0800a27d   Thumb Code   352  stm32h7xx_hal_uart.o(i.UART_Start_Receive_IT)
    UART_WaitOnFlagUntilTimeout              0x0800a3ed   Thumb Code   254  stm32h7xx_hal_uart.o(i.UART_WaitOnFlagUntilTimeout)
    USART2_IRQHandler                        0x0800a4ed   Thumb Code    10  stm32h7xx_it.o(i.USART2_IRQHandler)
    USART3_IRQHandler                        0x0800a4fd   Thumb Code    10  stm32h7xx_it.o(i.USART3_IRQHandler)
    UsageFault_Handler                       0x0800a50d   Thumb Code     4  stm32h7xx_it.o(i.UsageFault_Handler)
    __ARM_fpclassify                         0x0800a511   Thumb Code    48  fpclassify.o(i.__ARM_fpclassify)
    __hardfp_atan                            0x0800a579   Thumb Code   402  atan.o(i.__hardfp_atan)
    __hardfp_atan2                           0x0800a779   Thumb Code   392  atan2.o(i.__hardfp_atan2)
    __hardfp_cos                             0x0800a941   Thumb Code   158  cos.o(i.__hardfp_cos)
    __hardfp_sin                             0x0800a9f1   Thumb Code   158  sin.o(i.__hardfp_sin)
    __hardfp_sqrt                            0x0800aaa1   Thumb Code   102  sqrt.o(i.__hardfp_sqrt)
    __ieee754_rem_pio2                       0x0800ab09   Thumb Code   646  rred.o(i.__ieee754_rem_pio2)
    __kernel_cos                             0x0800ae19   Thumb Code   182  cos_i.o(i.__kernel_cos)
    __kernel_poly                            0x0800aef9   Thumb Code   112  poly.o(i.__kernel_poly)
    __kernel_sin                             0x0800af69   Thumb Code   144  sin_i.o(i.__kernel_sin)
    __mathlib_dbl_infnan                     0x0800b011   Thumb Code     6  dunder.o(i.__mathlib_dbl_infnan)
    __mathlib_dbl_infnan2                    0x0800b017   Thumb Code     6  dunder.o(i.__mathlib_dbl_infnan2)
    __mathlib_dbl_invalid                    0x0800b021   Thumb Code    10  dunder.o(i.__mathlib_dbl_invalid)
    __mathlib_dbl_underflow                  0x0800b039   Thumb Code    10  dunder.o(i.__mathlib_dbl_underflow)
    ababab                                   0x0800b051   Thumb Code    32  main.o(i.ababab)
    atan                                     0x0800b071   Thumb Code    16  atan.o(i.atan)
    data_update                              0x0800b081   Thumb Code   270  lidar.o(i.data_update)
    fabs                                     0x0800b1ad   Thumb Code    24  fabs.o(i.fabs)
    main                                     0x0800b1c5   Thumb Code   246  main.o(i.main)
    msg_transfer                             0x0800b2e5   Thumb Code    72  main.o(i.msg_transfer)
    _fp_init                                 0x0800b335   Thumb Code    10  fpinit.o(x$fpl$fpinit)
    __fplib_config_fpu_vfp                   0x0800b33d   Thumb Code     0  fpinit.o(x$fpl$fpinit)
    __fplib_config_pureend_doubles           0x0800b33d   Thumb Code     0  fpinit.o(x$fpl$fpinit)
    __I$use$fp                               0x0800b33e   Number         0  usenofp.o(x$fpl$usenofp)
    Pratical_Center_A                        0x0800b340   Data          12  lidar.o(.constdata)
    Pratical_Center_C                        0x0800b34c   Data          12  lidar.o(.constdata)
    Pratical_Center_I                        0x0800b358   Data          12  lidar.o(.constdata)
    Pratical_Center_K                        0x0800b364   Data          12  lidar.o(.constdata)
    BOHH_Scope                               0x0800b370   Data           4  lidar.o(.constdata)
    UARTPrescTable                           0x0800b3d8   Data          24  stm32h7xx_hal_uart.o(.constdata)
    D1CorePrescTable                         0x0800b400   Data          16  system_stm32h7xx.o(.constdata)
    __mathlib_zero                           0x0800b4d8   Data           8  qnan.o(.constdata)
    Region$$Table$$Base                      0x0800b5d0   Number         0  anon$$obj.o(Region$$Table)
    Region$$Table$$Limit                     0x0800b5f0   Number         0  anon$$obj.o(Region$$Table)
    lidar_init_flag                          0x24000000   Data           1  lidar.o(.data)
    lidar_buffer_pointer                     0x24000004   Data           4  lidar.o(.data)
    lidar_buffer_switcher                    0x24000008   Data           1  lidar.o(.data)
    debug                                    0x2400000c   Data           4  lidar.o(.data)
    last_pos_x                               0x24000020   Data           4  main.o(.data)
    last_pos_y                               0x24000024   Data           4  main.o(.data)
    rxtemp                                   0x24000028   Data           1  main.o(.data)
    turret_buffer                            0x24000029   Data           8  main.o(.data)
    raw_data_flag                            0x24000031   Data           1  main.o(.data)
    tof_read                                 0x24000032   Data           2  main.o(.data)
    global_clock                             0x24000034   Data           4  main.o(.data)
    speed_clock                              0x24000038   Data           4  main.o(.data)
    speed_timer                              0x2400003c   Data           4  main.o(.data)
    ababa                                    0x24000040   Data           4  main.o(.data)
    pos_reset                                0x24000044   Data           1  main.o(.data)
    error                                    0x24000045   Data           1  main.o(.data)
    block_color                              0x24000046   Data           1  main.o(.data)
    communciation_error_counter              0x24000047   Data           1  main.o(.data)
    last                                     0x24000048   Data           1  main.o(.data)
    cmp_buf                                  0x24000049   Data           5  main.o(.data)
    RGB_DEFAULT                              0x24000054   Data           4  rgb.o(.data)
    uwTick                                   0x24000058   Data           4  stm32h7xx_hal.o(.data)
    uwTickPrio                               0x2400005c   Data           4  stm32h7xx_hal.o(.data)
    uwTickFreq                               0x24000060   Data           1  stm32h7xx_hal.o(.data)
    SystemCoreClock                          0x24000064   Data           4  system_stm32h7xx.o(.data)
    SystemD2Clock                            0x24000068   Data           4  system_stm32h7xx.o(.data)
    nodes                                    0x2400006c   Data       81920  lidar.o(.bss)
    BOHH                                     0x2401406c   Data          48  lidar.o(.bss)
    rocker                                   0x2401409c   Data          16  main.o(.bss)
    dma_buffer                               0x240140ac   Data        4200  main.o(.bss)
    raw_data_buffer                          0x24015114   Data        4200  main.o(.bss)
    tof_buffer                               0x2401617c   Data          10  main.o(.bss)
    Rx_buffer                                0x24016186   Data          16  main.o(.bss)
    huart3_rxbuffer                          0x24016196   Data          16  main.o(.bss)
    R1_buf                                   0x240161a6   Data          16  main.o(.bss)
    vx                                       0x240161b8   Data          40  main.o(.bss)
    vy                                       0x240161e0   Data          40  main.o(.bss)
    hfdcan1                                  0x24016208   Data         160  fdcan.o(.bss)
    hfdcan2                                  0x240162a8   Data         160  fdcan.o(.bss)
    hspi1                                    0x24016348   Data         136  spi.o(.bss)
    htim6                                    0x240163d0   Data          76  tim.o(.bss)
    htim7                                    0x2401641c   Data          76  tim.o(.bss)
    htim8                                    0x24016468   Data          76  tim.o(.bss)
    hdma_tim8_ch3                            0x240164b4   Data         120  tim.o(.bss)
    huart8                                   0x2401652c   Data         144  usart.o(.bss)
    huart2                                   0x240165bc   Data         144  usart.o(.bss)
    huart3                                   0x2401664c   Data         144  usart.o(.bss)
    hdma_usart2_rx                           0x240166dc   Data         120  usart.o(.bss)
    hdma_usart3_rx                           0x24016754   Data         120  usart.o(.bss)
    htim14                                   0x240167cc   Data          76  stm32h7xx_hal_timebase_tim.o(.bss)
    Color_RGB                                0x24016818   Data          12  rgb.o(.bss)
    RGB_WriteBuff                            0x24016824   Data         558  rgb.o(.bss)
    __libspace_start                         0x24016a54   Data          96  libspace.o(.bss)
    __temporary_stack_top$libspace           0x24016ab4   Data           0  libspace.o(.bss)



==============================================================================

Memory Map of the image

  Image Entry point : 0x08000299

  Load Region LR_IROM1 (Base: 0x08000000, Size: 0x0000b65c, Max: 0x00200000, ABSOLUTE)

    Execution Region ER_IROM1 (Exec base: 0x08000000, Load base: 0x08000000, Size: 0x0000b5f0, Max: 0x00200000, ABSOLUTE)

    Exec Addr    Load Addr    Size         Type   Attr      Idx    E Section Name        Object

    0x08000000   0x08000000   0x00000298   Data   RO            3    RESET               startup_stm32h743xx.o
    0x08000298   0x08000298   0x00000008   Code   RO         5928  * !!!main             c_w.l(__main.o)
    0x080002a0   0x080002a0   0x00000034   Code   RO         6206    !!!scatter          c_w.l(__scatter.o)
    0x080002d4   0x080002d4   0x0000001a   Code   RO         6208    !!handler_copy      c_w.l(__scatter_copy.o)
    0x080002ee   0x080002ee   0x00000002   PAD
    0x080002f0   0x080002f0   0x0000001c   Code   RO         6210    !!handler_zi        c_w.l(__scatter_zi.o)
    0x0800030c   0x0800030c   0x00000002   Code   RO         6077    .ARM.Collect$$libinit$$00000000  c_w.l(libinit.o)
    0x0800030e   0x0800030e   0x00000004   Code   RO         6086    .ARM.Collect$$libinit$$00000001  c_w.l(libinit2.o)
    0x08000312   0x08000312   0x00000000   Code   RO         6089    .ARM.Collect$$libinit$$00000004  c_w.l(libinit2.o)
    0x08000312   0x08000312   0x00000000   Code   RO         6092    .ARM.Collect$$libinit$$0000000A  c_w.l(libinit2.o)
    0x08000312   0x08000312   0x00000000   Code   RO         6094    .ARM.Collect$$libinit$$0000000C  c_w.l(libinit2.o)
    0x08000312   0x08000312   0x00000000   Code   RO         6096    .ARM.Collect$$libinit$$0000000E  c_w.l(libinit2.o)
    0x08000312   0x08000312   0x00000000   Code   RO         6099    .ARM.Collect$$libinit$$00000011  c_w.l(libinit2.o)
    0x08000312   0x08000312   0x00000000   Code   RO         6101    .ARM.Collect$$libinit$$00000013  c_w.l(libinit2.o)
    0x08000312   0x08000312   0x00000000   Code   RO         6103    .ARM.Collect$$libinit$$00000015  c_w.l(libinit2.o)
    0x08000312   0x08000312   0x00000000   Code   RO         6105    .ARM.Collect$$libinit$$00000017  c_w.l(libinit2.o)
    0x08000312   0x08000312   0x00000000   Code   RO         6107    .ARM.Collect$$libinit$$00000019  c_w.l(libinit2.o)
    0x08000312   0x08000312   0x00000000   Code   RO         6109    .ARM.Collect$$libinit$$0000001B  c_w.l(libinit2.o)
    0x08000312   0x08000312   0x00000000   Code   RO         6111    .ARM.Collect$$libinit$$0000001D  c_w.l(libinit2.o)
    0x08000312   0x08000312   0x00000000   Code   RO         6113    .ARM.Collect$$libinit$$0000001F  c_w.l(libinit2.o)
    0x08000312   0x08000312   0x00000000   Code   RO         6115    .ARM.Collect$$libinit$$00000021  c_w.l(libinit2.o)
    0x08000312   0x08000312   0x00000000   Code   RO         6117    .ARM.Collect$$libinit$$00000023  c_w.l(libinit2.o)
    0x08000312   0x08000312   0x00000000   Code   RO         6119    .ARM.Collect$$libinit$$00000025  c_w.l(libinit2.o)
    0x08000312   0x08000312   0x00000000   Code   RO         6123    .ARM.Collect$$libinit$$0000002C  c_w.l(libinit2.o)
    0x08000312   0x08000312   0x00000000   Code   RO         6125    .ARM.Collect$$libinit$$0000002E  c_w.l(libinit2.o)
    0x08000312   0x08000312   0x00000000   Code   RO         6127    .ARM.Collect$$libinit$$00000030  c_w.l(libinit2.o)
    0x08000312   0x08000312   0x00000000   Code   RO         6129    .ARM.Collect$$libinit$$00000032  c_w.l(libinit2.o)
    0x08000312   0x08000312   0x00000002   Code   RO         6130    .ARM.Collect$$libinit$$00000033  c_w.l(libinit2.o)
    0x08000314   0x08000314   0x00000002   Code   RO         6161    .ARM.Collect$$libshutdown$$00000000  c_w.l(libshutdown.o)
    0x08000316   0x08000316   0x00000000   Code   RO         6187    .ARM.Collect$$libshutdown$$00000002  c_w.l(libshutdown2.o)
    0x08000316   0x08000316   0x00000000   Code   RO         6189    .ARM.Collect$$libshutdown$$00000004  c_w.l(libshutdown2.o)
    0x08000316   0x08000316   0x00000000   Code   RO         6191    .ARM.Collect$$libshutdown$$00000006  c_w.l(libshutdown2.o)
    0x08000316   0x08000316   0x00000000   Code   RO         6194    .ARM.Collect$$libshutdown$$00000009  c_w.l(libshutdown2.o)
    0x08000316   0x08000316   0x00000000   Code   RO         6197    .ARM.Collect$$libshutdown$$0000000C  c_w.l(libshutdown2.o)
    0x08000316   0x08000316   0x00000000   Code   RO         6199    .ARM.Collect$$libshutdown$$0000000E  c_w.l(libshutdown2.o)
    0x08000316   0x08000316   0x00000000   Code   RO         6202    .ARM.Collect$$libshutdown$$00000011  c_w.l(libshutdown2.o)
    0x08000316   0x08000316   0x00000002   Code   RO         6203    .ARM.Collect$$libshutdown$$00000012  c_w.l(libshutdown2.o)
    0x08000318   0x08000318   0x00000000   Code   RO         5978    .ARM.Collect$$rtentry$$00000000  c_w.l(__rtentry.o)
    0x08000318   0x08000318   0x00000000   Code   RO         6036    .ARM.Collect$$rtentry$$00000002  c_w.l(__rtentry2.o)
    0x08000318   0x08000318   0x00000006   Code   RO         6048    .ARM.Collect$$rtentry$$00000004  c_w.l(__rtentry4.o)
    0x0800031e   0x0800031e   0x00000000   Code   RO         6038    .ARM.Collect$$rtentry$$00000009  c_w.l(__rtentry2.o)
    0x0800031e   0x0800031e   0x00000004   Code   RO         6039    .ARM.Collect$$rtentry$$0000000A  c_w.l(__rtentry2.o)
    0x08000322   0x08000322   0x00000000   Code   RO         6041    .ARM.Collect$$rtentry$$0000000C  c_w.l(__rtentry2.o)
    0x08000322   0x08000322   0x00000008   Code   RO         6042    .ARM.Collect$$rtentry$$0000000D  c_w.l(__rtentry2.o)
    0x0800032a   0x0800032a   0x00000002   Code   RO         6078    .ARM.Collect$$rtexit$$00000000  c_w.l(rtexit.o)
    0x0800032c   0x0800032c   0x00000000   Code   RO         6134    .ARM.Collect$$rtexit$$00000002  c_w.l(rtexit2.o)
    0x0800032c   0x0800032c   0x00000004   Code   RO         6135    .ARM.Collect$$rtexit$$00000003  c_w.l(rtexit2.o)
    0x08000330   0x08000330   0x00000006   Code   RO         6136    .ARM.Collect$$rtexit$$00000004  c_w.l(rtexit2.o)
    0x08000336   0x08000336   0x00000002   PAD
    0x08000338   0x08000338   0x00000040   Code   RO            4    .text               startup_stm32h743xx.o
    0x08000378   0x08000378   0x000000ee   Code   RO         5920    .text               c_w.l(lludivv7m.o)
    0x08000466   0x08000466   0x00000064   Code   RO         5922    .text               c_w.l(rt_memcpy_w.o)
    0x080004ca   0x080004ca   0x0000004e   Code   RO         5924    .text               c_w.l(rt_memclr_w.o)
    0x08000518   0x08000518   0x00000006   Code   RO         5926    .text               c_w.l(heapauxi.o)
    0x0800051e   0x0800051e   0x00000016   Code   RO         5983    .text               c_w.l(_rserrno.o)
    0x08000534   0x08000534   0x00000008   Code   RO         6055    .text               c_w.l(rt_errno_addr_intlibspace.o)
    0x0800053c   0x0800053c   0x00000008   Code   RO         6061    .text               c_w.l(libspace.o)
    0x08000544   0x08000544   0x0000004a   Code   RO         6064    .text               c_w.l(sys_stackheap_outer.o)
    0x0800058e   0x0800058e   0x00000012   Code   RO         6066    .text               c_w.l(exit.o)
    0x080005a0   0x080005a0   0x0000000c   Code   RO         6131    .text               c_w.l(sys_exit.o)
    0x080005ac   0x080005ac   0x00000002   Code   RO         6150    .text               c_w.l(use_no_semi.o)
    0x080005ae   0x080005ae   0x00000000   Code   RO         6152    .text               c_w.l(indicate_semi.o)
    0x080005ae   0x080005ae   0x00000004   Code   RO          577    i.BusFault_Handler  stm32h7xx_it.o
    0x080005b2   0x080005b2   0x00000002   PAD
    0x080005b4   0x080005b4   0x00000010   Code   RO          578    i.DMA1_Stream0_IRQHandler  stm32h7xx_it.o
    0x080005c4   0x080005c4   0x00000010   Code   RO          579    i.DMA1_Stream1_IRQHandler  stm32h7xx_it.o
    0x080005d4   0x080005d4   0x00000010   Code   RO          580    i.DMA1_Stream2_IRQHandler  stm32h7xx_it.o
    0x080005e4   0x080005e4   0x000000ec   Code   RO         1771    i.DMA_CalcBaseAndBitshift  stm32h7xx_hal_dma.o
    0x080006d0   0x080006d0   0x000000c4   Code   RO         1772    i.DMA_CalcDMAMUXChannelBaseAndMask  stm32h7xx_hal_dma.o
    0x08000794   0x08000794   0x00000098   Code   RO         1773    i.DMA_CalcDMAMUXRequestGenBaseAndMask  stm32h7xx_hal_dma.o
    0x0800082c   0x0800082c   0x000000ae   Code   RO         1774    i.DMA_CheckFifoParam  stm32h7xx_hal_dma.o
    0x080008da   0x080008da   0x00000002   PAD
    0x080008dc   0x080008dc   0x00000274   Code   RO         1775    i.DMA_SetConfig     stm32h7xx_hal_dma.o
    0x08000b50   0x08000b50   0x00000002   Code   RO          581    i.DebugMon_Handler  stm32h7xx_it.o
    0x08000b52   0x08000b52   0x00000006   Code   RO          190    i.Error_Handler     main.o
    0x08000b58   0x08000b58   0x00000010   Code   RO          582    i.FDCAN1_IT0_IRQHandler  stm32h7xx_it.o
    0x08000b68   0x08000b68   0x00000054   Code   RO          800    i.FDCAN1_Init       fdcan_bsp.o
    0x08000bbc   0x08000bbc   0x00000010   Code   RO          583    i.FDCAN2_IT0_IRQHandler  stm32h7xx_it.o
    0x08000bcc   0x08000bcc   0x00000080   Code   RO          801    i.FDCAN2_Init       fdcan_bsp.o
    0x08000c4c   0x08000c4c   0x00000220   Code   RO         3378    i.FDCAN_CalcultateRamBlockAddresses  stm32h7xx_hal_fdcan.o
    0x08000e6c   0x08000e6c   0x000000d4   Code   RO         3379    i.FDCAN_CopyMessageToRAM  stm32h7xx_hal_fdcan.o
    0x08000f40   0x08000f40   0x00000014   Code   RO          802    i.FDCAN_Message_Decode  fdcan_bsp.o
    0x08000f54   0x08000f54   0x00000042   Code   RO          803    i.FDCAN_SendData    fdcan_bsp.o
    0x08000f96   0x08000f96   0x00000002   PAD
    0x08000f98   0x08000f98   0x000004d4   Code   RO           13    i.Get_BOHH_Coordinate  lidar.o
    0x0800146c   0x0800146c   0x000004dc   Code   RO         1776    i.HAL_DMA_Abort     stm32h7xx_hal_dma.o
    0x08001948   0x08001948   0x00000398   Code   RO         1777    i.HAL_DMA_Abort_IT  stm32h7xx_hal_dma.o
    0x08001ce0   0x08001ce0   0x00000af8   Code   RO         1781    i.HAL_DMA_IRQHandler  stm32h7xx_hal_dma.o
    0x080027d8   0x080027d8   0x00000520   Code   RO         1782    i.HAL_DMA_Init      stm32h7xx_hal_dma.o
    0x08002cf8   0x08002cf8   0x000003e0   Code   RO         1786    i.HAL_DMA_Start_IT  stm32h7xx_hal_dma.o
    0x080030d8   0x080030d8   0x00000028   Code   RO         2485    i.HAL_Delay         stm32h7xx_hal.o
    0x08003100   0x08003100   0x000000a8   Code   RO         3381    i.HAL_FDCAN_ActivateNotification  stm32h7xx_hal_fdcan.o
    0x080031a8   0x080031a8   0x00000090   Code   RO         3383    i.HAL_FDCAN_AddMessageToTxFifoQ  stm32h7xx_hal_fdcan.o
    0x08003238   0x08003238   0x00000002   Code   RO         3384    i.HAL_FDCAN_ClockCalibrationCallback  stm32h7xx_hal_fdcan.o
    0x0800323a   0x0800323a   0x000000a8   Code   RO         3388    i.HAL_FDCAN_ConfigFilter  stm32h7xx_hal_fdcan.o
    0x080032e2   0x080032e2   0x00000034   Code   RO         3389    i.HAL_FDCAN_ConfigGlobalFilter  stm32h7xx_hal_fdcan.o
    0x08003316   0x08003316   0x00000002   Code   RO         3410    i.HAL_FDCAN_ErrorCallback  stm32h7xx_hal_fdcan.o
    0x08003318   0x08003318   0x00000002   Code   RO         3411    i.HAL_FDCAN_ErrorStatusCallback  stm32h7xx_hal_fdcan.o
    0x0800331a   0x0800331a   0x00000002   PAD
    0x0800331c   0x0800331c   0x000001f4   Code   RO         3422    i.HAL_FDCAN_GetRxMessage  stm32h7xx_hal_fdcan.o
    0x08003510   0x08003510   0x00000002   Code   RO         3428    i.HAL_FDCAN_HighPriorityMessageCallback  stm32h7xx_hal_fdcan.o
    0x08003512   0x08003512   0x00000002   PAD
    0x08003514   0x08003514   0x000003d4   Code   RO         3429    i.HAL_FDCAN_IRQHandler  stm32h7xx_hal_fdcan.o
    0x080038e8   0x080038e8   0x000002e0   Code   RO         3430    i.HAL_FDCAN_Init    stm32h7xx_hal_fdcan.o
    0x08003bc8   0x08003bc8   0x00000168   Code   RO          373    i.HAL_FDCAN_MspInit  fdcan.o
    0x08003d30   0x08003d30   0x00000002   Code   RO         3439    i.HAL_FDCAN_RxBufferNewMessageCallback  stm32h7xx_hal_fdcan.o
    0x08003d32   0x08003d32   0x00000028   Code   RO          805    i.HAL_FDCAN_RxFifo0Callback  fdcan_bsp.o
    0x08003d5a   0x08003d5a   0x0000002e   Code   RO          806    i.HAL_FDCAN_RxFifo1Callback  fdcan_bsp.o
    0x08003d88   0x08003d88   0x00000034   Code   RO         3442    i.HAL_FDCAN_Start   stm32h7xx_hal_fdcan.o
    0x08003dbc   0x08003dbc   0x00000002   Code   RO         3464    i.HAL_FDCAN_TT_GlobalTimeCallback  stm32h7xx_hal_fdcan.o
    0x08003dbe   0x08003dbe   0x00000002   Code   RO         3465    i.HAL_FDCAN_TT_ScheduleSyncCallback  stm32h7xx_hal_fdcan.o
    0x08003dc0   0x08003dc0   0x00000002   Code   RO         3470    i.HAL_FDCAN_TT_StopWatchCallback  stm32h7xx_hal_fdcan.o
    0x08003dc2   0x08003dc2   0x00000002   Code   RO         3471    i.HAL_FDCAN_TT_TimeMarkCallback  stm32h7xx_hal_fdcan.o
    0x08003dc4   0x08003dc4   0x00000002   Code   RO         3472    i.HAL_FDCAN_TimeoutOccurredCallback  stm32h7xx_hal_fdcan.o
    0x08003dc6   0x08003dc6   0x00000002   Code   RO         3473    i.HAL_FDCAN_TimestampWraparoundCallback  stm32h7xx_hal_fdcan.o
    0x08003dc8   0x08003dc8   0x00000002   Code   RO         3474    i.HAL_FDCAN_TxBufferAbortCallback  stm32h7xx_hal_fdcan.o
    0x08003dca   0x08003dca   0x00000002   Code   RO         3475    i.HAL_FDCAN_TxBufferCompleteCallback  stm32h7xx_hal_fdcan.o
    0x08003dcc   0x08003dcc   0x00000002   Code   RO         3476    i.HAL_FDCAN_TxEventFifoCallback  stm32h7xx_hal_fdcan.o
    0x08003dce   0x08003dce   0x00000002   Code   RO         3477    i.HAL_FDCAN_TxFifoEmptyCallback  stm32h7xx_hal_fdcan.o
    0x08003dd0   0x08003dd0   0x000001fc   Code   RO         1624    i.HAL_GPIO_Init     stm32h7xx_hal_gpio.o
    0x08003fcc   0x08003fcc   0x0000000c   Code   RO         1628    i.HAL_GPIO_WritePin  stm32h7xx_hal_gpio.o
    0x08003fd8   0x08003fd8   0x0000000c   Code   RO         2496    i.HAL_GetREVID      stm32h7xx_hal.o
    0x08003fe4   0x08003fe4   0x0000000c   Code   RO         2497    i.HAL_GetTick       stm32h7xx_hal.o
    0x08003ff0   0x08003ff0   0x00000018   Code   RO         2503    i.HAL_IncTick       stm32h7xx_hal.o
    0x08004008   0x08004008   0x00000060   Code   RO         2504    i.HAL_Init          stm32h7xx_hal.o
    0x08004068   0x08004068   0x000000a0   Code   RO          761    i.HAL_InitTick      stm32h7xx_hal_timebase_tim.o
    0x08004108   0x08004108   0x00000024   Code   RO          737    i.HAL_MspInit       stm32h7xx_hal_msp.o
    0x0800412c   0x0800412c   0x00000028   Code   RO          919    i.HAL_NVIC_EnableIRQ  stm32h7xx_hal_cortex.o
    0x08004154   0x08004154   0x0000007a   Code   RO          925    i.HAL_NVIC_SetPriority  stm32h7xx_hal_cortex.o
    0x080041ce   0x080041ce   0x00000002   PAD
    0x080041d0   0x080041d0   0x00000028   Code   RO          926    i.HAL_NVIC_SetPriorityGrouping  stm32h7xx_hal_cortex.o
    0x080041f8   0x080041f8   0x00000060   Code   RO         2225    i.HAL_PWREx_ConfigSupply  stm32h7xx_hal_pwr_ex.o
    0x08004258   0x08004258   0x00000024   Code   RO         1175    i.HAL_RCCEx_GetD3PCLK1Freq  stm32h7xx_hal_rcc_ex.o
    0x0800427c   0x0800427c   0x00000230   Code   RO         1177    i.HAL_RCCEx_GetPLL2ClockFreq  stm32h7xx_hal_rcc_ex.o
    0x080044ac   0x080044ac   0x00000230   Code   RO         1178    i.HAL_RCCEx_GetPLL3ClockFreq  stm32h7xx_hal_rcc_ex.o
    0x080046dc   0x080046dc   0x00000b64   Code   RO         1184    i.HAL_RCCEx_PeriphCLKConfig  stm32h7xx_hal_rcc_ex.o
    0x08005240   0x08005240   0x00000320   Code   RO         1060    i.HAL_RCC_ClockConfig  stm32h7xx_hal_rcc.o
    0x08005560   0x08005560   0x0000006c   Code   RO         1064    i.HAL_RCC_GetClockConfig  stm32h7xx_hal_rcc.o
    0x080055cc   0x080055cc   0x0000004c   Code   RO         1065    i.HAL_RCC_GetHCLKFreq  stm32h7xx_hal_rcc.o
    0x08005618   0x08005618   0x00000024   Code   RO         1067    i.HAL_RCC_GetPCLK1Freq  stm32h7xx_hal_rcc.o
    0x0800563c   0x0800563c   0x00000024   Code   RO         1068    i.HAL_RCC_GetPCLK2Freq  stm32h7xx_hal_rcc.o
    0x08005660   0x08005660   0x0000022c   Code   RO         1069    i.HAL_RCC_GetSysClockFreq  stm32h7xx_hal_rcc.o
    0x0800588c   0x0800588c   0x00000800   Code   RO         1072    i.HAL_RCC_OscConfig  stm32h7xx_hal_rcc.o
    0x0800608c   0x0800608c   0x00000180   Code   RO         4007    i.HAL_SPI_Init      stm32h7xx_hal_spi.o
    0x0800620c   0x0800620c   0x000000b8   Code   RO          422    i.HAL_SPI_MspInit   spi.o
    0x080062c4   0x080062c4   0x00000002   Code   RO         5051    i.HAL_TIMEx_Break2Callback  stm32h7xx_hal_tim_ex.o
    0x080062c6   0x080062c6   0x00000002   Code   RO         5052    i.HAL_TIMEx_BreakCallback  stm32h7xx_hal_tim_ex.o
    0x080062c8   0x080062c8   0x00000002   Code   RO         5053    i.HAL_TIMEx_CommutCallback  stm32h7xx_hal_tim_ex.o
    0x080062ca   0x080062ca   0x00000002   PAD
    0x080062cc   0x080062cc   0x000000b4   Code   RO         5055    i.HAL_TIMEx_ConfigBreakDeadTime  stm32h7xx_hal_tim_ex.o
    0x08006380   0x08006380   0x000000cc   Code   RO         5073    i.HAL_TIMEx_MasterConfigSynchronization  stm32h7xx_hal_tim_ex.o
    0x0800644c   0x0800644c   0x0000006e   Code   RO         4326    i.HAL_TIM_Base_Init  stm32h7xx_hal_tim.o
    0x080064ba   0x080064ba   0x00000002   PAD
    0x080064bc   0x080064bc   0x00000128   Code   RO          464    i.HAL_TIM_Base_MspInit  tim.o
    0x080065e4   0x080065e4   0x000000b4   Code   RO         4331    i.HAL_TIM_Base_Start_IT  stm32h7xx_hal_tim.o
    0x08006698   0x08006698   0x00000134   Code   RO         4335    i.HAL_TIM_ConfigClockSource  stm32h7xx_hal_tim.o
    0x080067cc   0x080067cc   0x00000002   Code   RO         4356    i.HAL_TIM_ErrorCallback  stm32h7xx_hal_tim.o
    0x080067ce   0x080067ce   0x00000002   Code   RO         4360    i.HAL_TIM_IC_CaptureCallback  stm32h7xx_hal_tim.o
    0x080067d0   0x080067d0   0x000001b8   Code   RO         4374    i.HAL_TIM_IRQHandler  stm32h7xx_hal_tim.o
    0x08006988   0x08006988   0x00000060   Code   RO          465    i.HAL_TIM_MspPostInit  tim.o
    0x080069e8   0x080069e8   0x00000002   Code   RO         4377    i.HAL_TIM_OC_DelayElapsedCallback  stm32h7xx_hal_tim.o
    0x080069ea   0x080069ea   0x00000170   Code   RO         4398    i.HAL_TIM_PWM_ConfigChannel  stm32h7xx_hal_tim.o
    0x08006b5a   0x08006b5a   0x0000006e   Code   RO         4401    i.HAL_TIM_PWM_Init  stm32h7xx_hal_tim.o
    0x08006bc8   0x08006bc8   0x00000002   Code   RO         4403    i.HAL_TIM_PWM_MspInit  stm32h7xx_hal_tim.o
    0x08006bca   0x08006bca   0x00000002   Code   RO         4404    i.HAL_TIM_PWM_PulseFinishedCallback  stm32h7xx_hal_tim.o
    0x08006bcc   0x08006bcc   0x00000002   Code   RO         4405    i.HAL_TIM_PWM_PulseFinishedHalfCpltCallback  stm32h7xx_hal_tim.o
    0x08006bce   0x08006bce   0x00000002   PAD
    0x08006bd0   0x08006bd0   0x000002b8   Code   RO         4407    i.HAL_TIM_PWM_Start_DMA  stm32h7xx_hal_tim.o
    0x08006e88   0x08006e88   0x00000150   Code   RO         4410    i.HAL_TIM_PWM_Stop_DMA  stm32h7xx_hal_tim.o
    0x08006fd8   0x08006fd8   0x000001b0   Code   RO          191    i.HAL_TIM_PeriodElapsedCallback  main.o
    0x08007188   0x08007188   0x00000002   Code   RO         4417    i.HAL_TIM_TriggerCallback  stm32h7xx_hal_tim.o
    0x0800718a   0x0800718a   0x0000004e   Code   RO         5767    i.HAL_UARTEx_DisableFifoMode  stm32h7xx_hal_uart_ex.o
    0x080071d8   0x080071d8   0x00000002   Code   RO         5351    i.HAL_UARTEx_RxEventCallback  stm32h7xx_hal_uart.o
    0x080071da   0x080071da   0x00000002   Code   RO         5774    i.HAL_UARTEx_RxFifoFullCallback  stm32h7xx_hal_uart_ex.o
    0x080071dc   0x080071dc   0x0000005e   Code   RO         5775    i.HAL_UARTEx_SetRxFifoThreshold  stm32h7xx_hal_uart_ex.o
    0x0800723a   0x0800723a   0x0000005e   Code   RO         5776    i.HAL_UARTEx_SetTxFifoThreshold  stm32h7xx_hal_uart_ex.o
    0x08007298   0x08007298   0x00000002   Code   RO         5778    i.HAL_UARTEx_TxFifoEmptyCallback  stm32h7xx_hal_uart_ex.o
    0x0800729a   0x0800729a   0x00000002   Code   RO         5779    i.HAL_UARTEx_WakeupCallback  stm32h7xx_hal_uart_ex.o
    0x0800729c   0x0800729c   0x00000002   Code   RO         5367    i.HAL_UART_ErrorCallback  stm32h7xx_hal_uart.o
    0x0800729e   0x0800729e   0x00000002   PAD
    0x080072a0   0x080072a0   0x00000458   Code   RO         5370    i.HAL_UART_IRQHandler  stm32h7xx_hal_uart.o
    0x080076f8   0x080076f8   0x00000078   Code   RO         5371    i.HAL_UART_Init     stm32h7xx_hal_uart.o
    0x08007770   0x08007770   0x0000024c   Code   RO          524    i.HAL_UART_MspInit  usart.o
    0x080079bc   0x080079bc   0x00000074   Code   RO         5375    i.HAL_UART_Receive_DMA  stm32h7xx_hal_uart.o
    0x08007a30   0x08007a30   0x00000074   Code   RO         5376    i.HAL_UART_Receive_IT  stm32h7xx_hal_uart.o
    0x08007aa4   0x08007aa4   0x00000054   Code   RO          192    i.HAL_UART_RxCpltCallback  main.o
    0x08007af8   0x08007af8   0x00000002   Code   RO         5379    i.HAL_UART_RxHalfCpltCallback  stm32h7xx_hal_uart.o
    0x08007afa   0x08007afa   0x000000d6   Code   RO         5380    i.HAL_UART_Transmit  stm32h7xx_hal_uart.o
    0x08007bd0   0x08007bd0   0x00000002   Code   RO         5383    i.HAL_UART_TxCpltCallback  stm32h7xx_hal_uart.o
    0x08007bd2   0x08007bd2   0x00000004   Code   RO          584    i.HardFault_Handler  stm32h7xx_it.o
    0x08007bd6   0x08007bd6   0x00000002   PAD
    0x08007bd8   0x08007bd8   0x00000054   Code   RO          348    i.MX_DMA_Init       dma.o
    0x08007c2c   0x08007c2c   0x00000080   Code   RO          374    i.MX_FDCAN1_Init    fdcan.o
    0x08007cac   0x08007cac   0x00000080   Code   RO          375    i.MX_FDCAN2_Init    fdcan.o
    0x08007d2c   0x08007d2c   0x0000019c   Code   RO          324    i.MX_GPIO_Init      gpio.o
    0x08007ec8   0x08007ec8   0x00000060   Code   RO          423    i.MX_SPI1_Init      spi.o
    0x08007f28   0x08007f28   0x0000004c   Code   RO          466    i.MX_TIM6_Init      tim.o
    0x08007f74   0x08007f74   0x0000004c   Code   RO          467    i.MX_TIM7_Init      tim.o
    0x08007fc0   0x08007fc0   0x000000e8   Code   RO          468    i.MX_TIM8_Init      tim.o
    0x080080a8   0x080080a8   0x00000070   Code   RO          525    i.MX_UART8_Init     usart.o
    0x08008118   0x08008118   0x0000006c   Code   RO          526    i.MX_USART2_UART_Init  usart.o
    0x08008184   0x08008184   0x00000070   Code   RO          527    i.MX_USART3_UART_Init  usart.o
    0x080081f4   0x080081f4   0x00000004   Code   RO          585    i.MemManage_Handler  stm32h7xx_it.o
    0x080081f8   0x080081f8   0x00000004   Code   RO          586    i.NMI_Handler       stm32h7xx_it.o
    0x080081fc   0x080081fc   0x00000002   Code   RO          587    i.PendSV_Handler    stm32h7xx_it.o
    0x080081fe   0x080081fe   0x00000002   PAD
    0x08008200   0x08008200   0x00000164   Code   RO         1187    i.RCCEx_PLL2_Config  stm32h7xx_hal_rcc_ex.o
    0x08008364   0x08008364   0x00000164   Code   RO         1188    i.RCCEx_PLL3_Config  stm32h7xx_hal_rcc_ex.o
    0x080084c8   0x080084c8   0x000000b0   Code   RO          864    i.RGB_Buffer_Input  rgb.o
    0x08008578   0x08008578   0x000002e8   Code   RO          865    i.RGB_Change        rgb.o
    0x08008860   0x08008860   0x00000040   Code   RO          866    i.RGB_Color         rgb.o
    0x080088a0   0x080088a0   0x0000002c   Code   RO          867    i.RGB_Init          rgb.o
    0x080088cc   0x080088cc   0x0000001a   Code   RO         4037    i.SPI_GetPacketSize  stm32h7xx_hal_spi.o
    0x080088e6   0x080088e6   0x00000002   Code   RO          588    i.SVC_Handler       stm32h7xx_it.o
    0x080088e8   0x080088e8   0x00000002   Code   RO          589    i.SysTick_Handler   stm32h7xx_it.o
    0x080088ea   0x080088ea   0x00000002   PAD
    0x080088ec   0x080088ec   0x000000e4   Code   RO          193    i.SystemClock_Config  main.o
    0x080089d0   0x080089d0   0x000000fc   Code   RO         5885    i.SystemInit        system_stm32h7xx.o
    0x08008acc   0x08008acc   0x00000010   Code   RO          590    i.TIM6_DAC_IRQHandler  stm32h7xx_it.o
    0x08008adc   0x08008adc   0x00000010   Code   RO          591    i.TIM7_IRQHandler   stm32h7xx_it.o
    0x08008aec   0x08008aec   0x00000010   Code   RO          592    i.TIM8_BRK_TIM12_IRQHandler  stm32h7xx_it.o
    0x08008afc   0x08008afc   0x00000018   Code   RO          593    i.TIM8_TRG_COM_TIM14_IRQHandler  stm32h7xx_it.o
    0x08008b14   0x08008b14   0x00000010   Code   RO          594    i.TIM8_UP_TIM13_IRQHandler  stm32h7xx_it.o
    0x08008b24   0x08008b24   0x000000cc   Code   RO         4419    i.TIM_Base_SetConfig  stm32h7xx_hal_tim.o
    0x08008bf0   0x08008bf0   0x00000022   Code   RO         4420    i.TIM_CCxChannelCmd  stm32h7xx_hal_tim.o
    0x08008c12   0x08008c12   0x00000068   Code   RO         4423    i.TIM_DMADelayPulseCplt  stm32h7xx_hal_tim.o
    0x08008c7a   0x08008c7a   0x00000040   Code   RO         4424    i.TIM_DMADelayPulseHalfCplt  stm32h7xx_hal_tim.o
    0x08008cba   0x08008cba   0x0000005e   Code   RO         4425    i.TIM_DMAError      stm32h7xx_hal_tim.o
    0x08008d18   0x08008d18   0x00000016   Code   RO         4430    i.TIM_ETR_SetConfig  stm32h7xx_hal_tim.o
    0x08008d2e   0x08008d2e   0x00000002   PAD
    0x08008d30   0x08008d30   0x00000018   Code   RO         4431    i.TIM_ITRx_SetConfig  stm32h7xx_hal_tim.o
    0x08008d48   0x08008d48   0x000000ac   Code   RO         4432    i.TIM_OC1_SetConfig  stm32h7xx_hal_tim.o
    0x08008df4   0x08008df4   0x000000b4   Code   RO         4433    i.TIM_OC2_SetConfig  stm32h7xx_hal_tim.o
    0x08008ea8   0x08008ea8   0x000000b4   Code   RO         4434    i.TIM_OC3_SetConfig  stm32h7xx_hal_tim.o
    0x08008f5c   0x08008f5c   0x00000074   Code   RO         4435    i.TIM_OC4_SetConfig  stm32h7xx_hal_tim.o
    0x08008fd0   0x08008fd0   0x00000070   Code   RO         4436    i.TIM_OC5_SetConfig  stm32h7xx_hal_tim.o
    0x08009040   0x08009040   0x00000070   Code   RO         4437    i.TIM_OC6_SetConfig  stm32h7xx_hal_tim.o
    0x080090b0   0x080090b0   0x00000026   Code   RO         4439    i.TIM_TI1_ConfigInputStage  stm32h7xx_hal_tim.o
    0x080090d6   0x080090d6   0x00000028   Code   RO         4441    i.TIM_TI2_ConfigInputStage  stm32h7xx_hal_tim.o
    0x080090fe   0x080090fe   0x00000002   PAD
    0x08009100   0x08009100   0x000001f4   Code   RO           14    i.Tran_XY_To_Angle_Distance  lidar.o
    0x080092f4   0x080092f4   0x00000010   Code   RO          595    i.UART8_IRQHandler  stm32h7xx_it.o
    0x08009304   0x08009304   0x00000058   Code   RO         5780    i.UARTEx_SetNbDataToProcess  stm32h7xx_hal_uart_ex.o
    0x0800935c   0x0800935c   0x000000f8   Code   RO         5385    i.UART_AdvFeatureConfig  stm32h7xx_hal_uart.o
    0x08009454   0x08009454   0x00000076   Code   RO         5386    i.UART_CheckIdleState  stm32h7xx_hal_uart.o
    0x080094ca   0x080094ca   0x00000018   Code   RO         5387    i.UART_DMAAbortOnError  stm32h7xx_hal_uart.o
    0x080094e2   0x080094e2   0x0000005e   Code   RO         5388    i.UART_DMAError     stm32h7xx_hal_uart.o
    0x08009540   0x08009540   0x000000aa   Code   RO         5389    i.UART_DMAReceiveCplt  stm32h7xx_hal_uart.o
    0x080095ea   0x080095ea   0x00000022   Code   RO         5391    i.UART_DMARxHalfCplt  stm32h7xx_hal_uart.o
    0x0800960c   0x0800960c   0x0000006c   Code   RO         5397    i.UART_EndRxTransfer  stm32h7xx_hal_uart.o
    0x08009678   0x08009678   0x00000030   Code   RO         5398    i.UART_EndTransmit_IT  stm32h7xx_hal_uart.o
    0x080096a8   0x080096a8   0x00000040   Code   RO         5399    i.UART_EndTxTransfer  stm32h7xx_hal_uart.o
    0x080096e8   0x080096e8   0x000000d2   Code   RO         5400    i.UART_RxISR_16BIT  stm32h7xx_hal_uart.o
    0x080097ba   0x080097ba   0x00000002   PAD
    0x080097bc   0x080097bc   0x000001c8   Code   RO         5401    i.UART_RxISR_16BIT_FIFOEN  stm32h7xx_hal_uart.o
    0x08009984   0x08009984   0x000000ce   Code   RO         5402    i.UART_RxISR_8BIT   stm32h7xx_hal_uart.o
    0x08009a52   0x08009a52   0x00000002   PAD
    0x08009a54   0x08009a54   0x000001c8   Code   RO         5403    i.UART_RxISR_8BIT_FIFOEN  stm32h7xx_hal_uart.o
    0x08009c1c   0x08009c1c   0x0000058c   Code   RO         5404    i.UART_SetConfig    stm32h7xx_hal_uart.o
    0x0800a1a8   0x0800a1a8   0x000000d4   Code   RO         5405    i.UART_Start_Receive_DMA  stm32h7xx_hal_uart.o
    0x0800a27c   0x0800a27c   0x00000170   Code   RO         5406    i.UART_Start_Receive_IT  stm32h7xx_hal_uart.o
    0x0800a3ec   0x0800a3ec   0x000000fe   Code   RO         5411    i.UART_WaitOnFlagUntilTimeout  stm32h7xx_hal_uart.o
    0x0800a4ea   0x0800a4ea   0x00000002   PAD
    0x0800a4ec   0x0800a4ec   0x00000010   Code   RO          596    i.USART2_IRQHandler  stm32h7xx_it.o
    0x0800a4fc   0x0800a4fc   0x00000010   Code   RO          597    i.USART3_IRQHandler  stm32h7xx_it.o
    0x0800a50c   0x0800a50c   0x00000004   Code   RO          598    i.UsageFault_Handler  stm32h7xx_it.o
    0x0800a510   0x0800a510   0x00000030   Code   RO         6057    i.__ARM_fpclassify  m_wv.l(fpclassify.o)
    0x0800a540   0x0800a540   0x00000010   Code   RO          932    i.__NVIC_GetPriorityGrouping  stm32h7xx_hal_cortex.o
    0x0800a550   0x0800a550   0x00000028   Code   RO          933    i.__NVIC_SetPriority  stm32h7xx_hal_cortex.o
    0x0800a578   0x0800a578   0x00000200   Code   RO         5986    i.__hardfp_atan     m_wv.l(atan.o)
    0x0800a778   0x0800a778   0x000001c8   Code   RO         5930    i.__hardfp_atan2    m_wv.l(atan2.o)
    0x0800a940   0x0800a940   0x000000b0   Code   RO         5942    i.__hardfp_cos      m_wv.l(cos.o)
    0x0800a9f0   0x0800a9f0   0x000000b0   Code   RO         5954    i.__hardfp_sin      m_wv.l(sin.o)
    0x0800aaa0   0x0800aaa0   0x00000066   Code   RO         5966    i.__hardfp_sqrt     m_wv.l(sqrt.o)
    0x0800ab06   0x0800ab06   0x00000002   PAD
    0x0800ab08   0x0800ab08   0x00000310   Code   RO         6024    i.__ieee754_rem_pio2  m_wv.l(rred.o)
    0x0800ae18   0x0800ae18   0x000000e0   Code   RO         6000    i.__kernel_cos      m_wv.l(cos_i.o)
    0x0800aef8   0x0800aef8   0x00000070   Code   RO         6059    i.__kernel_poly     m_wv.l(poly.o)
    0x0800af68   0x0800af68   0x000000a8   Code   RO         6029    i.__kernel_sin      m_wv.l(sin_i.o)
    0x0800b010   0x0800b010   0x00000006   Code   RO         6004    i.__mathlib_dbl_infnan  m_wv.l(dunder.o)
    0x0800b016   0x0800b016   0x00000006   Code   RO         6005    i.__mathlib_dbl_infnan2  m_wv.l(dunder.o)
    0x0800b01c   0x0800b01c   0x00000004   PAD
    0x0800b020   0x0800b020   0x00000018   Code   RO         6006    i.__mathlib_dbl_invalid  m_wv.l(dunder.o)
    0x0800b038   0x0800b038   0x00000018   Code   RO         6009    i.__mathlib_dbl_underflow  m_wv.l(dunder.o)
    0x0800b050   0x0800b050   0x00000020   Code   RO          194    i.ababab            main.o
    0x0800b070   0x0800b070   0x00000010   Code   RO         5988    i.atan              m_wv.l(atan.o)
    0x0800b080   0x0800b080   0x0000012c   Code   RO           15    i.data_update       lidar.o
    0x0800b1ac   0x0800b1ac   0x00000018   Code   RO         6019    i.fabs              m_wv.l(fabs.o)
    0x0800b1c4   0x0800b1c4   0x00000120   Code   RO          195    i.main              main.o
    0x0800b2e4   0x0800b2e4   0x00000050   Code   RO          196    i.msg_transfer      main.o
    0x0800b334   0x0800b334   0x0000000a   Code   RO         6146    x$fpl$fpinit        fz_wv.l(fpinit.o)
    0x0800b33e   0x0800b33e   0x00000000   Code   RO         5985    x$fpl$usenofp       fz_wv.l(usenofp.o)
    0x0800b33e   0x0800b33e   0x00000002   PAD
    0x0800b340   0x0800b340   0x00000034   Data   RO           17    .constdata          lidar.o
    0x0800b374   0x0800b374   0x00000008   Data   RO         1788    .constdata          stm32h7xx_hal_dma.o
    0x0800b37c   0x0800b37c   0x0000005c   Data   RO         3478    .constdata          stm32h7xx_hal_fdcan.o
    0x0800b3d8   0x0800b3d8   0x00000018   Data   RO         5412    .constdata          stm32h7xx_hal_uart.o
    0x0800b3f0   0x0800b3f0   0x00000010   Data   RO         5782    .constdata          stm32h7xx_hal_uart_ex.o
    0x0800b400   0x0800b400   0x00000010   Data   RO         5886    .constdata          system_stm32h7xx.o
    0x0800b410   0x0800b410   0x00000098   Data   RO         5989    .constdata          m_wv.l(atan.o)
    0x0800b4a8   0x0800b4a8   0x00000030   Data   RO         6001    .constdata          m_wv.l(cos_i.o)
    0x0800b4d8   0x0800b4d8   0x00000008   Data   RO         6023    .constdata          m_wv.l(qnan.o)
    0x0800b4e0   0x0800b4e0   0x000000c8   Data   RO         6026    .constdata          m_wv.l(rred.o)
    0x0800b5a8   0x0800b5a8   0x00000028   Data   RO         6030    .constdata          m_wv.l(sin_i.o)
    0x0800b5d0   0x0800b5d0   0x00000020   Data   RO         6204    Region$$Table       anon$$obj.o


    Execution Region RW_IRAM2 (Exec base: 0x24000000, Load base: 0x0800b5f0, Size: 0x00057ab8, Max: 0x00080000, ABSOLUTE)

    Exec Addr    Load Addr    Size         Type   Attr      Idx    E Section Name        Object

    0x24000000   0x0800b5f0   0x0000001e   Data   RW           18    .data               lidar.o
    0x2400001e   0x0800b60e   0x00000002   PAD
    0x24000020   0x0800b610   0x0000002e   Data   RW          204    .data               main.o
    0x2400004e   0x0800b63e   0x00000002   PAD
    0x24000050   0x0800b640   0x00000004   Data   RW          377    .data               fdcan.o
    0x24000054   0x0800b644   0x00000004   Data   RW          869    .data               rgb.o
    0x24000058   0x0800b648   0x00000009   Data   RW         2526    .data               stm32h7xx_hal.o
    0x24000061   0x0800b651   0x00000003   PAD
    0x24000064   0x0800b654   0x00000008   Data   RW         5887    .data               system_stm32h7xx.o
    0x2400006c        -       0x00014030   Zero   RW           16    .bss                lidar.o
    0x2401409c        -       0x0000216c   Zero   RW          203    .bss                main.o
    0x24016208        -       0x00000140   Zero   RW          376    .bss                fdcan.o
    0x24016348        -       0x00000088   Zero   RW          424    .bss                spi.o
    0x240163d0        -       0x0000015c   Zero   RW          469    .bss                tim.o
    0x2401652c        -       0x000002a0   Zero   RW          528    .bss                usart.o
    0x240167cc        -       0x0000004c   Zero   RW          764    .bss                stm32h7xx_hal_timebase_tim.o
    0x24016818        -       0x0000023a   Zero   RW          868    .bss                rgb.o
    0x24016a52   0x0800b65c   0x00000002   PAD
    0x24016a54        -       0x00000060   Zero   RW         6062    .bss                c_w.l(libspace.o)
    0x24016ab4   0x0800b65c   0x00000004   PAD
    0x24016ab8        -       0x0003f000   Zero   RW            2    HEAP                startup_stm32h743xx.o
    0x24055ab8        -       0x00002000   Zero   RW            1    STACK               startup_stm32h743xx.o


==============================================================================

Image component sizes


      Code (inc. data)   RO Data    RW Data    ZI Data      Debug   Object Name

        84          4          0          0          0        890   dma.o
       616         44          0          4        320       2728   fdcan.o
       384         12          0          0          0       4548   fdcan_bsp.o
       412         24          0          0          0       1263   gpio.o
      2036        164         52         30      81968    1332977   lidar.o
      1150        140          0         46       8556       6733   main.o
      1028         46          0          4        570       3689   rgb.o
       280         20          0          0        136       1869   spi.o
        64         26        664          0     266240        840   startup_stm32h743xx.o
       184         38          0          9          0      22677   stm32h7xx_hal.o
       258         22          0          0          0      39238   stm32h7xx_hal_cortex.o
      8662        168          8          0          0      13270   stm32h7xx_hal_dma.o
      3586         52         92          0          0      22524   stm32h7xx_hal_fdcan.o
       520         52          0          0          0       2216   stm32h7xx_hal_gpio.o
        36          4          0          0          0        922   stm32h7xx_hal_msp.o
        96          6          0          0          0        769   stm32h7xx_hal_pwr_ex.o
      3660        118          0          0          0       7617   stm32h7xx_hal_rcc.o
      4784        110          0          0          0       7229   stm32h7xx_hal_rcc_ex.o
       410         12          0          0          0       2127   stm32h7xx_hal_spi.o
      4058        310          0          0          0      22442   stm32h7xx_hal_tim.o
       390         38          0          0          0       4056   stm32h7xx_hal_tim_ex.o
       160         20          0          0         76       1640   stm32h7xx_hal_timebase_tim.o
      6176        204         24          0          0      43080   stm32h7xx_hal_uart.o
       360         10         16          0          0       5510   stm32h7xx_hal_uart_ex.o
       244         80          0          0          0      10626   stm32h7xx_it.o
       252         40         16          8          0       1390   system_stm32h7xx.o
       776         68          0          0        348       3956   tim.o
       920         74          0          0        672       3520   usart.o

    ----------------------------------------------------------------------
     41622       1906        904        108     358888    1570346   Object Totals
         0          0         32          0          0          0   (incl. Generated)
        36          0          0          7          2          0   (incl. Padding)

    ----------------------------------------------------------------------

      Code (inc. data)   RO Data    RW Data    ZI Data      Debug   Library Member Name

         8          0          0          0          0         68   __main.o
         0          0          0          0          0          0   __rtentry.o
        12          0          0          0          0          0   __rtentry2.o
         6          0          0          0          0          0   __rtentry4.o
        52          8          0          0          0          0   __scatter.o
        26          0          0          0          0          0   __scatter_copy.o
        28          0          0          0          0          0   __scatter_zi.o
        22          0          0          0          0        100   _rserrno.o
        18          0          0          0          0         80   exit.o
         6          0          0          0          0        152   heapauxi.o
         0          0          0          0          0          0   indicate_semi.o
         2          0          0          0          0          0   libinit.o
         6          0          0          0          0          0   libinit2.o
         2          0          0          0          0          0   libshutdown.o
         2          0          0          0          0          0   libshutdown2.o
         8          4          0          0         96         68   libspace.o
       238          0          0          0          0        100   lludivv7m.o
         8          4          0          0          0         68   rt_errno_addr_intlibspace.o
        78          0          0          0          0         80   rt_memclr_w.o
       100          0          0          0          0         80   rt_memcpy_w.o
         2          0          0          0          0          0   rtexit.o
        10          0          0          0          0          0   rtexit2.o
        12          4          0          0          0         68   sys_exit.o
        74          0          0          0          0         80   sys_stackheap_outer.o
         2          0          0          0          0         68   use_no_semi.o
        10          0          0          0          0        116   fpinit.o
         0          0          0          0          0          0   usenofp.o
       528        110        152          0          0        348   atan.o
       456         64          0          0          0        188   atan2.o
       176         18          0          0          0        156   cos.o
       224         42         48          0          0        184   cos_i.o
        60         28          0          0          0        464   dunder.o
        24          0          0          0          0        124   fabs.o
        48          0          0          0          0        124   fpclassify.o
       112          0          0          0          0        116   poly.o
         0          0          8          0          0          0   qnan.o
       784        138        200          0          0        172   rred.o
       176         18          0          0          0        160   sin.o
       168         24         40          0          0        196   sin_i.o
       102          0          0          0          0        140   sqrt.o

    ----------------------------------------------------------------------
      3602        462        448          0        100       3500   Library Totals
        12          0          0          0          4          0   (incl. Padding)

    ----------------------------------------------------------------------

      Code (inc. data)   RO Data    RW Data    ZI Data      Debug   Library Name

       722         20          0          0         96       1012   c_w.l
        10          0          0          0          0        116   fz_wv.l
      2858        442        448          0          0       2372   m_wv.l

    ----------------------------------------------------------------------
      3602        462        448          0        100       3500   Library Totals

    ----------------------------------------------------------------------

==============================================================================


      Code (inc. data)   RO Data    RW Data    ZI Data      Debug   

     45224       2368       1352        108     358988    1553430   Grand Totals
     45224       2368       1352        108     358988    1553430   ELF Image Totals
     45224       2368       1352        108          0          0   ROM Totals

==============================================================================

    Total RO  Size (Code + RO Data)                46576 (  45.48kB)
    Total RW  Size (RW Data + ZI Data)            359096 ( 350.68kB)
    Total ROM Size (Code + RO Data + RW Data)      46684 (  45.59kB)

==============================================================================

